ARM GAS  C:\Users\HERMIN~1\AppData\Local\Temp\ccBb6Ls5.s 			page 1


   1              		.cpu cortex-m0
   2              		.fpu softvfp
   3              		.eabi_attribute 20, 1
   4              		.eabi_attribute 21, 1
   5              		.eabi_attribute 23, 3
   6              		.eabi_attribute 24, 1
   7              		.eabi_attribute 25, 1
   8              		.eabi_attribute 26, 1
   9              		.eabi_attribute 30, 6
  10              		.eabi_attribute 34, 0
  11              		.eabi_attribute 18, 4
  12              		.code	16
  13              		.file	"main.c"
  14              		.text
  15              	.Ltext0:
  16              		.cfi_sections	.debug_frame
  17              		.section	.text.main,"ax",%progbits
  18              		.align	2
  19              		.global	main
  20              		.code	16
  21              		.thumb_func
  22              		.type	main, %function
  23              	main:
  24              	.LFB34:
  25              		.file 1 ".\\main.c"
   1:.\main.c      **** /*******************************************************************************
   2:.\main.c      **** * File Name: main.c
   3:.\main.c      **** *
   4:.\main.c      **** * Version: 1.20
   5:.\main.c      **** *
   6:.\main.c      **** * Description:
   7:.\main.c      **** *  This example project demonstrates the basic operation of the I2C master
   8:.\main.c      **** *  (SCB mode) component. The I2C master sends a packet with a command to
   9:.\main.c      **** *  the I2C slave to control the RGB LED color. The packet with a status
  10:.\main.c      **** *  is read back.
  11:.\main.c      **** *  For more information refer to the example project datasheet.
  12:.\main.c      **** *
  13:.\main.c      **** ********************************************************************************
  14:.\main.c      **** * Copyright 2014-2015, Cypress Semiconductor Corporation. All rights reserved.
  15:.\main.c      **** * This software is owned by Cypress Semiconductor Corporation and is protected
  16:.\main.c      **** * by and subject to worldwide patent and copyright laws and treaties.
  17:.\main.c      **** * Therefore, you may use this software only as provided in the license agreement
  18:.\main.c      **** * accompanying the software package from which you obtained this software.
  19:.\main.c      **** * CYPRESS AND ITS SUPPLIERS MAKE NO WARRANTY OF ANY KIND, EXPRESS OR IMPLIED,
  20:.\main.c      **** * WITH REGARD TO THIS SOFTWARE, INCLUDING, BUT NOT LIMITED TO, NONINFRINGEMENT,
  21:.\main.c      **** * IMPLIED WARRANTIES OF MERCHANTABILITY AND FITNESS FOR A PARTICULAR PURPOSE.
  22:.\main.c      **** *******************************************************************************/
  23:.\main.c      **** 
  24:.\main.c      **** #include "main.h"
  25:.\main.c      **** 
  26:.\main.c      **** 
  27:.\main.c      **** /*******************************************************************************
  28:.\main.c      **** * Function Name: main
  29:.\main.c      **** ********************************************************************************
  30:.\main.c      **** * Summary:
  31:.\main.c      **** *  The main function performs the following actions:
  32:.\main.c      **** *   1. Turns off the RGB LED.
ARM GAS  C:\Users\HERMIN~1\AppData\Local\Temp\ccBb6Ls5.s 			page 2


  33:.\main.c      **** *   2. Starts the I2C master (SCB mode) component.
  34:.\main.c      **** *   3. Enables global interrupts.
  35:.\main.c      **** *   4. Sends command and status packets to the slave every 500mS.
  36:.\main.c      **** *
  37:.\main.c      **** * Parameters:
  38:.\main.c      **** *  None
  39:.\main.c      **** *
  40:.\main.c      **** * Return:
  41:.\main.c      **** *  None
  42:.\main.c      **** *
  43:.\main.c      **** *******************************************************************************/
  44:.\main.c      **** int main()
  45:.\main.c      **** {
  26              		.loc 1 45 0
  27              		.cfi_startproc
  28 0000 80B5     		push	{r7, lr}
  29              		.cfi_def_cfa_offset 8
  30              		.cfi_offset 7, -8
  31              		.cfi_offset 14, -4
  32 0002 82B0     		sub	sp, sp, #8
  33              		.cfi_def_cfa_offset 16
  34 0004 00AF     		add	r7, sp, #0
  35              		.cfi_def_cfa_register 7
  46:.\main.c      ****     uint8 command = CMD_SET_RED;
  36              		.loc 1 46 0
  37 0006 FB1D     		add	r3, r7, #7
  38 0008 0122     		mov	r2, #1
  39 000a 1A70     		strb	r2, [r3]
  47:.\main.c      **** 
  48:.\main.c      ****     RGB_LED_OFF;
  40              		.loc 1 48 0
  41 000c 0120     		mov	r0, #1
  42 000e FFF7FEFF 		bl	LED_RED_Write
  43 0012 0120     		mov	r0, #1
  44 0014 FFF7FEFF 		bl	LED_GREEN_Write
  49:.\main.c      **** 
  50:.\main.c      ****     I2CM_Start();
  45              		.loc 1 50 0
  46 0018 FFF7FEFF 		bl	I2CM_Start
  51:.\main.c      **** 
  52:.\main.c      ****     CyGlobalIntEnable;
  47              		.loc 1 52 0
  48              	@ 52 ".\main.c" 1
  49 001c 62B6     		CPSIE   i
  50              	@ 0 "" 2
  51              		.code	16
  52              	.L4:
  53:.\main.c      **** 
  54:.\main.c      ****     /***************************************************************************
  55:.\main.c      ****     * Main polling loop
  56:.\main.c      ****     ***************************************************************************/
  57:.\main.c      ****     for(;;)
  58:.\main.c      ****     {
  59:.\main.c      ****         /* Send packet with command to the slave */
  60:.\main.c      ****         if (0u == WriteCommandPacket(command))
  53              		.loc 1 60 0
  54 001e FB1D     		add	r3, r7, #7
ARM GAS  C:\Users\HERMIN~1\AppData\Local\Temp\ccBb6Ls5.s 			page 3


  55 0020 1B78     		ldrb	r3, [r3]
  56 0022 181C     		mov	r0, r3
  57 0024 FFF7FEFF 		bl	WriteCommandPacket
  58 0028 031E     		sub	r3, r0, #0
  59 002a 15D1     		bne	.L2
  61:.\main.c      ****         {
  62:.\main.c      ****             /* Read response packet from the slave */
  63:.\main.c      ****             if (0u == ReadStatusPacket())
  60              		.loc 1 63 0
  61 002c FFF7FEFF 		bl	ReadStatusPacket
  62 0030 031E     		sub	r3, r0, #0
  63 0032 11D1     		bne	.L2
  64:.\main.c      ****             {
  65:.\main.c      ****                 /* Next command to be written */
  66:.\main.c      ****                 command++;
  64              		.loc 1 66 0
  65 0034 FB1D     		add	r3, r7, #7
  66 0036 1A78     		ldrb	r2, [r3]
  67 0038 FB1D     		add	r3, r7, #7
  68 003a 0132     		add	r2, r2, #1
  69 003c 1A70     		strb	r2, [r3]
  67:.\main.c      ****                 if (command > CMD_SET_BLUE)
  70              		.loc 1 67 0
  71 003e FB1D     		add	r3, r7, #7
  72 0040 1B78     		ldrb	r3, [r3]
  73 0042 032B     		cmp	r3, #3
  74 0044 02D9     		bls	.L3
  68:.\main.c      ****                 {
  69:.\main.c      ****                     command = CMD_SET_OFF;
  75              		.loc 1 69 0
  76 0046 FB1D     		add	r3, r7, #7
  77 0048 0022     		mov	r2, #0
  78 004a 1A70     		strb	r2, [r3]
  79              	.L3:
  70:.\main.c      ****                 }
  71:.\main.c      **** 
  72:.\main.c      ****                 /* Turn off status LED */
  73:.\main.c      ****                 RGB_LED_OFF;
  80              		.loc 1 73 0
  81 004c 0120     		mov	r0, #1
  82 004e FFF7FEFF 		bl	LED_RED_Write
  83 0052 0120     		mov	r0, #1
  84 0054 FFF7FEFF 		bl	LED_GREEN_Write
  85              	.L2:
  74:.\main.c      ****             }
  75:.\main.c      ****         }
  76:.\main.c      **** 
  77:.\main.c      ****         CyDelay(CMD_TO_CMD_DELAY); /* Delay between commands */
  86              		.loc 1 77 0
  87 0058 FA23     		mov	r3, #250
  88 005a 5B00     		lsl	r3, r3, #1
  89 005c 181C     		mov	r0, r3
  90 005e FFF7FEFF 		bl	CyDelay
  78:.\main.c      ****     }
  91              		.loc 1 78 0
  92 0062 DCE7     		b	.L4
  93              		.cfi_endproc
ARM GAS  C:\Users\HERMIN~1\AppData\Local\Temp\ccBb6Ls5.s 			page 4


  94              	.LFE34:
  95              		.size	main, .-main
  96              		.section	.text.WriteCommandPacket,"ax",%progbits
  97              		.align	2
  98              		.global	WriteCommandPacket
  99              		.code	16
 100              		.thumb_func
 101              		.type	WriteCommandPacket, %function
 102              	WriteCommandPacket:
 103              	.LFB35:
  79:.\main.c      **** }
  80:.\main.c      **** 
  81:.\main.c      **** 
  82:.\main.c      **** /*******************************************************************************
  83:.\main.c      **** * Function Name: WriteCommandPacket
  84:.\main.c      **** ********************************************************************************
  85:.\main.c      **** * Summary:
  86:.\main.c      **** *  Master initiates the transfer to write command packet into the slave.
  87:.\main.c      **** *  The status of the transfer is returned.
  88:.\main.c      **** *
  89:.\main.c      **** * Parameters:
  90:.\main.c      **** *  cmd: command to execute. Available commands:
  91:.\main.c      **** *   - CMD_SET_RED:   set red color of the LED.
  92:.\main.c      **** *   - CMD_SET_GREEN: set green color of the LED.
  93:.\main.c      **** *   - CMD_SET_BLUE:  set blue color of the LED.
  94:.\main.c      **** *   - CMD_SET_OFF:   turn off the LED.
  95:.\main.c      **** *
  96:.\main.c      **** * Return:
  97:.\main.c      **** *  Returns status of the transfer. There are two statuses
  98:.\main.c      **** *  - TRANSFER_CMPLT: transfer completed successfully.
  99:.\main.c      **** *  - TRANSFER_ERROR: the error occurred while transfer.
 100:.\main.c      **** *
 101:.\main.c      **** *******************************************************************************/
 102:.\main.c      **** uint32 WriteCommandPacket(uint8 cmd)
 103:.\main.c      **** {
 104              		.loc 1 103 0
 105              		.cfi_startproc
 106 0000 80B5     		push	{r7, lr}
 107              		.cfi_def_cfa_offset 8
 108              		.cfi_offset 7, -8
 109              		.cfi_offset 14, -4
 110 0002 84B0     		sub	sp, sp, #16
 111              		.cfi_def_cfa_offset 24
 112 0004 00AF     		add	r7, sp, #0
 113              		.cfi_def_cfa_register 7
 114 0006 021C     		mov	r2, r0
 115 0008 FB1D     		add	r3, r7, #7
 116 000a 1A70     		strb	r2, [r3]
 104:.\main.c      ****     uint8  buffer[BUFFER_SIZE];
 105:.\main.c      ****     uint32 status = TRANSFER_ERROR;
 117              		.loc 1 105 0
 118 000c FF23     		mov	r3, #255
 119 000e FB60     		str	r3, [r7, #12]
 106:.\main.c      **** 
 107:.\main.c      ****     /* Initialize buffer with packet */
 108:.\main.c      ****     buffer[PACKET_SOP_POS] = PACKET_SOP;
 120              		.loc 1 108 0
ARM GAS  C:\Users\HERMIN~1\AppData\Local\Temp\ccBb6Ls5.s 			page 5


 121 0010 0823     		mov	r3, #8
 122 0012 FB18     		add	r3, r7, r3
 123 0014 0122     		mov	r2, #1
 124 0016 1A70     		strb	r2, [r3]
 109:.\main.c      ****     buffer[PACKET_CMD_POS] = cmd;
 125              		.loc 1 109 0
 126 0018 0823     		mov	r3, #8
 127 001a FB18     		add	r3, r7, r3
 128 001c FA1D     		add	r2, r7, #7
 129 001e 1278     		ldrb	r2, [r2]
 130 0020 5A70     		strb	r2, [r3, #1]
 110:.\main.c      ****     buffer[PACKET_EOP_POS] = PACKET_EOP;
 131              		.loc 1 110 0
 132 0022 0823     		mov	r3, #8
 133 0024 FB18     		add	r3, r7, r3
 134 0026 1722     		mov	r2, #23
 135 0028 9A70     		strb	r2, [r3, #2]
 111:.\main.c      **** 
 112:.\main.c      ****     (void) I2CM_I2CMasterWriteBuf(I2C_SLAVE_ADDR, buffer, PACKET_SIZE, \
 136              		.loc 1 112 0
 137 002a 0823     		mov	r3, #8
 138 002c FB18     		add	r3, r7, r3
 139 002e 0820     		mov	r0, #8
 140 0030 191C     		mov	r1, r3
 141 0032 0322     		mov	r2, #3
 142 0034 0023     		mov	r3, #0
 143 0036 FFF7FEFF 		bl	I2CM_I2CMasterWriteBuf
 113:.\main.c      ****                                   I2CM_I2C_MODE_COMPLETE_XFER);
 114:.\main.c      **** 
 115:.\main.c      ****     /* Waits until master completes write transfer */
 116:.\main.c      ****     while (0u == (I2CM_I2CMasterStatus() & I2CM_I2C_MSTAT_WR_CMPLT))
 144              		.loc 1 116 0
 145 003a C046     		mov	r8, r8
 146              	.L6:
 147              		.loc 1 116 0 is_stmt 0 discriminator 1
 148 003c FFF7FEFF 		bl	I2CM_I2CMasterStatus
 149 0040 021C     		mov	r2, r0
 150 0042 0223     		mov	r3, #2
 151 0044 1340     		and	r3, r2
 152 0046 F9D0     		beq	.L6
 117:.\main.c      ****     {
 118:.\main.c      ****     }
 119:.\main.c      **** 
 120:.\main.c      ****     /* Displays transfer status */
 121:.\main.c      ****     if (0u == (I2CM_I2C_MSTAT_ERR_XFER & I2CM_I2CMasterStatus()))
 153              		.loc 1 121 0 is_stmt 1
 154 0048 FFF7FEFF 		bl	I2CM_I2CMasterStatus
 155 004c 021C     		mov	r2, r0
 156 004e 8023     		mov	r3, #128
 157 0050 9B00     		lsl	r3, r3, #2
 158 0052 1340     		and	r3, r2
 159 0054 0DD1     		bne	.L7
 122:.\main.c      ****     {
 123:.\main.c      ****         /* Check if all bytes was written */
 124:.\main.c      ****         if (I2CM_I2CMasterGetWriteBufSize() == BUFFER_SIZE)
 160              		.loc 1 124 0
 161 0056 FFF7FEFF 		bl	I2CM_I2CMasterGetWriteBufSize
ARM GAS  C:\Users\HERMIN~1\AppData\Local\Temp\ccBb6Ls5.s 			page 6


 162 005a 031E     		sub	r3, r0, #0
 163 005c 032B     		cmp	r3, #3
 164 005e 0ED1     		bne	.L9
 125:.\main.c      ****         {
 126:.\main.c      ****             RGB_LED_ON_GREEN;
 165              		.loc 1 126 0
 166 0060 0120     		mov	r0, #1
 167 0062 FFF7FEFF 		bl	LED_RED_Write
 168 0066 0020     		mov	r0, #0
 169 0068 FFF7FEFF 		bl	LED_GREEN_Write
 127:.\main.c      ****             status = TRANSFER_CMPLT;
 170              		.loc 1 127 0
 171 006c 0023     		mov	r3, #0
 172 006e FB60     		str	r3, [r7, #12]
 173 0070 05E0     		b	.L9
 174              	.L7:
 128:.\main.c      ****         }
 129:.\main.c      ****     }
 130:.\main.c      ****     else
 131:.\main.c      ****     {
 132:.\main.c      ****         RGB_LED_ON_RED;
 175              		.loc 1 132 0
 176 0072 0020     		mov	r0, #0
 177 0074 FFF7FEFF 		bl	LED_RED_Write
 178 0078 0120     		mov	r0, #1
 179 007a FFF7FEFF 		bl	LED_GREEN_Write
 180              	.L9:
 133:.\main.c      ****     }
 134:.\main.c      **** 
 135:.\main.c      ****     (void) I2CM_I2CMasterClearStatus();
 181              		.loc 1 135 0
 182 007e FFF7FEFF 		bl	I2CM_I2CMasterClearStatus
 136:.\main.c      **** 
 137:.\main.c      ****     return (status);
 183              		.loc 1 137 0
 184 0082 FB68     		ldr	r3, [r7, #12]
 138:.\main.c      **** }
 185              		.loc 1 138 0
 186 0084 181C     		mov	r0, r3
 187 0086 BD46     		mov	sp, r7
 188 0088 04B0     		add	sp, sp, #16
 189              		@ sp needed
 190 008a 80BD     		pop	{r7, pc}
 191              		.cfi_endproc
 192              	.LFE35:
 193              		.size	WriteCommandPacket, .-WriteCommandPacket
 194              		.section	.text.ReadStatusPacket,"ax",%progbits
 195              		.align	2
 196              		.global	ReadStatusPacket
 197              		.code	16
 198              		.thumb_func
 199              		.type	ReadStatusPacket, %function
 200              	ReadStatusPacket:
 201              	.LFB36:
 139:.\main.c      **** 
 140:.\main.c      **** 
 141:.\main.c      **** /*******************************************************************************
ARM GAS  C:\Users\HERMIN~1\AppData\Local\Temp\ccBb6Ls5.s 			page 7


 142:.\main.c      **** * Function Name: ReadStatusPacket
 143:.\main.c      **** ********************************************************************************
 144:.\main.c      **** * Summary:
 145:.\main.c      **** *  Master initiates the transfer to read status packet from the slave.
 146:.\main.c      **** *  The status of the transfer is returned.
 147:.\main.c      **** *
 148:.\main.c      **** * Parameters:
 149:.\main.c      **** *  None
 150:.\main.c      **** *
 151:.\main.c      **** * Return:
 152:.\main.c      **** *  Returns status of the transfer. There are two statuses
 153:.\main.c      **** *  - TRANSFER_CMPLT: transfer completed successfully.
 154:.\main.c      **** *  - TRANSFER_ERROR: the error occurred while transfer.
 155:.\main.c      **** *
 156:.\main.c      **** *******************************************************************************/
 157:.\main.c      **** uint32 ReadStatusPacket(void)
 158:.\main.c      **** {
 202              		.loc 1 158 0
 203              		.cfi_startproc
 204 0000 80B5     		push	{r7, lr}
 205              		.cfi_def_cfa_offset 8
 206              		.cfi_offset 7, -8
 207              		.cfi_offset 14, -4
 208 0002 82B0     		sub	sp, sp, #8
 209              		.cfi_def_cfa_offset 16
 210 0004 00AF     		add	r7, sp, #0
 211              		.cfi_def_cfa_register 7
 159:.\main.c      ****     uint8  buffer[BUFFER_SIZE];
 160:.\main.c      ****     uint32 status = TRANSFER_ERROR;
 212              		.loc 1 160 0
 213 0006 FF23     		mov	r3, #255
 214 0008 7B60     		str	r3, [r7, #4]
 161:.\main.c      **** 
 162:.\main.c      ****     (void) I2CM_I2CMasterReadBuf(I2C_SLAVE_ADDR, buffer, PACKET_SIZE, \
 215              		.loc 1 162 0
 216 000a 3B1C     		mov	r3, r7
 217 000c 0820     		mov	r0, #8
 218 000e 191C     		mov	r1, r3
 219 0010 0322     		mov	r2, #3
 220 0012 0023     		mov	r3, #0
 221 0014 FFF7FEFF 		bl	I2CM_I2CMasterReadBuf
 163:.\main.c      ****                                  I2CM_I2C_MODE_COMPLETE_XFER);
 164:.\main.c      **** 
 165:.\main.c      ****     /* Waits until master complete read transfer */
 166:.\main.c      ****     while (0u == (I2CM_I2CMasterStatus() & I2CM_I2C_MSTAT_RD_CMPLT))
 222              		.loc 1 166 0
 223 0018 C046     		mov	r8, r8
 224              	.L12:
 225              		.loc 1 166 0 is_stmt 0 discriminator 1
 226 001a FFF7FEFF 		bl	I2CM_I2CMasterStatus
 227 001e 021C     		mov	r2, r0
 228 0020 0123     		mov	r3, #1
 229 0022 1340     		and	r3, r2
 230 0024 F9D0     		beq	.L12
 167:.\main.c      ****     {
 168:.\main.c      ****     }
 169:.\main.c      **** 
ARM GAS  C:\Users\HERMIN~1\AppData\Local\Temp\ccBb6Ls5.s 			page 8


 170:.\main.c      ****     /* Displays transfer status */
 171:.\main.c      ****     if (0u == (I2CM_I2C_MSTAT_ERR_XFER & I2CM_I2CMasterStatus()))
 231              		.loc 1 171 0 is_stmt 1
 232 0026 FFF7FEFF 		bl	I2CM_I2CMasterStatus
 233 002a 021C     		mov	r2, r0
 234 002c 8023     		mov	r3, #128
 235 002e 9B00     		lsl	r3, r3, #2
 236 0030 1340     		and	r3, r2
 237 0032 19D1     		bne	.L13
 172:.\main.c      ****     {
 173:.\main.c      ****         /* Check packet structure */
 174:.\main.c      ****         if ((I2CM_I2CMasterGetReadBufSize() == BUFFER_SIZE) &&
 238              		.loc 1 174 0
 239 0034 FFF7FEFF 		bl	I2CM_I2CMasterGetReadBufSize
 240 0038 031E     		sub	r3, r0, #0
 241 003a 032B     		cmp	r3, #3
 242 003c 1CD1     		bne	.L15
 175:.\main.c      ****             (PACKET_SOP == buffer[PACKET_SOP_POS]) &&
 243              		.loc 1 175 0 discriminator 1
 244 003e 3B1C     		mov	r3, r7
 245 0040 1B78     		ldrb	r3, [r3]
 174:.\main.c      ****             (PACKET_SOP == buffer[PACKET_SOP_POS]) &&
 246              		.loc 1 174 0 discriminator 1
 247 0042 012B     		cmp	r3, #1
 248 0044 18D1     		bne	.L15
 176:.\main.c      ****             (PACKET_EOP == buffer[PACKET_EOP_POS]))
 249              		.loc 1 176 0
 250 0046 3B1C     		mov	r3, r7
 251 0048 9B78     		ldrb	r3, [r3, #2]
 175:.\main.c      ****             (PACKET_SOP == buffer[PACKET_SOP_POS]) &&
 252              		.loc 1 175 0
 253 004a 172B     		cmp	r3, #23
 254 004c 14D1     		bne	.L15
 177:.\main.c      ****         {
 178:.\main.c      ****             /* Check packet status */
 179:.\main.c      ****             if (STS_CMD_DONE == buffer[PACKET_STS_POS])
 255              		.loc 1 179 0
 256 004e 3B1C     		mov	r3, r7
 257 0050 5B78     		ldrb	r3, [r3, #1]
 258 0052 002B     		cmp	r3, #0
 259 0054 10D1     		bne	.L15
 180:.\main.c      ****             {
 181:.\main.c      ****                 RGB_LED_ON_GREEN;
 260              		.loc 1 181 0
 261 0056 0120     		mov	r0, #1
 262 0058 FFF7FEFF 		bl	LED_RED_Write
 263 005c 0020     		mov	r0, #0
 264 005e FFF7FEFF 		bl	LED_GREEN_Write
 182:.\main.c      ****                 status = TRANSFER_CMPLT;
 265              		.loc 1 182 0
 266 0062 0023     		mov	r3, #0
 267 0064 7B60     		str	r3, [r7, #4]
 268 0066 07E0     		b	.L15
 269              	.L13:
 183:.\main.c      ****             }
 184:.\main.c      ****         }
 185:.\main.c      ****     }
ARM GAS  C:\Users\HERMIN~1\AppData\Local\Temp\ccBb6Ls5.s 			page 9


 186:.\main.c      ****     else
 187:.\main.c      ****     {
 188:.\main.c      ****         RGB_LED_ON_RED;
 270              		.loc 1 188 0
 271 0068 0020     		mov	r0, #0
 272 006a FFF7FEFF 		bl	LED_RED_Write
 273 006e 0120     		mov	r0, #1
 274 0070 FFF7FEFF 		bl	LED_GREEN_Write
 189:.\main.c      ****         status = TRANSFER_ERROR;
 275              		.loc 1 189 0
 276 0074 FF23     		mov	r3, #255
 277 0076 7B60     		str	r3, [r7, #4]
 278              	.L15:
 190:.\main.c      ****     }
 191:.\main.c      **** 
 192:.\main.c      ****     (void) I2CM_I2CMasterClearStatus();
 279              		.loc 1 192 0
 280 0078 FFF7FEFF 		bl	I2CM_I2CMasterClearStatus
 193:.\main.c      **** 
 194:.\main.c      ****     return (status);
 281              		.loc 1 194 0
 282 007c 7B68     		ldr	r3, [r7, #4]
 195:.\main.c      **** }
 283              		.loc 1 195 0
 284 007e 181C     		mov	r0, r3
 285 0080 BD46     		mov	sp, r7
 286 0082 02B0     		add	sp, sp, #8
 287              		@ sp needed
 288 0084 80BD     		pop	{r7, pc}
 289              		.cfi_endproc
 290              	.LFE36:
 291              		.size	ReadStatusPacket, .-ReadStatusPacket
 292 0086 C046     		.text
 293              	.Letext0:
 294              		.file 2 "Generated_Source\\PSoC4/cytypes.h"
 295              		.section	.debug_info,"",%progbits
 296              	.Ldebug_info0:
 297 0000 56010000 		.4byte	0x156
 298 0004 0400     		.2byte	0x4
 299 0006 00000000 		.4byte	.Ldebug_abbrev0
 300 000a 04       		.byte	0x4
 301 000b 01       		.uleb128 0x1
 302 000c 90000000 		.4byte	.LASF21
 303 0010 01       		.byte	0x1
 304 0011 9C010000 		.4byte	.LASF22
 305 0015 22000000 		.4byte	.LASF23
 306 0019 00000000 		.4byte	.Ldebug_ranges0+0
 307 001d 00000000 		.4byte	0
 308 0021 00000000 		.4byte	.Ldebug_line0
 309 0025 02       		.uleb128 0x2
 310 0026 01       		.byte	0x1
 311 0027 06       		.byte	0x6
 312 0028 77010000 		.4byte	.LASF0
 313 002c 02       		.uleb128 0x2
 314 002d 01       		.byte	0x1
 315 002e 08       		.byte	0x8
 316 002f 2F010000 		.4byte	.LASF1
ARM GAS  C:\Users\HERMIN~1\AppData\Local\Temp\ccBb6Ls5.s 			page 10


 317 0033 02       		.uleb128 0x2
 318 0034 02       		.byte	0x2
 319 0035 05       		.byte	0x5
 320 0036 4B010000 		.4byte	.LASF2
 321 003a 02       		.uleb128 0x2
 322 003b 02       		.byte	0x2
 323 003c 07       		.byte	0x7
 324 003d 64010000 		.4byte	.LASF3
 325 0041 02       		.uleb128 0x2
 326 0042 04       		.byte	0x4
 327 0043 05       		.byte	0x5
 328 0044 42010000 		.4byte	.LASF4
 329 0048 02       		.uleb128 0x2
 330 0049 04       		.byte	0x4
 331 004a 07       		.byte	0x7
 332 004b 67000000 		.4byte	.LASF5
 333 004f 02       		.uleb128 0x2
 334 0050 08       		.byte	0x8
 335 0051 05       		.byte	0x5
 336 0052 00000000 		.4byte	.LASF6
 337 0056 02       		.uleb128 0x2
 338 0057 08       		.byte	0x8
 339 0058 07       		.byte	0x7
 340 0059 79000000 		.4byte	.LASF7
 341 005d 03       		.uleb128 0x3
 342 005e 04       		.byte	0x4
 343 005f 05       		.byte	0x5
 344 0060 696E7400 		.ascii	"int\000"
 345 0064 02       		.uleb128 0x2
 346 0065 04       		.byte	0x4
 347 0066 07       		.byte	0x7
 348 0067 15000000 		.4byte	.LASF8
 349 006b 04       		.uleb128 0x4
 350 006c 61000000 		.4byte	.LASF9
 351 0070 02       		.byte	0x2
 352 0071 3801     		.2byte	0x138
 353 0073 2C000000 		.4byte	0x2c
 354 0077 04       		.uleb128 0x4
 355 0078 A5010000 		.4byte	.LASF10
 356 007c 02       		.byte	0x2
 357 007d 3901     		.2byte	0x139
 358 007f 3A000000 		.4byte	0x3a
 359 0083 04       		.uleb128 0x4
 360 0084 0E000000 		.4byte	.LASF11
 361 0088 02       		.byte	0x2
 362 0089 3A01     		.2byte	0x13a
 363 008b 48000000 		.4byte	0x48
 364 008f 02       		.uleb128 0x2
 365 0090 04       		.byte	0x4
 366 0091 04       		.byte	0x4
 367 0092 96010000 		.4byte	.LASF12
 368 0096 02       		.uleb128 0x2
 369 0097 08       		.byte	0x8
 370 0098 04       		.byte	0x4
 371 0099 5D010000 		.4byte	.LASF13
 372 009d 02       		.uleb128 0x2
 373 009e 01       		.byte	0x1
ARM GAS  C:\Users\HERMIN~1\AppData\Local\Temp\ccBb6Ls5.s 			page 11


 374 009f 08       		.byte	0x8
 375 00a0 3D010000 		.4byte	.LASF14
 376 00a4 02       		.uleb128 0x2
 377 00a5 04       		.byte	0x4
 378 00a6 07       		.byte	0x7
 379 00a7 B3010000 		.4byte	.LASF15
 380 00ab 05       		.uleb128 0x5
 381 00ac 55000000 		.4byte	.LASF19
 382 00b0 01       		.byte	0x1
 383 00b1 2C       		.byte	0x2c
 384 00b2 5D000000 		.4byte	0x5d
 385 00b6 00000000 		.4byte	.LFB34
 386 00ba 64000000 		.4byte	.LFE34-.LFB34
 387 00be 01       		.uleb128 0x1
 388 00bf 9C       		.byte	0x9c
 389 00c0 D3000000 		.4byte	0xd3
 390 00c4 06       		.uleb128 0x6
 391 00c5 55010000 		.4byte	.LASF16
 392 00c9 01       		.byte	0x1
 393 00ca 2E       		.byte	0x2e
 394 00cb 6B000000 		.4byte	0x6b
 395 00cf 02       		.uleb128 0x2
 396 00d0 91       		.byte	0x91
 397 00d1 77       		.sleb128 -9
 398 00d2 00       		.byte	0
 399 00d3 07       		.uleb128 0x7
 400 00d4 83010000 		.4byte	.LASF24
 401 00d8 01       		.byte	0x1
 402 00d9 66       		.byte	0x66
 403 00da 83000000 		.4byte	0x83
 404 00de 00000000 		.4byte	.LFB35
 405 00e2 8C000000 		.4byte	.LFE35-.LFB35
 406 00e6 01       		.uleb128 0x1
 407 00e7 9C       		.byte	0x9c
 408 00e8 17010000 		.4byte	0x117
 409 00ec 08       		.uleb128 0x8
 410 00ed 636D6400 		.ascii	"cmd\000"
 411 00f1 01       		.byte	0x1
 412 00f2 66       		.byte	0x66
 413 00f3 6B000000 		.4byte	0x6b
 414 00f7 02       		.uleb128 0x2
 415 00f8 91       		.byte	0x91
 416 00f9 6F       		.sleb128 -17
 417 00fa 06       		.uleb128 0x6
 418 00fb AC010000 		.4byte	.LASF17
 419 00ff 01       		.byte	0x1
 420 0100 68       		.byte	0x68
 421 0101 17010000 		.4byte	0x117
 422 0105 02       		.uleb128 0x2
 423 0106 91       		.byte	0x91
 424 0107 70       		.sleb128 -16
 425 0108 06       		.uleb128 0x6
 426 0109 5A000000 		.4byte	.LASF18
 427 010d 01       		.byte	0x1
 428 010e 69       		.byte	0x69
 429 010f 83000000 		.4byte	0x83
 430 0113 02       		.uleb128 0x2
ARM GAS  C:\Users\HERMIN~1\AppData\Local\Temp\ccBb6Ls5.s 			page 12


 431 0114 91       		.byte	0x91
 432 0115 74       		.sleb128 -12
 433 0116 00       		.byte	0
 434 0117 09       		.uleb128 0x9
 435 0118 6B000000 		.4byte	0x6b
 436 011c 27010000 		.4byte	0x127
 437 0120 0A       		.uleb128 0xa
 438 0121 A4000000 		.4byte	0xa4
 439 0125 02       		.byte	0x2
 440 0126 00       		.byte	0
 441 0127 0B       		.uleb128 0xb
 442 0128 1E010000 		.4byte	.LASF20
 443 012c 01       		.byte	0x1
 444 012d 9D       		.byte	0x9d
 445 012e 83000000 		.4byte	0x83
 446 0132 00000000 		.4byte	.LFB36
 447 0136 86000000 		.4byte	.LFE36-.LFB36
 448 013a 01       		.uleb128 0x1
 449 013b 9C       		.byte	0x9c
 450 013c 06       		.uleb128 0x6
 451 013d AC010000 		.4byte	.LASF17
 452 0141 01       		.byte	0x1
 453 0142 9F       		.byte	0x9f
 454 0143 17010000 		.4byte	0x117
 455 0147 02       		.uleb128 0x2
 456 0148 91       		.byte	0x91
 457 0149 70       		.sleb128 -16
 458 014a 06       		.uleb128 0x6
 459 014b 5A000000 		.4byte	.LASF18
 460 014f 01       		.byte	0x1
 461 0150 A0       		.byte	0xa0
 462 0151 83000000 		.4byte	0x83
 463 0155 02       		.uleb128 0x2
 464 0156 91       		.byte	0x91
 465 0157 74       		.sleb128 -12
 466 0158 00       		.byte	0
 467 0159 00       		.byte	0
 468              		.section	.debug_abbrev,"",%progbits
 469              	.Ldebug_abbrev0:
 470 0000 01       		.uleb128 0x1
 471 0001 11       		.uleb128 0x11
 472 0002 01       		.byte	0x1
 473 0003 25       		.uleb128 0x25
 474 0004 0E       		.uleb128 0xe
 475 0005 13       		.uleb128 0x13
 476 0006 0B       		.uleb128 0xb
 477 0007 03       		.uleb128 0x3
 478 0008 0E       		.uleb128 0xe
 479 0009 1B       		.uleb128 0x1b
 480 000a 0E       		.uleb128 0xe
 481 000b 55       		.uleb128 0x55
 482 000c 17       		.uleb128 0x17
 483 000d 11       		.uleb128 0x11
 484 000e 01       		.uleb128 0x1
 485 000f 10       		.uleb128 0x10
 486 0010 17       		.uleb128 0x17
 487 0011 00       		.byte	0
ARM GAS  C:\Users\HERMIN~1\AppData\Local\Temp\ccBb6Ls5.s 			page 13


 488 0012 00       		.byte	0
 489 0013 02       		.uleb128 0x2
 490 0014 24       		.uleb128 0x24
 491 0015 00       		.byte	0
 492 0016 0B       		.uleb128 0xb
 493 0017 0B       		.uleb128 0xb
 494 0018 3E       		.uleb128 0x3e
 495 0019 0B       		.uleb128 0xb
 496 001a 03       		.uleb128 0x3
 497 001b 0E       		.uleb128 0xe
 498 001c 00       		.byte	0
 499 001d 00       		.byte	0
 500 001e 03       		.uleb128 0x3
 501 001f 24       		.uleb128 0x24
 502 0020 00       		.byte	0
 503 0021 0B       		.uleb128 0xb
 504 0022 0B       		.uleb128 0xb
 505 0023 3E       		.uleb128 0x3e
 506 0024 0B       		.uleb128 0xb
 507 0025 03       		.uleb128 0x3
 508 0026 08       		.uleb128 0x8
 509 0027 00       		.byte	0
 510 0028 00       		.byte	0
 511 0029 04       		.uleb128 0x4
 512 002a 16       		.uleb128 0x16
 513 002b 00       		.byte	0
 514 002c 03       		.uleb128 0x3
 515 002d 0E       		.uleb128 0xe
 516 002e 3A       		.uleb128 0x3a
 517 002f 0B       		.uleb128 0xb
 518 0030 3B       		.uleb128 0x3b
 519 0031 05       		.uleb128 0x5
 520 0032 49       		.uleb128 0x49
 521 0033 13       		.uleb128 0x13
 522 0034 00       		.byte	0
 523 0035 00       		.byte	0
 524 0036 05       		.uleb128 0x5
 525 0037 2E       		.uleb128 0x2e
 526 0038 01       		.byte	0x1
 527 0039 3F       		.uleb128 0x3f
 528 003a 19       		.uleb128 0x19
 529 003b 03       		.uleb128 0x3
 530 003c 0E       		.uleb128 0xe
 531 003d 3A       		.uleb128 0x3a
 532 003e 0B       		.uleb128 0xb
 533 003f 3B       		.uleb128 0x3b
 534 0040 0B       		.uleb128 0xb
 535 0041 49       		.uleb128 0x49
 536 0042 13       		.uleb128 0x13
 537 0043 11       		.uleb128 0x11
 538 0044 01       		.uleb128 0x1
 539 0045 12       		.uleb128 0x12
 540 0046 06       		.uleb128 0x6
 541 0047 40       		.uleb128 0x40
 542 0048 18       		.uleb128 0x18
 543 0049 9642     		.uleb128 0x2116
 544 004b 19       		.uleb128 0x19
ARM GAS  C:\Users\HERMIN~1\AppData\Local\Temp\ccBb6Ls5.s 			page 14


 545 004c 01       		.uleb128 0x1
 546 004d 13       		.uleb128 0x13
 547 004e 00       		.byte	0
 548 004f 00       		.byte	0
 549 0050 06       		.uleb128 0x6
 550 0051 34       		.uleb128 0x34
 551 0052 00       		.byte	0
 552 0053 03       		.uleb128 0x3
 553 0054 0E       		.uleb128 0xe
 554 0055 3A       		.uleb128 0x3a
 555 0056 0B       		.uleb128 0xb
 556 0057 3B       		.uleb128 0x3b
 557 0058 0B       		.uleb128 0xb
 558 0059 49       		.uleb128 0x49
 559 005a 13       		.uleb128 0x13
 560 005b 02       		.uleb128 0x2
 561 005c 18       		.uleb128 0x18
 562 005d 00       		.byte	0
 563 005e 00       		.byte	0
 564 005f 07       		.uleb128 0x7
 565 0060 2E       		.uleb128 0x2e
 566 0061 01       		.byte	0x1
 567 0062 3F       		.uleb128 0x3f
 568 0063 19       		.uleb128 0x19
 569 0064 03       		.uleb128 0x3
 570 0065 0E       		.uleb128 0xe
 571 0066 3A       		.uleb128 0x3a
 572 0067 0B       		.uleb128 0xb
 573 0068 3B       		.uleb128 0x3b
 574 0069 0B       		.uleb128 0xb
 575 006a 27       		.uleb128 0x27
 576 006b 19       		.uleb128 0x19
 577 006c 49       		.uleb128 0x49
 578 006d 13       		.uleb128 0x13
 579 006e 11       		.uleb128 0x11
 580 006f 01       		.uleb128 0x1
 581 0070 12       		.uleb128 0x12
 582 0071 06       		.uleb128 0x6
 583 0072 40       		.uleb128 0x40
 584 0073 18       		.uleb128 0x18
 585 0074 9642     		.uleb128 0x2116
 586 0076 19       		.uleb128 0x19
 587 0077 01       		.uleb128 0x1
 588 0078 13       		.uleb128 0x13
 589 0079 00       		.byte	0
 590 007a 00       		.byte	0
 591 007b 08       		.uleb128 0x8
 592 007c 05       		.uleb128 0x5
 593 007d 00       		.byte	0
 594 007e 03       		.uleb128 0x3
 595 007f 08       		.uleb128 0x8
 596 0080 3A       		.uleb128 0x3a
 597 0081 0B       		.uleb128 0xb
 598 0082 3B       		.uleb128 0x3b
 599 0083 0B       		.uleb128 0xb
 600 0084 49       		.uleb128 0x49
 601 0085 13       		.uleb128 0x13
ARM GAS  C:\Users\HERMIN~1\AppData\Local\Temp\ccBb6Ls5.s 			page 15


 602 0086 02       		.uleb128 0x2
 603 0087 18       		.uleb128 0x18
 604 0088 00       		.byte	0
 605 0089 00       		.byte	0
 606 008a 09       		.uleb128 0x9
 607 008b 01       		.uleb128 0x1
 608 008c 01       		.byte	0x1
 609 008d 49       		.uleb128 0x49
 610 008e 13       		.uleb128 0x13
 611 008f 01       		.uleb128 0x1
 612 0090 13       		.uleb128 0x13
 613 0091 00       		.byte	0
 614 0092 00       		.byte	0
 615 0093 0A       		.uleb128 0xa
 616 0094 21       		.uleb128 0x21
 617 0095 00       		.byte	0
 618 0096 49       		.uleb128 0x49
 619 0097 13       		.uleb128 0x13
 620 0098 2F       		.uleb128 0x2f
 621 0099 0B       		.uleb128 0xb
 622 009a 00       		.byte	0
 623 009b 00       		.byte	0
 624 009c 0B       		.uleb128 0xb
 625 009d 2E       		.uleb128 0x2e
 626 009e 01       		.byte	0x1
 627 009f 3F       		.uleb128 0x3f
 628 00a0 19       		.uleb128 0x19
 629 00a1 03       		.uleb128 0x3
 630 00a2 0E       		.uleb128 0xe
 631 00a3 3A       		.uleb128 0x3a
 632 00a4 0B       		.uleb128 0xb
 633 00a5 3B       		.uleb128 0x3b
 634 00a6 0B       		.uleb128 0xb
 635 00a7 27       		.uleb128 0x27
 636 00a8 19       		.uleb128 0x19
 637 00a9 49       		.uleb128 0x49
 638 00aa 13       		.uleb128 0x13
 639 00ab 11       		.uleb128 0x11
 640 00ac 01       		.uleb128 0x1
 641 00ad 12       		.uleb128 0x12
 642 00ae 06       		.uleb128 0x6
 643 00af 40       		.uleb128 0x40
 644 00b0 18       		.uleb128 0x18
 645 00b1 9642     		.uleb128 0x2116
 646 00b3 19       		.uleb128 0x19
 647 00b4 00       		.byte	0
 648 00b5 00       		.byte	0
 649 00b6 00       		.byte	0
 650              		.section	.debug_aranges,"",%progbits
 651 0000 2C000000 		.4byte	0x2c
 652 0004 0200     		.2byte	0x2
 653 0006 00000000 		.4byte	.Ldebug_info0
 654 000a 04       		.byte	0x4
 655 000b 00       		.byte	0
 656 000c 0000     		.2byte	0
 657 000e 0000     		.2byte	0
 658 0010 00000000 		.4byte	.LFB34
ARM GAS  C:\Users\HERMIN~1\AppData\Local\Temp\ccBb6Ls5.s 			page 16


 659 0014 64000000 		.4byte	.LFE34-.LFB34
 660 0018 00000000 		.4byte	.LFB35
 661 001c 8C000000 		.4byte	.LFE35-.LFB35
 662 0020 00000000 		.4byte	.LFB36
 663 0024 86000000 		.4byte	.LFE36-.LFB36
 664 0028 00000000 		.4byte	0
 665 002c 00000000 		.4byte	0
 666              		.section	.debug_ranges,"",%progbits
 667              	.Ldebug_ranges0:
 668 0000 00000000 		.4byte	.LFB34
 669 0004 64000000 		.4byte	.LFE34
 670 0008 00000000 		.4byte	.LFB35
 671 000c 8C000000 		.4byte	.LFE35
 672 0010 00000000 		.4byte	.LFB36
 673 0014 86000000 		.4byte	.LFE36
 674 0018 00000000 		.4byte	0
 675 001c 00000000 		.4byte	0
 676              		.section	.debug_line,"",%progbits
 677              	.Ldebug_line0:
 678 0000 B9000000 		.section	.debug_str,"MS",%progbits,1
 678      02004300 
 678      00000201 
 678      FB0E0D00 
 678      01010101 
 679              	.LASF6:
 680 0000 6C6F6E67 		.ascii	"long long int\000"
 680      206C6F6E 
 680      6720696E 
 680      7400
 681              	.LASF11:
 682 000e 75696E74 		.ascii	"uint32\000"
 682      333200
 683              	.LASF8:
 684 0015 756E7369 		.ascii	"unsigned int\000"
 684      676E6564 
 684      20696E74 
 684      00
 685              	.LASF23:
 686 0022 433A5C70 		.ascii	"C:\\projekts\\Gunshow_PSoC\\SCB_I2cCommMaster01.cyd"
 686      726F6A65 
 686      6B74735C 
 686      47756E73 
 686      686F775F 
 687 0052 736E00   		.ascii	"sn\000"
 688              	.LASF19:
 689 0055 6D61696E 		.ascii	"main\000"
 689      00
 690              	.LASF18:
 691 005a 73746174 		.ascii	"status\000"
 691      757300
 692              	.LASF9:
 693 0061 75696E74 		.ascii	"uint8\000"
 693      3800
 694              	.LASF5:
 695 0067 6C6F6E67 		.ascii	"long unsigned int\000"
 695      20756E73 
 695      69676E65 
ARM GAS  C:\Users\HERMIN~1\AppData\Local\Temp\ccBb6Ls5.s 			page 17


 695      6420696E 
 695      7400
 696              	.LASF7:
 697 0079 6C6F6E67 		.ascii	"long long unsigned int\000"
 697      206C6F6E 
 697      6720756E 
 697      7369676E 
 697      65642069 
 698              	.LASF21:
 699 0090 474E5520 		.ascii	"GNU C 4.9.3 20150303 (release) [ARM/embedded-4_9-br"
 699      4320342E 
 699      392E3320 
 699      32303135 
 699      30333033 
 700 00c3 616E6368 		.ascii	"anch revision 221220] -mcpu=cortex-m0 -mthumb -g -O"
 700      20726576 
 700      6973696F 
 700      6E203232 
 700      31323230 
 701 00f6 30202D66 		.ascii	"0 -ffunction-sections -ffat-lto-objects\000"
 701      66756E63 
 701      74696F6E 
 701      2D736563 
 701      74696F6E 
 702              	.LASF20:
 703 011e 52656164 		.ascii	"ReadStatusPacket\000"
 703      53746174 
 703      75735061 
 703      636B6574 
 703      00
 704              	.LASF1:
 705 012f 756E7369 		.ascii	"unsigned char\000"
 705      676E6564 
 705      20636861 
 705      7200
 706              	.LASF14:
 707 013d 63686172 		.ascii	"char\000"
 707      00
 708              	.LASF4:
 709 0142 6C6F6E67 		.ascii	"long int\000"
 709      20696E74 
 709      00
 710              	.LASF2:
 711 014b 73686F72 		.ascii	"short int\000"
 711      7420696E 
 711      7400
 712              	.LASF16:
 713 0155 636F6D6D 		.ascii	"command\000"
 713      616E6400 
 714              	.LASF13:
 715 015d 646F7562 		.ascii	"double\000"
 715      6C6500
 716              	.LASF3:
 717 0164 73686F72 		.ascii	"short unsigned int\000"
 717      7420756E 
 717      7369676E 
 717      65642069 
ARM GAS  C:\Users\HERMIN~1\AppData\Local\Temp\ccBb6Ls5.s 			page 18


 717      6E7400
 718              	.LASF0:
 719 0177 7369676E 		.ascii	"signed char\000"
 719      65642063 
 719      68617200 
 720              	.LASF24:
 721 0183 57726974 		.ascii	"WriteCommandPacket\000"
 721      65436F6D 
 721      6D616E64 
 721      5061636B 
 721      657400
 722              	.LASF12:
 723 0196 666C6F61 		.ascii	"float\000"
 723      7400
 724              	.LASF22:
 725 019c 2E5C6D61 		.ascii	".\\main.c\000"
 725      696E2E63 
 725      00
 726              	.LASF10:
 727 01a5 75696E74 		.ascii	"uint16\000"
 727      313600
 728              	.LASF17:
 729 01ac 62756666 		.ascii	"buffer\000"
 729      657200
 730              	.LASF15:
 731 01b3 73697A65 		.ascii	"sizetype\000"
 731      74797065 
 731      00
 732              		.ident	"GCC: (GNU Tools for ARM Embedded Processors) 4.9.3 20150303 (release) [ARM/embedded-4_9-br
