Archive member included because of file (symbol)

.\CortexM0\ARM_GCC_493\Debug\SCB_I2cCommMaster01.a(cyfitter_cfg.o)
                              .\CortexM0\ARM_GCC_493\Debug\Cm0Start.o (cyfitter_cfg)
.\CortexM0\ARM_GCC_493\Debug\SCB_I2cCommMaster01.a(I2CM.o)
                              .\CortexM0\ARM_GCC_493\Debug\main.o (I2CM_Start)
.\CortexM0\ARM_GCC_493\Debug\SCB_I2cCommMaster01.a(I2CM_I2C.o)
                              .\CortexM0\ARM_GCC_493\Debug\SCB_I2cCommMaster01.a(I2CM.o) (I2CM_I2CInit)
.\CortexM0\ARM_GCC_493\Debug\SCB_I2cCommMaster01.a(I2CM_I2C_MASTER.o)
                              .\CortexM0\ARM_GCC_493\Debug\SCB_I2cCommMaster01.a(I2CM_I2C.o) (I2CM_mstrStatus)
.\CortexM0\ARM_GCC_493\Debug\SCB_I2cCommMaster01.a(LED_RED.o)
                              .\CortexM0\ARM_GCC_493\Debug\main.o (LED_RED_Write)
.\CortexM0\ARM_GCC_493\Debug\SCB_I2cCommMaster01.a(LED_GREEN.o)
                              .\CortexM0\ARM_GCC_493\Debug\main.o (LED_GREEN_Write)
.\CortexM0\ARM_GCC_493\Debug\SCB_I2cCommMaster01.a(I2CM_sda.o)
                              .\CortexM0\ARM_GCC_493\Debug\SCB_I2cCommMaster01.a(I2CM_I2C_MASTER.o) (I2CM_sda_Read)
.\CortexM0\ARM_GCC_493\Debug\SCB_I2cCommMaster01.a(I2CM_scl.o)
                              .\CortexM0\ARM_GCC_493\Debug\SCB_I2cCommMaster01.a(I2CM_I2C_MASTER.o) (I2CM_scl_Write)
.\CortexM0\ARM_GCC_493\Debug\SCB_I2cCommMaster01.a(CyLib.o)
                              .\CortexM0\ARM_GCC_493\Debug\SCB_I2cCommMaster01.a(cyfitter_cfg.o) (CySysClkWriteImoFreq)
.\CortexM0\ARM_GCC_493\Debug\SCB_I2cCommMaster01.a(I2CM_I2C_INT.o)
                              .\CortexM0\ARM_GCC_493\Debug\SCB_I2cCommMaster01.a(I2CM_I2C.o) (I2CM_I2C_ISR)
.\CortexM0\ARM_GCC_493\Debug\SCB_I2cCommMaster01.a(CyBootAsmGnu.o)
                              .\CortexM0\ARM_GCC_493\Debug\SCB_I2cCommMaster01.a(CyLib.o) (CyDelayCycles)
c:/program files (x86)/cypress/psoc creator/3.3/psoc creator/import/gnu/arm/4.9.3/bin/../lib/gcc/arm-none-eabi/4.9.3/armv6-m\libgcc.a(_udivsi3.o)
                              .\CortexM0\ARM_GCC_493\Debug\SCB_I2cCommMaster01.a(CyLib.o) (__aeabi_uidiv)
c:/program files (x86)/cypress/psoc creator/3.3/psoc creator/import/gnu/arm/4.9.3/bin/../lib/gcc/arm-none-eabi/4.9.3/armv6-m\libgcc.a(_dvmd_tls.o)
                              c:/program files (x86)/cypress/psoc creator/3.3/psoc creator/import/gnu/arm/4.9.3/bin/../lib/gcc/arm-none-eabi/4.9.3/armv6-m\libgcc.a(_udivsi3.o) (__aeabi_idiv0)
c:/program files (x86)/cypress/psoc creator/3.3/psoc creator/import/gnu/arm/4.9.3/bin/../lib/gcc/arm-none-eabi/4.9.3/../../../../arm-none-eabi/lib/armv6-m\libg_nano.a(lib_a-errno.o)
                              .\CortexM0\ARM_GCC_493\Debug\Cm0Start.o (__errno)
c:/program files (x86)/cypress/psoc creator/3.3/psoc creator/import/gnu/arm/4.9.3/bin/../lib/gcc/arm-none-eabi/4.9.3/../../../../arm-none-eabi/lib/armv6-m\libg_nano.a(lib_a-exit.o)
                              c:/program files (x86)/cypress/psoc creator/3.3/psoc creator/import/gnu/arm/4.9.3/bin/../lib/gcc/arm-none-eabi/4.9.3/../../../../arm-none-eabi/lib/armv6-m/crt0.o (exit)
c:/program files (x86)/cypress/psoc creator/3.3/psoc creator/import/gnu/arm/4.9.3/bin/../lib/gcc/arm-none-eabi/4.9.3/../../../../arm-none-eabi/lib/armv6-m\libg_nano.a(lib_a-impure.o)
                              c:/program files (x86)/cypress/psoc creator/3.3/psoc creator/import/gnu/arm/4.9.3/bin/../lib/gcc/arm-none-eabi/4.9.3/../../../../arm-none-eabi/lib/armv6-m\libg_nano.a(lib_a-exit.o) (_global_impure_ptr)
c:/program files (x86)/cypress/psoc creator/3.3/psoc creator/import/gnu/arm/4.9.3/bin/../lib/gcc/arm-none-eabi/4.9.3/../../../../arm-none-eabi/lib/armv6-m\libg_nano.a(lib_a-init.o)
                              c:/program files (x86)/cypress/psoc creator/3.3/psoc creator/import/gnu/arm/4.9.3/bin/../lib/gcc/arm-none-eabi/4.9.3/../../../../arm-none-eabi/lib/armv6-m/crt0.o (__libc_init_array)
c:/program files (x86)/cypress/psoc creator/3.3/psoc creator/import/gnu/arm/4.9.3/bin/../lib/gcc/arm-none-eabi/4.9.3/../../../../arm-none-eabi/lib/armv6-m\libg_nano.a(lib_a-memcpy.o)
                              .\CortexM0\ARM_GCC_493\Debug\SCB_I2cCommMaster01.a(cyfitter_cfg.o) (memcpy)
c:/program files (x86)/cypress/psoc creator/3.3/psoc creator/import/gnu/arm/4.9.3/bin/../lib/gcc/arm-none-eabi/4.9.3/../../../../arm-none-eabi/lib/armv6-m\libg_nano.a(lib_a-memset.o)
                              c:/program files (x86)/cypress/psoc creator/3.3/psoc creator/import/gnu/arm/4.9.3/bin/../lib/gcc/arm-none-eabi/4.9.3/../../../../arm-none-eabi/lib/armv6-m/crt0.o (memset)

Allocating common symbols
Common symbol       size              file

I2CM_state          0x1               .\CortexM0\ARM_GCC_493\Debug\SCB_I2cCommMaster01.a(I2CM_I2C.o)
I2CM_mstrRdBufPtr   0x4               .\CortexM0\ARM_GCC_493\Debug\SCB_I2cCommMaster01.a(I2CM_I2C_MASTER.o)
I2CM_mstrWrBufPtr   0x4               .\CortexM0\ARM_GCC_493\Debug\SCB_I2cCommMaster01.a(I2CM_I2C_MASTER.o)
I2CM_mstrRdBufIndex
                    0x4               .\CortexM0\ARM_GCC_493\Debug\SCB_I2cCommMaster01.a(I2CM_I2C_MASTER.o)
I2CM_mstrStatus     0x2               .\CortexM0\ARM_GCC_493\Debug\SCB_I2cCommMaster01.a(I2CM_I2C_MASTER.o)
I2CM_mstrWrBufIndex
                    0x4               .\CortexM0\ARM_GCC_493\Debug\SCB_I2cCommMaster01.a(I2CM_I2C_MASTER.o)
I2CM_mstrControl    0x1               .\CortexM0\ARM_GCC_493\Debug\SCB_I2cCommMaster01.a(I2CM_I2C_MASTER.o)
I2CM_mstrWrBufIndexTmp
                    0x4               .\CortexM0\ARM_GCC_493\Debug\SCB_I2cCommMaster01.a(I2CM_I2C_MASTER.o)
I2CM_mstrRdBufSize  0x4               .\CortexM0\ARM_GCC_493\Debug\SCB_I2cCommMaster01.a(I2CM_I2C_MASTER.o)
I2CM_mstrWrBufSize  0x4               .\CortexM0\ARM_GCC_493\Debug\SCB_I2cCommMaster01.a(I2CM_I2C_MASTER.o)

Discarded input sections

 .text          0x00000000        0x0 c:/program files (x86)/cypress/psoc creator/3.3/psoc creator/import/gnu/arm/4.9.3/bin/../lib/gcc/arm-none-eabi/4.9.3/armv6-m/crti.o
 .data          0x00000000        0x0 c:/program files (x86)/cypress/psoc creator/3.3/psoc creator/import/gnu/arm/4.9.3/bin/../lib/gcc/arm-none-eabi/4.9.3/armv6-m/crti.o
 .bss           0x00000000        0x0 c:/program files (x86)/cypress/psoc creator/3.3/psoc creator/import/gnu/arm/4.9.3/bin/../lib/gcc/arm-none-eabi/4.9.3/armv6-m/crti.o
 .data          0x00000000        0x4 c:/program files (x86)/cypress/psoc creator/3.3/psoc creator/import/gnu/arm/4.9.3/bin/../lib/gcc/arm-none-eabi/4.9.3/armv6-m/crtbegin.o
 .text          0x00000000       0x78 c:/program files (x86)/cypress/psoc creator/3.3/psoc creator/import/gnu/arm/4.9.3/bin/../lib/gcc/arm-none-eabi/4.9.3/../../../../arm-none-eabi/lib/armv6-m/crt0.o
 .data          0x00000000        0x0 c:/program files (x86)/cypress/psoc creator/3.3/psoc creator/import/gnu/arm/4.9.3/bin/../lib/gcc/arm-none-eabi/4.9.3/../../../../arm-none-eabi/lib/armv6-m/crt0.o
 .bss           0x00000000        0x0 c:/program files (x86)/cypress/psoc creator/3.3/psoc creator/import/gnu/arm/4.9.3/bin/../lib/gcc/arm-none-eabi/4.9.3/../../../../arm-none-eabi/lib/armv6-m/crt0.o
 .ARM.extab     0x00000000        0x0 c:/program files (x86)/cypress/psoc creator/3.3/psoc creator/import/gnu/arm/4.9.3/bin/../lib/gcc/arm-none-eabi/4.9.3/../../../../arm-none-eabi/lib/armv6-m/crt0.o
 .ARM.exidx     0x00000000        0x8 c:/program files (x86)/cypress/psoc creator/3.3/psoc creator/import/gnu/arm/4.9.3/bin/../lib/gcc/arm-none-eabi/4.9.3/../../../../arm-none-eabi/lib/armv6-m/crt0.o
 .text          0x00000000        0x0 .\CortexM0\ARM_GCC_493\Debug\main.o
 .data          0x00000000        0x0 .\CortexM0\ARM_GCC_493\Debug\main.o
 .bss           0x00000000        0x0 .\CortexM0\ARM_GCC_493\Debug\main.o
 .text          0x00000000        0x0 .\CortexM0\ARM_GCC_493\Debug\cymetadata.o
 .data          0x00000000        0x0 .\CortexM0\ARM_GCC_493\Debug\cymetadata.o
 .bss           0x00000000        0x0 .\CortexM0\ARM_GCC_493\Debug\cymetadata.o
 .text          0x00000000        0x0 .\CortexM0\ARM_GCC_493\Debug\Cm0Start.o
 .data          0x00000000        0x4 .\CortexM0\ARM_GCC_493\Debug\Cm0Start.o
 .bss           0x00000000        0x0 .\CortexM0\ARM_GCC_493\Debug\Cm0Start.o
 .text._exit    0x00000000       0x14 .\CortexM0\ARM_GCC_493\Debug\Cm0Start.o
 .text._sbrk    0x00000000       0x50 .\CortexM0\ARM_GCC_493\Debug\Cm0Start.o
 .text          0x00000000        0x0 .\CortexM0\ARM_GCC_493\Debug\SCB_I2cCommMaster01.a(cyfitter_cfg.o)
 .data          0x00000000        0x0 .\CortexM0\ARM_GCC_493\Debug\SCB_I2cCommMaster01.a(cyfitter_cfg.o)
 .bss           0x00000000        0x0 .\CortexM0\ARM_GCC_493\Debug\SCB_I2cCommMaster01.a(cyfitter_cfg.o)
 .text.CYCONFIGCPY
                0x00000000       0x24 .\CortexM0\ARM_GCC_493\Debug\SCB_I2cCommMaster01.a(cyfitter_cfg.o)
 .text.CYCONFIGCPYCODE
                0x00000000       0x24 .\CortexM0\ARM_GCC_493\Debug\SCB_I2cCommMaster01.a(cyfitter_cfg.o)
 .text          0x00000000        0x0 .\CortexM0\ARM_GCC_493\Debug\SCB_I2cCommMaster01.a(I2CM.o)
 .data          0x00000000        0x0 .\CortexM0\ARM_GCC_493\Debug\SCB_I2cCommMaster01.a(I2CM.o)
 .text.I2CM_Stop
                0x00000000       0x34 .\CortexM0\ARM_GCC_493\Debug\SCB_I2cCommMaster01.a(I2CM.o)
 .text.I2CM_SetRxFifoLevel
                0x00000000       0x34 .\CortexM0\ARM_GCC_493\Debug\SCB_I2cCommMaster01.a(I2CM.o)
 .text.I2CM_SetTxFifoLevel
                0x00000000       0x34 .\CortexM0\ARM_GCC_493\Debug\SCB_I2cCommMaster01.a(I2CM.o)
 .text.I2CM_SetCustomInterruptHandler
                0x00000000       0x18 .\CortexM0\ARM_GCC_493\Debug\SCB_I2cCommMaster01.a(I2CM.o)
 .text.I2CM_ScbModeStop
                0x00000000        0xc .\CortexM0\ARM_GCC_493\Debug\SCB_I2cCommMaster01.a(I2CM.o)
 .text.I2CM_I2CSlaveNackGeneration
                0x00000000       0x50 .\CortexM0\ARM_GCC_493\Debug\SCB_I2cCommMaster01.a(I2CM.o)
 .text          0x00000000        0x0 .\CortexM0\ARM_GCC_493\Debug\SCB_I2cCommMaster01.a(I2CM_I2C.o)
 .data          0x00000000        0x0 .\CortexM0\ARM_GCC_493\Debug\SCB_I2cCommMaster01.a(I2CM_I2C.o)
 .bss           0x00000000        0x0 .\CortexM0\ARM_GCC_493\Debug\SCB_I2cCommMaster01.a(I2CM_I2C.o)
 .text.I2CM_I2CStop
                0x00000000       0x14 .\CortexM0\ARM_GCC_493\Debug\SCB_I2cCommMaster01.a(I2CM_I2C.o)
 .text          0x00000000        0x0 .\CortexM0\ARM_GCC_493\Debug\SCB_I2cCommMaster01.a(I2CM_I2C_MASTER.o)
 .data          0x00000000        0x0 .\CortexM0\ARM_GCC_493\Debug\SCB_I2cCommMaster01.a(I2CM_I2C_MASTER.o)
 .bss           0x00000000        0x0 .\CortexM0\ARM_GCC_493\Debug\SCB_I2cCommMaster01.a(I2CM_I2C_MASTER.o)
 .text.I2CM_I2CMasterSendStart
                0x00000000      0x110 .\CortexM0\ARM_GCC_493\Debug\SCB_I2cCommMaster01.a(I2CM_I2C_MASTER.o)
 .text.I2CM_I2CMasterSendRestart
                0x00000000      0x108 .\CortexM0\ARM_GCC_493\Debug\SCB_I2cCommMaster01.a(I2CM_I2C_MASTER.o)
 .text.I2CM_I2CMasterSendStop
                0x00000000       0xbc .\CortexM0\ARM_GCC_493\Debug\SCB_I2cCommMaster01.a(I2CM_I2C_MASTER.o)
 .text.I2CM_I2CMasterWriteByte
                0x00000000       0xcc .\CortexM0\ARM_GCC_493\Debug\SCB_I2cCommMaster01.a(I2CM_I2C_MASTER.o)
 .text.I2CM_I2CMasterReadByte
                0x00000000       0xa8 .\CortexM0\ARM_GCC_493\Debug\SCB_I2cCommMaster01.a(I2CM_I2C_MASTER.o)
 .text.I2CM_I2CMasterClearReadBuf
                0x00000000       0x34 .\CortexM0\ARM_GCC_493\Debug\SCB_I2cCommMaster01.a(I2CM_I2C_MASTER.o)
 .text.I2CM_I2CMasterClearWriteBuf
                0x00000000       0x34 .\CortexM0\ARM_GCC_493\Debug\SCB_I2cCommMaster01.a(I2CM_I2C_MASTER.o)
 .text          0x00000000        0x0 .\CortexM0\ARM_GCC_493\Debug\SCB_I2cCommMaster01.a(LED_RED.o)
 .data          0x00000000        0x0 .\CortexM0\ARM_GCC_493\Debug\SCB_I2cCommMaster01.a(LED_RED.o)
 .bss           0x00000000        0x0 .\CortexM0\ARM_GCC_493\Debug\SCB_I2cCommMaster01.a(LED_RED.o)
 .text.LED_RED_SetDriveMode
                0x00000000       0x30 .\CortexM0\ARM_GCC_493\Debug\SCB_I2cCommMaster01.a(LED_RED.o)
 .text.LED_RED_Read
                0x00000000       0x1c .\CortexM0\ARM_GCC_493\Debug\SCB_I2cCommMaster01.a(LED_RED.o)
 .text.LED_RED_ReadDataReg
                0x00000000       0x1c .\CortexM0\ARM_GCC_493\Debug\SCB_I2cCommMaster01.a(LED_RED.o)
 .text.LED_RED_SetInterruptMode
                0x00000000       0x40 .\CortexM0\ARM_GCC_493\Debug\SCB_I2cCommMaster01.a(LED_RED.o)
 .text.LED_RED_ClearInterrupt
                0x00000000       0x30 .\CortexM0\ARM_GCC_493\Debug\SCB_I2cCommMaster01.a(LED_RED.o)
 .text          0x00000000        0x0 .\CortexM0\ARM_GCC_493\Debug\SCB_I2cCommMaster01.a(LED_GREEN.o)
 .data          0x00000000        0x0 .\CortexM0\ARM_GCC_493\Debug\SCB_I2cCommMaster01.a(LED_GREEN.o)
 .bss           0x00000000        0x0 .\CortexM0\ARM_GCC_493\Debug\SCB_I2cCommMaster01.a(LED_GREEN.o)
 .text.LED_GREEN_SetDriveMode
                0x00000000       0x30 .\CortexM0\ARM_GCC_493\Debug\SCB_I2cCommMaster01.a(LED_GREEN.o)
 .text.LED_GREEN_Read
                0x00000000       0x1c .\CortexM0\ARM_GCC_493\Debug\SCB_I2cCommMaster01.a(LED_GREEN.o)
 .text.LED_GREEN_ReadDataReg
                0x00000000       0x1c .\CortexM0\ARM_GCC_493\Debug\SCB_I2cCommMaster01.a(LED_GREEN.o)
 .text.LED_GREEN_SetInterruptMode
                0x00000000       0x40 .\CortexM0\ARM_GCC_493\Debug\SCB_I2cCommMaster01.a(LED_GREEN.o)
 .text.LED_GREEN_ClearInterrupt
                0x00000000       0x30 .\CortexM0\ARM_GCC_493\Debug\SCB_I2cCommMaster01.a(LED_GREEN.o)
 .text          0x00000000        0x0 .\CortexM0\ARM_GCC_493\Debug\SCB_I2cCommMaster01.a(I2CM_sda.o)
 .data          0x00000000        0x0 .\CortexM0\ARM_GCC_493\Debug\SCB_I2cCommMaster01.a(I2CM_sda.o)
 .bss           0x00000000        0x0 .\CortexM0\ARM_GCC_493\Debug\SCB_I2cCommMaster01.a(I2CM_sda.o)
 .text.I2CM_sda_SetDriveMode
                0x00000000       0x2c .\CortexM0\ARM_GCC_493\Debug\SCB_I2cCommMaster01.a(I2CM_sda.o)
 .text.I2CM_sda_Write
                0x00000000       0x4c .\CortexM0\ARM_GCC_493\Debug\SCB_I2cCommMaster01.a(I2CM_sda.o)
 .text.I2CM_sda_ReadDataReg
                0x00000000       0x1c .\CortexM0\ARM_GCC_493\Debug\SCB_I2cCommMaster01.a(I2CM_sda.o)
 .text.I2CM_sda_SetInterruptMode
                0x00000000       0x40 .\CortexM0\ARM_GCC_493\Debug\SCB_I2cCommMaster01.a(I2CM_sda.o)
 .text.I2CM_sda_ClearInterrupt
                0x00000000       0x30 .\CortexM0\ARM_GCC_493\Debug\SCB_I2cCommMaster01.a(I2CM_sda.o)
 .text          0x00000000        0x0 .\CortexM0\ARM_GCC_493\Debug\SCB_I2cCommMaster01.a(I2CM_scl.o)
 .data          0x00000000        0x0 .\CortexM0\ARM_GCC_493\Debug\SCB_I2cCommMaster01.a(I2CM_scl.o)
 .bss           0x00000000        0x0 .\CortexM0\ARM_GCC_493\Debug\SCB_I2cCommMaster01.a(I2CM_scl.o)
 .text.I2CM_scl_SetDriveMode
                0x00000000       0x2c .\CortexM0\ARM_GCC_493\Debug\SCB_I2cCommMaster01.a(I2CM_scl.o)
 .text.I2CM_scl_ReadDataReg
                0x00000000       0x1c .\CortexM0\ARM_GCC_493\Debug\SCB_I2cCommMaster01.a(I2CM_scl.o)
 .text.I2CM_scl_SetInterruptMode
                0x00000000       0x40 .\CortexM0\ARM_GCC_493\Debug\SCB_I2cCommMaster01.a(I2CM_scl.o)
 .text.I2CM_scl_ClearInterrupt
                0x00000000       0x2c .\CortexM0\ARM_GCC_493\Debug\SCB_I2cCommMaster01.a(I2CM_scl.o)
 .text          0x00000000        0x0 .\CortexM0\ARM_GCC_493\Debug\SCB_I2cCommMaster01.a(CyLib.o)
 .bss           0x00000000       0x18 .\CortexM0\ARM_GCC_493\Debug\SCB_I2cCommMaster01.a(CyLib.o)
 .text.CySysClkImoStart
                0x00000000       0x1c .\CortexM0\ARM_GCC_493\Debug\SCB_I2cCommMaster01.a(CyLib.o)
 .text.CySysClkImoStop
                0x00000000       0x18 .\CortexM0\ARM_GCC_493\Debug\SCB_I2cCommMaster01.a(CyLib.o)
 .text.CySysClkWriteHfclkDirect
                0x00000000       0x48 .\CortexM0\ARM_GCC_493\Debug\SCB_I2cCommMaster01.a(CyLib.o)
 .text.CySysClkGetSysclkSource
                0x00000000       0x34 .\CortexM0\ARM_GCC_493\Debug\SCB_I2cCommMaster01.a(CyLib.o)
 .text.CySysClkWriteSysclkDiv
                0x00000000       0x44 .\CortexM0\ARM_GCC_493\Debug\SCB_I2cCommMaster01.a(CyLib.o)
 .text.CySysLvdEnable
                0x00000000       0x60 .\CortexM0\ARM_GCC_493\Debug\SCB_I2cCommMaster01.a(CyLib.o)
 .text.CySysLvdDisable
                0x00000000       0x28 .\CortexM0\ARM_GCC_493\Debug\SCB_I2cCommMaster01.a(CyLib.o)
 .text.CySysLvdGetInterruptSource
                0x00000000       0x18 .\CortexM0\ARM_GCC_493\Debug\SCB_I2cCommMaster01.a(CyLib.o)
 .text.CySysLvdClearInterrupt
                0x00000000       0x14 .\CortexM0\ARM_GCC_493\Debug\SCB_I2cCommMaster01.a(CyLib.o)
 .text.CySysGetResetReason
                0x00000000       0x30 .\CortexM0\ARM_GCC_493\Debug\SCB_I2cCommMaster01.a(CyLib.o)
 .text.CyDisableInts
                0x00000000       0x24 .\CortexM0\ARM_GCC_493\Debug\SCB_I2cCommMaster01.a(CyLib.o)
 .text.CyEnableInts
                0x00000000       0x18 .\CortexM0\ARM_GCC_493\Debug\SCB_I2cCommMaster01.a(CyLib.o)
 .text.CyIntSetSysVector
                0x00000000       0x48 .\CortexM0\ARM_GCC_493\Debug\SCB_I2cCommMaster01.a(CyLib.o)
 .text.CyIntGetSysVector
                0x00000000       0x34 .\CortexM0\ARM_GCC_493\Debug\SCB_I2cCommMaster01.a(CyLib.o)
 .text.CyIntGetVector
                0x00000000       0x38 .\CortexM0\ARM_GCC_493\Debug\SCB_I2cCommMaster01.a(CyLib.o)
 .text.CyIntGetPriority
                0x00000000       0x5c .\CortexM0\ARM_GCC_493\Debug\SCB_I2cCommMaster01.a(CyLib.o)
 .text.CyIntGetState
                0x00000000       0x30 .\CortexM0\ARM_GCC_493\Debug\SCB_I2cCommMaster01.a(CyLib.o)
 .text.CyIntSetPending
                0x00000000       0x28 .\CortexM0\ARM_GCC_493\Debug\SCB_I2cCommMaster01.a(CyLib.o)
 .text.CyIntClearPending
                0x00000000       0x28 .\CortexM0\ARM_GCC_493\Debug\SCB_I2cCommMaster01.a(CyLib.o)
 .text.CySoftwareReset
                0x00000000       0x20 .\CortexM0\ARM_GCC_493\Debug\SCB_I2cCommMaster01.a(CyLib.o)
 .text.CyDelayFreq
                0x00000000       0x84 .\CortexM0\ARM_GCC_493\Debug\SCB_I2cCommMaster01.a(CyLib.o)
 .text.CySysTickStart
                0x00000000       0x24 .\CortexM0\ARM_GCC_493\Debug\SCB_I2cCommMaster01.a(CyLib.o)
 .text.CySysTickInit
                0x00000000       0x60 .\CortexM0\ARM_GCC_493\Debug\SCB_I2cCommMaster01.a(CyLib.o)
 .text.CySysTickEnable
                0x00000000       0x1c .\CortexM0\ARM_GCC_493\Debug\SCB_I2cCommMaster01.a(CyLib.o)
 .text.CySysTickStop
                0x00000000       0x18 .\CortexM0\ARM_GCC_493\Debug\SCB_I2cCommMaster01.a(CyLib.o)
 .text.CySysTickEnableInterrupt
                0x00000000       0x18 .\CortexM0\ARM_GCC_493\Debug\SCB_I2cCommMaster01.a(CyLib.o)
 .text.CySysTickDisableInterrupt
                0x00000000       0x18 .\CortexM0\ARM_GCC_493\Debug\SCB_I2cCommMaster01.a(CyLib.o)
 .text.CySysTickSetReload
                0x00000000       0x1c .\CortexM0\ARM_GCC_493\Debug\SCB_I2cCommMaster01.a(CyLib.o)
 .text.CySysTickGetReload
                0x00000000       0x18 .\CortexM0\ARM_GCC_493\Debug\SCB_I2cCommMaster01.a(CyLib.o)
 .text.CySysTickGetValue
                0x00000000       0x18 .\CortexM0\ARM_GCC_493\Debug\SCB_I2cCommMaster01.a(CyLib.o)
 .text.CySysTickGetCountFlag
                0x00000000       0x18 .\CortexM0\ARM_GCC_493\Debug\SCB_I2cCommMaster01.a(CyLib.o)
 .text.CySysTickClear
                0x00000000       0x14 .\CortexM0\ARM_GCC_493\Debug\SCB_I2cCommMaster01.a(CyLib.o)
 .text.CySysTickSetCallback
                0x00000000       0x2c .\CortexM0\ARM_GCC_493\Debug\SCB_I2cCommMaster01.a(CyLib.o)
 .text.CySysTickGetCallback
                0x00000000       0x1c .\CortexM0\ARM_GCC_493\Debug\SCB_I2cCommMaster01.a(CyLib.o)
 .text.CySysTickServiceCallbacks
                0x00000000       0x44 .\CortexM0\ARM_GCC_493\Debug\SCB_I2cCommMaster01.a(CyLib.o)
 .text.CyGetUniqueId
                0x00000000       0xc0 .\CortexM0\ARM_GCC_493\Debug\SCB_I2cCommMaster01.a(CyLib.o)
 .text          0x00000000        0x0 .\CortexM0\ARM_GCC_493\Debug\SCB_I2cCommMaster01.a(I2CM_I2C_INT.o)
 .data          0x00000000        0x0 .\CortexM0\ARM_GCC_493\Debug\SCB_I2cCommMaster01.a(I2CM_I2C_INT.o)
 .bss           0x00000000        0x0 .\CortexM0\ARM_GCC_493\Debug\SCB_I2cCommMaster01.a(I2CM_I2C_INT.o)
 .data          0x00000000        0x0 .\CortexM0\ARM_GCC_493\Debug\SCB_I2cCommMaster01.a(CyBootAsmGnu.o)
 .bss           0x00000000        0x0 .\CortexM0\ARM_GCC_493\Debug\SCB_I2cCommMaster01.a(CyBootAsmGnu.o)
 .text          0x00000000      0x120 c:/program files (x86)/cypress/psoc creator/3.3/psoc creator/import/gnu/arm/4.9.3/bin/../lib/gcc/arm-none-eabi/4.9.3/armv6-m\libgcc.a(_udivsi3.o)
 .data          0x00000000        0x0 c:/program files (x86)/cypress/psoc creator/3.3/psoc creator/import/gnu/arm/4.9.3/bin/../lib/gcc/arm-none-eabi/4.9.3/armv6-m\libgcc.a(_udivsi3.o)
 .bss           0x00000000        0x0 c:/program files (x86)/cypress/psoc creator/3.3/psoc creator/import/gnu/arm/4.9.3/bin/../lib/gcc/arm-none-eabi/4.9.3/armv6-m\libgcc.a(_udivsi3.o)
 .text          0x00000000        0x4 c:/program files (x86)/cypress/psoc creator/3.3/psoc creator/import/gnu/arm/4.9.3/bin/../lib/gcc/arm-none-eabi/4.9.3/armv6-m\libgcc.a(_dvmd_tls.o)
 .data          0x00000000        0x0 c:/program files (x86)/cypress/psoc creator/3.3/psoc creator/import/gnu/arm/4.9.3/bin/../lib/gcc/arm-none-eabi/4.9.3/armv6-m\libgcc.a(_dvmd_tls.o)
 .bss           0x00000000        0x0 c:/program files (x86)/cypress/psoc creator/3.3/psoc creator/import/gnu/arm/4.9.3/bin/../lib/gcc/arm-none-eabi/4.9.3/armv6-m\libgcc.a(_dvmd_tls.o)
 .text          0x00000000        0x0 c:/program files (x86)/cypress/psoc creator/3.3/psoc creator/import/gnu/arm/4.9.3/bin/../lib/gcc/arm-none-eabi/4.9.3/../../../../arm-none-eabi/lib/armv6-m\libg_nano.a(lib_a-errno.o)
 .data          0x00000000        0x0 c:/program files (x86)/cypress/psoc creator/3.3/psoc creator/import/gnu/arm/4.9.3/bin/../lib/gcc/arm-none-eabi/4.9.3/../../../../arm-none-eabi/lib/armv6-m\libg_nano.a(lib_a-errno.o)
 .bss           0x00000000        0x0 c:/program files (x86)/cypress/psoc creator/3.3/psoc creator/import/gnu/arm/4.9.3/bin/../lib/gcc/arm-none-eabi/4.9.3/../../../../arm-none-eabi/lib/armv6-m\libg_nano.a(lib_a-errno.o)
 .text.__errno  0x00000000        0xc c:/program files (x86)/cypress/psoc creator/3.3/psoc creator/import/gnu/arm/4.9.3/bin/../lib/gcc/arm-none-eabi/4.9.3/../../../../arm-none-eabi/lib/armv6-m\libg_nano.a(lib_a-errno.o)
 .text          0x00000000        0x0 c:/program files (x86)/cypress/psoc creator/3.3/psoc creator/import/gnu/arm/4.9.3/bin/../lib/gcc/arm-none-eabi/4.9.3/../../../../arm-none-eabi/lib/armv6-m\libg_nano.a(lib_a-exit.o)
 .data          0x00000000        0x0 c:/program files (x86)/cypress/psoc creator/3.3/psoc creator/import/gnu/arm/4.9.3/bin/../lib/gcc/arm-none-eabi/4.9.3/../../../../arm-none-eabi/lib/armv6-m\libg_nano.a(lib_a-exit.o)
 .bss           0x00000000        0x0 c:/program files (x86)/cypress/psoc creator/3.3/psoc creator/import/gnu/arm/4.9.3/bin/../lib/gcc/arm-none-eabi/4.9.3/../../../../arm-none-eabi/lib/armv6-m\libg_nano.a(lib_a-exit.o)
 .text.exit     0x00000000       0x2c c:/program files (x86)/cypress/psoc creator/3.3/psoc creator/import/gnu/arm/4.9.3/bin/../lib/gcc/arm-none-eabi/4.9.3/../../../../arm-none-eabi/lib/armv6-m\libg_nano.a(lib_a-exit.o)
 .text          0x00000000        0x0 c:/program files (x86)/cypress/psoc creator/3.3/psoc creator/import/gnu/arm/4.9.3/bin/../lib/gcc/arm-none-eabi/4.9.3/../../../../arm-none-eabi/lib/armv6-m\libg_nano.a(lib_a-impure.o)
 .data          0x00000000        0x0 c:/program files (x86)/cypress/psoc creator/3.3/psoc creator/import/gnu/arm/4.9.3/bin/../lib/gcc/arm-none-eabi/4.9.3/../../../../arm-none-eabi/lib/armv6-m\libg_nano.a(lib_a-impure.o)
 .bss           0x00000000        0x0 c:/program files (x86)/cypress/psoc creator/3.3/psoc creator/import/gnu/arm/4.9.3/bin/../lib/gcc/arm-none-eabi/4.9.3/../../../../arm-none-eabi/lib/armv6-m\libg_nano.a(lib_a-impure.o)
 .data.impure_data
                0x00000000       0x60 c:/program files (x86)/cypress/psoc creator/3.3/psoc creator/import/gnu/arm/4.9.3/bin/../lib/gcc/arm-none-eabi/4.9.3/../../../../arm-none-eabi/lib/armv6-m\libg_nano.a(lib_a-impure.o)
 .data._impure_ptr
                0x00000000        0x4 c:/program files (x86)/cypress/psoc creator/3.3/psoc creator/import/gnu/arm/4.9.3/bin/../lib/gcc/arm-none-eabi/4.9.3/../../../../arm-none-eabi/lib/armv6-m\libg_nano.a(lib_a-impure.o)
 .rodata.str1.1
                0x00000000        0x2 c:/program files (x86)/cypress/psoc creator/3.3/psoc creator/import/gnu/arm/4.9.3/bin/../lib/gcc/arm-none-eabi/4.9.3/../../../../arm-none-eabi/lib/armv6-m\libg_nano.a(lib_a-impure.o)
 .rodata._global_impure_ptr
                0x00000000        0x4 c:/program files (x86)/cypress/psoc creator/3.3/psoc creator/import/gnu/arm/4.9.3/bin/../lib/gcc/arm-none-eabi/4.9.3/../../../../arm-none-eabi/lib/armv6-m\libg_nano.a(lib_a-impure.o)
 .text          0x00000000        0x0 c:/program files (x86)/cypress/psoc creator/3.3/psoc creator/import/gnu/arm/4.9.3/bin/../lib/gcc/arm-none-eabi/4.9.3/../../../../arm-none-eabi/lib/armv6-m\libg_nano.a(lib_a-init.o)
 .data          0x00000000        0x0 c:/program files (x86)/cypress/psoc creator/3.3/psoc creator/import/gnu/arm/4.9.3/bin/../lib/gcc/arm-none-eabi/4.9.3/../../../../arm-none-eabi/lib/armv6-m\libg_nano.a(lib_a-init.o)
 .bss           0x00000000        0x0 c:/program files (x86)/cypress/psoc creator/3.3/psoc creator/import/gnu/arm/4.9.3/bin/../lib/gcc/arm-none-eabi/4.9.3/../../../../arm-none-eabi/lib/armv6-m\libg_nano.a(lib_a-init.o)
 .text          0x00000000        0x0 c:/program files (x86)/cypress/psoc creator/3.3/psoc creator/import/gnu/arm/4.9.3/bin/../lib/gcc/arm-none-eabi/4.9.3/../../../../arm-none-eabi/lib/armv6-m\libg_nano.a(lib_a-memcpy.o)
 .data          0x00000000        0x0 c:/program files (x86)/cypress/psoc creator/3.3/psoc creator/import/gnu/arm/4.9.3/bin/../lib/gcc/arm-none-eabi/4.9.3/../../../../arm-none-eabi/lib/armv6-m\libg_nano.a(lib_a-memcpy.o)
 .bss           0x00000000        0x0 c:/program files (x86)/cypress/psoc creator/3.3/psoc creator/import/gnu/arm/4.9.3/bin/../lib/gcc/arm-none-eabi/4.9.3/../../../../arm-none-eabi/lib/armv6-m\libg_nano.a(lib_a-memcpy.o)
 .text.memcpy   0x00000000       0x12 c:/program files (x86)/cypress/psoc creator/3.3/psoc creator/import/gnu/arm/4.9.3/bin/../lib/gcc/arm-none-eabi/4.9.3/../../../../arm-none-eabi/lib/armv6-m\libg_nano.a(lib_a-memcpy.o)
 .text          0x00000000        0x0 c:/program files (x86)/cypress/psoc creator/3.3/psoc creator/import/gnu/arm/4.9.3/bin/../lib/gcc/arm-none-eabi/4.9.3/../../../../arm-none-eabi/lib/armv6-m\libg_nano.a(lib_a-memset.o)
 .data          0x00000000        0x0 c:/program files (x86)/cypress/psoc creator/3.3/psoc creator/import/gnu/arm/4.9.3/bin/../lib/gcc/arm-none-eabi/4.9.3/../../../../arm-none-eabi/lib/armv6-m\libg_nano.a(lib_a-memset.o)
 .bss           0x00000000        0x0 c:/program files (x86)/cypress/psoc creator/3.3/psoc creator/import/gnu/arm/4.9.3/bin/../lib/gcc/arm-none-eabi/4.9.3/../../../../arm-none-eabi/lib/armv6-m\libg_nano.a(lib_a-memset.o)
 .text          0x00000000        0x0 c:/program files (x86)/cypress/psoc creator/3.3/psoc creator/import/gnu/arm/4.9.3/bin/../lib/gcc/arm-none-eabi/4.9.3/armv6-m/crtend.o
 .data          0x00000000        0x0 c:/program files (x86)/cypress/psoc creator/3.3/psoc creator/import/gnu/arm/4.9.3/bin/../lib/gcc/arm-none-eabi/4.9.3/armv6-m/crtend.o
 .bss           0x00000000        0x0 c:/program files (x86)/cypress/psoc creator/3.3/psoc creator/import/gnu/arm/4.9.3/bin/../lib/gcc/arm-none-eabi/4.9.3/armv6-m/crtend.o
 .text          0x00000000        0x0 c:/program files (x86)/cypress/psoc creator/3.3/psoc creator/import/gnu/arm/4.9.3/bin/../lib/gcc/arm-none-eabi/4.9.3/armv6-m/crtn.o
 .data          0x00000000        0x0 c:/program files (x86)/cypress/psoc creator/3.3/psoc creator/import/gnu/arm/4.9.3/bin/../lib/gcc/arm-none-eabi/4.9.3/armv6-m/crtn.o
 .bss           0x00000000        0x0 c:/program files (x86)/cypress/psoc creator/3.3/psoc creator/import/gnu/arm/4.9.3/bin/../lib/gcc/arm-none-eabi/4.9.3/armv6-m/crtn.o

Memory Configuration

Name             Origin             Length             Attributes
rom              0x00000000         0x00008000         xr
ram              0x20000000         0x00001000         xrw
*default*        0x00000000         0xffffffff

Linker script and memory map

LOAD c:/program files (x86)/cypress/psoc creator/3.3/psoc creator/import/gnu/arm/4.9.3/bin/../lib/gcc/arm-none-eabi/4.9.3/armv6-m/crti.o
LOAD c:/program files (x86)/cypress/psoc creator/3.3/psoc creator/import/gnu/arm/4.9.3/bin/../lib/gcc/arm-none-eabi/4.9.3/armv6-m/crtbegin.o
LOAD c:/program files (x86)/cypress/psoc creator/3.3/psoc creator/import/gnu/arm/4.9.3/bin/../lib/gcc/arm-none-eabi/4.9.3/../../../../arm-none-eabi/lib/armv6-m/crt0.o
START GROUP
LOAD .\CortexM0\ARM_GCC_493\Debug\main.o
LOAD .\CortexM0\ARM_GCC_493\Debug\cymetadata.o
LOAD .\CortexM0\ARM_GCC_493\Debug\Cm0Start.o
LOAD .\CortexM0\ARM_GCC_493\Debug\SCB_I2cCommMaster01.a
LOAD C:\Program Files (x86)\Cypress\PSoC Creator\3.3\PSoC Creator\psoc\content\cycomponentlibrary\CyComponentLibrary.cylib\CortexM0\ARM_GCC_493\Debug\CyComponentLibrary.a
END GROUP
START GROUP
LOAD c:/program files (x86)/cypress/psoc creator/3.3/psoc creator/import/gnu/arm/4.9.3/bin/../lib/gcc/arm-none-eabi/4.9.3/armv6-m\libgcc.a
LOAD c:/program files (x86)/cypress/psoc creator/3.3/psoc creator/import/gnu/arm/4.9.3/bin/../lib/gcc/arm-none-eabi/4.9.3/../../../../arm-none-eabi/lib/armv6-m\libg_nano.a
LOAD c:/program files (x86)/cypress/psoc creator/3.3/psoc creator/import/gnu/arm/4.9.3/bin/../lib/gcc/arm-none-eabi/4.9.3/../../../../arm-none-eabi/lib/armv6-m\libc_nano.a
END GROUP
START GROUP
LOAD c:/program files (x86)/cypress/psoc creator/3.3/psoc creator/import/gnu/arm/4.9.3/bin/../lib/gcc/arm-none-eabi/4.9.3/armv6-m\libgcc.a
LOAD c:/program files (x86)/cypress/psoc creator/3.3/psoc creator/import/gnu/arm/4.9.3/bin/../lib/gcc/arm-none-eabi/4.9.3/../../../../arm-none-eabi/lib/armv6-m\libc_nano.a
END GROUP
LOAD c:/program files (x86)/cypress/psoc creator/3.3/psoc creator/import/gnu/arm/4.9.3/bin/../lib/gcc/arm-none-eabi/4.9.3/armv6-m/crtend.o
LOAD c:/program files (x86)/cypress/psoc creator/3.3/psoc creator/import/gnu/arm/4.9.3/bin/../lib/gcc/arm-none-eabi/4.9.3/armv6-m/crtn.o
START GROUP
LOAD c:/program files (x86)/cypress/psoc creator/3.3/psoc creator/import/gnu/arm/4.9.3/bin/../lib/gcc/arm-none-eabi/4.9.3/armv6-m\libgcc.a
LOAD c:/program files (x86)/cypress/psoc creator/3.3/psoc creator/import/gnu/arm/4.9.3/bin/../lib/gcc/arm-none-eabi/4.9.3/../../../../arm-none-eabi/lib/armv6-m\libc.a
LOAD c:/program files (x86)/cypress/psoc creator/3.3/psoc creator/import/gnu/arm/4.9.3/bin/../lib/gcc/arm-none-eabi/4.9.3/../../../../arm-none-eabi/lib/armv6-m\libnosys.a
END GROUP
                0x00000000                CY_APPL_ORIGIN = 0x0
                0x00000080                CY_FLASH_ROW_SIZE = 0x80
                0x00000001                CY_APPL_NUM = 0x1
                0x00000001                CY_APPL_MAX = 0x1
                0x00000040                CY_METADATA_SIZE = 0x40
                0x00000000                CY_APPL_LOADABLE = 0x0
                0x00000000                CY_CHECKSUM_EXCLUDE_SIZE = ALIGN (0x0, CY_FLASH_ROW_SIZE)
                0x00000000                CY_APP_FOR_STACK_AND_COPIER = 0x0
                0x20000130                PROVIDE (__cy_heap_start, _end)
                0x00000001                PROVIDE (__cy_region_num, ((__cy_regions_end - __cy_regions) / 0x10))
                0x20001000                PROVIDE (__cy_stack, (ORIGIN (ram) + 0x1000))
                0x20000e00                PROVIDE (__cy_heap_end, (__cy_stack - 0x200))

.cybootloader   0x00000000        0x0
 *(.cybootloader)
                0x00000000                appl1_start = CY_APPL_ORIGIN?CY_APPL_ORIGIN:ALIGN (CY_FLASH_ROW_SIZE)
                0x00003f80                appl2_start = (appl1_start + ALIGN ((((0x8000 - appl1_start) - (0x2 * CY_FLASH_ROW_SIZE)) / 0x2), CY_FLASH_ROW_SIZE))
                0x00000000                appl_start = (CY_APPL_NUM == 0x1)?appl1_start:appl2_start
                0x00000001                cy_project_type_bootloader = (appl_start == 0x0)?0x1:0x0
                0x00000000                cy_project_type_app_for_stack_and_copier = (CY_APP_FOR_STACK_AND_COPIER == 0x1)?0x1:0x0

.text           0x00000000     0x13bc
 CREATE_OBJECT_SYMBOLS
                0x00000000                PROVIDE (__cy_interrupt_vector, RomVectors)
 *(.romvectors)
 .romvectors    0x00000000       0x10 .\CortexM0\ARM_GCC_493\Debug\Cm0Start.o
                0x00000000                RomVectors
                0x00000001                ASSERT ((. != __cy_interrupt_vector), No interrupt vector)
                0x00000001                ASSERT (CY_APPL_ORIGIN?(SIZEOF (.cybootloader) <= CY_APPL_ORIGIN):0x1, Wrong image location)
                0x00000010                PROVIDE (__cy_reset, Reset)
 *(.text.Reset)
 .text.Reset    0x00000010        0x8 .\CortexM0\ARM_GCC_493\Debug\Cm0Start.o
                0x00000010                Reset
                0x00000001                ASSERT ((. != __cy_reset), No reset code)
 *(.psocinit)
 .psocinit      0x00000018      0x19c .\CortexM0\ARM_GCC_493\Debug\SCB_I2cCommMaster01.a(cyfitter_cfg.o)
                0x0000008c                cyfitter_cfg
                0x000001b4                . = MAX (., 0x100)
 *(.text .text.* .gnu.linkonce.t.*)
 .text          0x000001b4       0x60 c:/program files (x86)/cypress/psoc creator/3.3/psoc creator/import/gnu/arm/4.9.3/bin/../lib/gcc/arm-none-eabi/4.9.3/armv6-m/crtbegin.o
 .text.main     0x00000214       0x64 .\CortexM0\ARM_GCC_493\Debug\main.o
                0x00000214                main
 .text.WriteCommandPacket
                0x00000278       0x8c .\CortexM0\ARM_GCC_493\Debug\main.o
                0x00000278                WriteCommandPacket
 .text.ReadStatusPacket
                0x00000304       0x88 .\CortexM0\ARM_GCC_493\Debug\main.o
                0x00000304                ReadStatusPacket
 .text.IntDefaultHandler
                0x0000038c        0x8 .\CortexM0\ARM_GCC_493\Debug\Cm0Start.o
                0x0000038c                IntDefaultHandler
 .text.Start_c  0x00000394       0x98 .\CortexM0\ARM_GCC_493\Debug\Cm0Start.o
                0x00000394                Start_c
 .text.initialize_psoc
                0x0000042c       0x64 .\CortexM0\ARM_GCC_493\Debug\Cm0Start.o
                0x0000042c                initialize_psoc
 .text.CYMEMZERO
                0x00000490       0x20 .\CortexM0\ARM_GCC_493\Debug\SCB_I2cCommMaster01.a(cyfitter_cfg.o)
 .text.AnalogSetDefault
                0x000004b0        0x8 .\CortexM0\ARM_GCC_493\Debug\SCB_I2cCommMaster01.a(cyfitter_cfg.o)
 .text.I2CM_Init
                0x000004b8        0xc .\CortexM0\ARM_GCC_493\Debug\SCB_I2cCommMaster01.a(I2CM.o)
                0x000004b8                I2CM_Init
 .text.I2CM_Enable
                0x000004c4       0x24 .\CortexM0\ARM_GCC_493\Debug\SCB_I2cCommMaster01.a(I2CM.o)
                0x000004c4                I2CM_Enable
 .text.I2CM_Start
                0x000004e8       0x24 .\CortexM0\ARM_GCC_493\Debug\SCB_I2cCommMaster01.a(I2CM.o)
                0x000004e8                I2CM_Start
 .text.I2CM_ScbEnableIntr
                0x0000050c       0x10 .\CortexM0\ARM_GCC_493\Debug\SCB_I2cCommMaster01.a(I2CM.o)
 .text.I2CM_ScbModePostEnable
                0x0000051c        0x8 .\CortexM0\ARM_GCC_493\Debug\SCB_I2cCommMaster01.a(I2CM.o)
 .text.I2CM_I2CInit
                0x00000524       0xe8 .\CortexM0\ARM_GCC_493\Debug\SCB_I2cCommMaster01.a(I2CM_I2C.o)
                0x00000524                I2CM_I2CInit
 .text.I2CM_I2CMasterWriteBuf
                0x0000060c      0x11c .\CortexM0\ARM_GCC_493\Debug\SCB_I2cCommMaster01.a(I2CM_I2C_MASTER.o)
                0x0000060c                I2CM_I2CMasterWriteBuf
 .text.I2CM_I2CMasterReadBuf
                0x00000728      0x12c .\CortexM0\ARM_GCC_493\Debug\SCB_I2cCommMaster01.a(I2CM_I2C_MASTER.o)
                0x00000728                I2CM_I2CMasterReadBuf
 .text.I2CM_I2CMasterGetReadBufSize
                0x00000854       0x14 .\CortexM0\ARM_GCC_493\Debug\SCB_I2cCommMaster01.a(I2CM_I2C_MASTER.o)
                0x00000854                I2CM_I2CMasterGetReadBufSize
 .text.I2CM_I2CMasterGetWriteBufSize
                0x00000868       0x14 .\CortexM0\ARM_GCC_493\Debug\SCB_I2cCommMaster01.a(I2CM_I2C_MASTER.o)
                0x00000868                I2CM_I2CMasterGetWriteBufSize
 .text.I2CM_I2CMasterStatus
                0x0000087c       0x44 .\CortexM0\ARM_GCC_493\Debug\SCB_I2cCommMaster01.a(I2CM_I2C_MASTER.o)
                0x0000087c                I2CM_I2CMasterStatus
 .text.I2CM_I2CMasterClearStatus
                0x000008c0       0x30 .\CortexM0\ARM_GCC_493\Debug\SCB_I2cCommMaster01.a(I2CM_I2C_MASTER.o)
                0x000008c0                I2CM_I2CMasterClearStatus
 .text.I2CM_I2CReStartGeneration
                0x000008f0       0xac .\CortexM0\ARM_GCC_493\Debug\SCB_I2cCommMaster01.a(I2CM_I2C_MASTER.o)
                0x000008f0                I2CM_I2CReStartGeneration
 .text.LED_RED_Write
                0x0000099c       0x4c .\CortexM0\ARM_GCC_493\Debug\SCB_I2cCommMaster01.a(LED_RED.o)
                0x0000099c                LED_RED_Write
 .text.LED_GREEN_Write
                0x000009e8       0x4c .\CortexM0\ARM_GCC_493\Debug\SCB_I2cCommMaster01.a(LED_GREEN.o)
                0x000009e8                LED_GREEN_Write
 .text.I2CM_sda_Read
                0x00000a34       0x1c .\CortexM0\ARM_GCC_493\Debug\SCB_I2cCommMaster01.a(I2CM_sda.o)
                0x00000a34                I2CM_sda_Read
 .text.I2CM_scl_Write
                0x00000a50       0x48 .\CortexM0\ARM_GCC_493\Debug\SCB_I2cCommMaster01.a(I2CM_scl.o)
                0x00000a50                I2CM_scl_Write
 .text.I2CM_scl_Read
                0x00000a98       0x1c .\CortexM0\ARM_GCC_493\Debug\SCB_I2cCommMaster01.a(I2CM_scl.o)
                0x00000a98                I2CM_scl_Read
 .text.CySysClkWriteImoFreq
                0x00000ab4      0x1ec .\CortexM0\ARM_GCC_493\Debug\SCB_I2cCommMaster01.a(CyLib.o)
                0x00000ab4                CySysClkWriteImoFreq
 .text.CyIntSetVector
                0x00000ca0       0x4c .\CortexM0\ARM_GCC_493\Debug\SCB_I2cCommMaster01.a(CyLib.o)
                0x00000ca0                CyIntSetVector
 .text.CyIntSetPriority
                0x00000cec       0xa8 .\CortexM0\ARM_GCC_493\Debug\SCB_I2cCommMaster01.a(CyLib.o)
                0x00000cec                CyIntSetPriority
 .text.CyIntEnable
                0x00000d94       0x28 .\CortexM0\ARM_GCC_493\Debug\SCB_I2cCommMaster01.a(CyLib.o)
                0x00000d94                CyIntEnable
 .text.CyIntDisable
                0x00000dbc       0x28 .\CortexM0\ARM_GCC_493\Debug\SCB_I2cCommMaster01.a(CyLib.o)
                0x00000dbc                CyIntDisable
 .text.CyHalt   0x00000de4       0x14 .\CortexM0\ARM_GCC_493\Debug\SCB_I2cCommMaster01.a(CyLib.o)
                0x00000de4                CyHalt
 .text.CyDelay  0x00000df8       0x48 .\CortexM0\ARM_GCC_493\Debug\SCB_I2cCommMaster01.a(CyLib.o)
                0x00000df8                CyDelay
 .text.CyDelayUs
                0x00000e40       0x28 .\CortexM0\ARM_GCC_493\Debug\SCB_I2cCommMaster01.a(CyLib.o)
                0x00000e40                CyDelayUs
 .text.I2CM_I2C_ISR
                0x00000e68      0x4d0 .\CortexM0\ARM_GCC_493\Debug\SCB_I2cCommMaster01.a(I2CM_I2C_INT.o)
                0x00000e68                I2CM_I2C_ISR
 .text          0x00001338       0x28 .\CortexM0\ARM_GCC_493\Debug\SCB_I2cCommMaster01.a(CyBootAsmGnu.o)
                0x00001338                CyDelayCycles
                0x0000134c                CyEnterCriticalSection
                0x00001354                CyExitCriticalSection
 .text.__libc_init_array
                0x00001360       0x4c c:/program files (x86)/cypress/psoc creator/3.3/psoc creator/import/gnu/arm/4.9.3/bin/../lib/gcc/arm-none-eabi/4.9.3/../../../../arm-none-eabi/lib/armv6-m\libg_nano.a(lib_a-init.o)
                0x00001360                __libc_init_array
 .text.memset   0x000013ac       0x10 c:/program files (x86)/cypress/psoc creator/3.3/psoc creator/import/gnu/arm/4.9.3/bin/../lib/gcc/arm-none-eabi/4.9.3/../../../../arm-none-eabi/lib/armv6-m\libg_nano.a(lib_a-memset.o)
                0x000013ac                memset
 *(.plt)
 *(.gnu.warning)
 *(.glue_7t)
 .glue_7t       0x00000000        0x0 linker stubs
 *(.glue_7)
 .glue_7        0x00000000        0x0 linker stubs
 *(.vfp11_veneer)
 .vfp11_veneer  0x00000000        0x0 linker stubs
 *(.bootloader)
 *(.ARM.extab* .gnu.linkonce.armextab.*)
 *(.gcc_except_table)

.v4_bx          0x000013bc        0x0
 .v4_bx         0x00000000        0x0 linker stubs

.iplt           0x000013bc        0x0
 .iplt          0x00000000        0x0 c:/program files (x86)/cypress/psoc creator/3.3/psoc creator/import/gnu/arm/4.9.3/bin/../lib/gcc/arm-none-eabi/4.9.3/armv6-m/crtbegin.o

.eh_frame_hdr
 *(.eh_frame_hdr)

.eh_frame       0x000013bc        0x4
 *(.eh_frame)
 .eh_frame      0x000013bc        0x0 c:/program files (x86)/cypress/psoc creator/3.3/psoc creator/import/gnu/arm/4.9.3/bin/../lib/gcc/arm-none-eabi/4.9.3/armv6-m/crtbegin.o
 .eh_frame      0x000013bc        0x4 c:/program files (x86)/cypress/psoc creator/3.3/psoc creator/import/gnu/arm/4.9.3/bin/../lib/gcc/arm-none-eabi/4.9.3/armv6-m/crtend.o
                0x000013c0                PROVIDE (__exidx_start, .)

.ARM.exidx
 *(.ARM.exidx* .gnu.linkonce.armexidx.*)
                0x000013c0                __exidx_end = .

.rodata         0x000013c0       0x70
 *(.rodata .rodata.* .gnu.linkonce.r.*)
 .rodata        0x000013c0        0xc .\CortexM0\ARM_GCC_493\Debug\SCB_I2cCommMaster01.a(cyfitter_cfg.o)
 .rodata        0x000013cc       0x30 .\CortexM0\ARM_GCC_493\Debug\SCB_I2cCommMaster01.a(CyLib.o)
                0x000013cc                cyImoFreqMhz2Reg
                0x000013fc                . = ALIGN (0x4)
 *(.init)
 .init          0x000013fc        0x4 c:/program files (x86)/cypress/psoc creator/3.3/psoc creator/import/gnu/arm/4.9.3/bin/../lib/gcc/arm-none-eabi/4.9.3/armv6-m/crti.o
                0x000013fc                _init
 .init          0x00001400        0x8 c:/program files (x86)/cypress/psoc creator/3.3/psoc creator/import/gnu/arm/4.9.3/bin/../lib/gcc/arm-none-eabi/4.9.3/armv6-m/crtn.o
                0x00001408                . = ALIGN (0x4)
                0x00001408                __preinit_array_start = .
 *(.preinit_array)
                0x00001408                __preinit_array_end = .
                0x00001408                . = ALIGN (0x4)
                0x00001408                __init_array_start = .
 *(SORT(.init_array.*))
 *(.init_array)
 .init_array    0x00001408        0x4 c:/program files (x86)/cypress/psoc creator/3.3/psoc creator/import/gnu/arm/4.9.3/bin/../lib/gcc/arm-none-eabi/4.9.3/armv6-m/crtbegin.o
 .init_array    0x0000140c        0x4 .\CortexM0\ARM_GCC_493\Debug\Cm0Start.o
                0x00001410                __init_array_end = .
                0x00001410                . = ALIGN (0x4)
 *(.fini)
 .fini          0x00001410        0x4 c:/program files (x86)/cypress/psoc creator/3.3/psoc creator/import/gnu/arm/4.9.3/bin/../lib/gcc/arm-none-eabi/4.9.3/armv6-m/crti.o
                0x00001410                _fini
 .fini          0x00001414        0x8 c:/program files (x86)/cypress/psoc creator/3.3/psoc creator/import/gnu/arm/4.9.3/bin/../lib/gcc/arm-none-eabi/4.9.3/armv6-m/crtn.o
                0x0000141c                . = ALIGN (0x4)
                0x0000141c                __fini_array_start = .
 *(.fini_array)
 .fini_array    0x0000141c        0x4 c:/program files (x86)/cypress/psoc creator/3.3/psoc creator/import/gnu/arm/4.9.3/bin/../lib/gcc/arm-none-eabi/4.9.3/armv6-m/crtbegin.o
 *(SORT(.fini_array.*))
                0x00001420                __fini_array_end = .
                0x00001420                . = ALIGN (0x4)
 *crtbegin.o(.ctors)
 *(EXCLUDE_FILE(*crtend.o) .ctors)
 *(SORT(.ctors.*))
 *crtend.o(.ctors)
                0x00001420                . = ALIGN (0x4)
 *crtbegin.o(.dtors)
 *(EXCLUDE_FILE(*crtend.o) .dtors)
 *(SORT(.dtors.*))
 *crtend.o(.dtors)
                0x00001420                . = ALIGN (0x4)
                0x00001420                __cy_regions = .
                0x00001420        0x4 LONG 0x1430 __cy_region_init_ram
                0x00001424        0x4 LONG 0x200000c8 __cy_region_start_data
                0x00001428        0x4 LONG 0x18 __cy_region_init_size_ram
                0x0000142c        0x4 LONG 0x50 __cy_region_zero_size_ram
                0x00001430                __cy_regions_end = .
                0x00001430                . = ALIGN (0x8)
                0x00001430                _etext = .

.cy_checksum_exclude
                0x00001430        0x0
 *(.cy_checksum_exclude)

.ramvectors     0x20000000       0xc0
                0x20000000                __cy_region_start_ram = .
 *(.ramvectors)
 .ramvectors    0x20000000       0xc0 .\CortexM0\ARM_GCC_493\Debug\Cm0Start.o
                0x20000000                CyRamVectors

.noinit         0x200000c0        0x4
 *(.noinit)
 .noinit        0x200000c0        0x4 .\CortexM0\ARM_GCC_493\Debug\Cm0Start.o

.data           0x200000c8       0x18 load address 0x00001430
                0x200000c8                __cy_region_start_data = .
 *(.jcr)
 .jcr           0x200000c8        0x0 c:/program files (x86)/cypress/psoc creator/3.3/psoc creator/import/gnu/arm/4.9.3/bin/../lib/gcc/arm-none-eabi/4.9.3/armv6-m/crtbegin.o
 .jcr           0x200000c8        0x4 c:/program files (x86)/cypress/psoc creator/3.3/psoc creator/import/gnu/arm/4.9.3/bin/../lib/gcc/arm-none-eabi/4.9.3/armv6-m/crtend.o
 *(.got.plt)
 *(.got)
 *(.shdata)
 *(.data .data.* .gnu.linkonce.d.*)
 .data          0x200000cc       0x10 .\CortexM0\ARM_GCC_493\Debug\SCB_I2cCommMaster01.a(CyLib.o)
                0x200000cc                cydelayFreqHz
                0x200000d0                cydelayFreqKhz
                0x200000d4                cydelayFreqMhz
                0x200000d8                cydelay32kMs
                0x200000e0                . = ALIGN (0x8)
 *fill*         0x200000dc        0x4 
 *(.ram)
                0x200000e0                _edata = .

.igot.plt       0x200000e0        0x0 load address 0x00001448
 .igot.plt      0x00000000        0x0 c:/program files (x86)/cypress/psoc creator/3.3/psoc creator/import/gnu/arm/4.9.3/bin/../lib/gcc/arm-none-eabi/4.9.3/armv6-m/crtbegin.o

.bss            0x200000e0       0x50 load address 0x00001448
                0x200000e0                PROVIDE (__bss_start__, .)
 *(.shbss)
 *(.bss .bss.* .gnu.linkonce.b.*)
 .bss           0x200000e0       0x1c c:/program files (x86)/cypress/psoc creator/3.3/psoc creator/import/gnu/arm/4.9.3/bin/../lib/gcc/arm-none-eabi/4.9.3/armv6-m/crtbegin.o
 .bss           0x200000fc        0x8 .\CortexM0\ARM_GCC_493\Debug\SCB_I2cCommMaster01.a(I2CM.o)
                0x200000fc                I2CM_initVar
                0x20000100                I2CM_customIntrHandler
 *(COMMON)
 COMMON         0x20000104        0x1 .\CortexM0\ARM_GCC_493\Debug\SCB_I2cCommMaster01.a(I2CM_I2C.o)
                0x20000104                I2CM_state
 *fill*         0x20000105        0x3 
 COMMON         0x20000108       0x24 .\CortexM0\ARM_GCC_493\Debug\SCB_I2cCommMaster01.a(I2CM_I2C_MASTER.o)
                0x20000108                I2CM_mstrRdBufPtr
                0x2000010c                I2CM_mstrWrBufPtr
                0x20000110                I2CM_mstrRdBufIndex
                0x20000114                I2CM_mstrStatus
                0x20000118                I2CM_mstrWrBufIndex
                0x2000011c                I2CM_mstrControl
                0x20000120                I2CM_mstrWrBufIndexTmp
                0x20000124                I2CM_mstrRdBufSize
                0x20000128                I2CM_mstrWrBufSize
                0x20000130                . = ALIGN (0x8)
 *fill*         0x2000012c        0x4 
 *(.ram.b)
                0x20000130                _end = .
                0x20000130                __end = .
                0x20000130                PROVIDE (end, .)
                0x20000130                PROVIDE (__bss_end__, .)
                0x00001430                __cy_region_init_ram = LOADADDR (.data)
                0x00000018                __cy_region_init_size_ram = (_edata - ADDR (.data))
                0x00000050                __cy_region_zero_size_ram = (_end - _edata)

.heap           0x20000130       0x80 load address 0x00001448
                0x20000130                . = _end
                0x200001b0                . = (. + 0x80)
 *fill*         0x20000130       0x80 
                0x200001b0                __cy_heap_limit = .

.stack          0x20000e00      0x200
                0x20000e00                __cy_stack_limit = .
                0x20001000                . = (. + 0x200)
 *fill*         0x20000e00      0x200 
                0x00000001                ASSERT ((__cy_stack_limit >= __cy_heap_limit), region RAM overflowed with stack)
                0x00000000                cy_checksum_exclude_size = (CY_APPL_LOADABLE == 0x1)?SIZEOF (.cy_checksum_exclude):0x0
                0x00000001                ASSERT ((cy_checksum_exclude_size <= CY_CHECKSUM_EXCLUDE_SIZE), CY_BOOT: Section .cy_checksum_exclude size exceedes specified limit.)
                0x00007fc0                cyloadermeta_start = (cy_project_type_bootloader || cy_project_type_app_for_stack_and_copier)?(0x8000 - CY_METADATA_SIZE):0xf0000000

.cyloadermeta
 *(.cyloadermeta)
                0x00007fc0                cyloadablemeta_start = cy_project_type_app_for_stack_and_copier?((0x8000 - CY_FLASH_ROW_SIZE) - CY_METADATA_SIZE):((0x8000 - (CY_FLASH_ROW_SIZE * (CY_APPL_NUM - 0x1))) - CY_METADATA_SIZE)

.cyloadablemeta
 *(.cyloadablemeta)

.cyflashprotect
                0x90400000       0x20
 *(.cyflashprotect)
 .cyflashprotect
                0x90400000       0x20 .\CortexM0\ARM_GCC_493\Debug\cymetadata.o
                0x90400000                cy_meta_flashprotect

.cymeta         0x90500000        0xc
 *(.cymeta)
 .cymeta        0x90500000        0xc .\CortexM0\ARM_GCC_493\Debug\cymetadata.o
                0x90500000                cy_metadata

.cychipprotect  0x90600000        0x4
 *(.cychipprotect)
 .cychipprotect
                0x90600000        0x4 .\CortexM0\ARM_GCC_493\Debug\cymetadata.o
                0x90600000                cy_meta_chipprotect

.rel.dyn        0x00001448        0x0 load address 0x90600004
 .rel.iplt      0x00000000        0x0 c:/program files (x86)/cypress/psoc creator/3.3/psoc creator/import/gnu/arm/4.9.3/bin/../lib/gcc/arm-none-eabi/4.9.3/armv6-m/crtbegin.o

.stab
 *(.stab)

.stabstr
 *(.stabstr)

.debug
 *(.debug)

.line
 *(.line)

.debug_srcinfo
 *(.debug_srcinfo)

.debug_sfnames
 *(.debug_sfnames)

.debug_aranges  0x00000000      0x4d0
 *(.debug_aranges)
 .debug_aranges
                0x00000000       0x30 .\CortexM0\ARM_GCC_493\Debug\main.o
 .debug_aranges
                0x00000030       0x18 .\CortexM0\ARM_GCC_493\Debug\cymetadata.o
 .debug_aranges
                0x00000048       0x48 .\CortexM0\ARM_GCC_493\Debug\Cm0Start.o
 .debug_aranges
                0x00000090       0x48 .\CortexM0\ARM_GCC_493\Debug\SCB_I2cCommMaster01.a(cyfitter_cfg.o)
 .debug_aranges
                0x000000d8       0x70 .\CortexM0\ARM_GCC_493\Debug\SCB_I2cCommMaster01.a(I2CM.o)
 .debug_aranges
                0x00000148       0x28 .\CortexM0\ARM_GCC_493\Debug\SCB_I2cCommMaster01.a(I2CM_I2C.o)
 .debug_aranges
                0x00000170       0x88 .\CortexM0\ARM_GCC_493\Debug\SCB_I2cCommMaster01.a(I2CM_I2C_MASTER.o)
 .debug_aranges
                0x000001f8       0x48 .\CortexM0\ARM_GCC_493\Debug\SCB_I2cCommMaster01.a(LED_RED.o)
 .debug_aranges
                0x00000240       0x48 .\CortexM0\ARM_GCC_493\Debug\SCB_I2cCommMaster01.a(LED_GREEN.o)
 .debug_aranges
                0x00000288       0x48 .\CortexM0\ARM_GCC_493\Debug\SCB_I2cCommMaster01.a(I2CM_sda.o)
 .debug_aranges
                0x000002d0       0x48 .\CortexM0\ARM_GCC_493\Debug\SCB_I2cCommMaster01.a(I2CM_scl.o)
 .debug_aranges
                0x00000318      0x178 .\CortexM0\ARM_GCC_493\Debug\SCB_I2cCommMaster01.a(CyLib.o)
 .debug_aranges
                0x00000490       0x20 .\CortexM0\ARM_GCC_493\Debug\SCB_I2cCommMaster01.a(I2CM_I2C_INT.o)
 .debug_aranges
                0x000004b0       0x20 .\CortexM0\ARM_GCC_493\Debug\SCB_I2cCommMaster01.a(CyBootAsmGnu.o)

.debug_pubnames
 *(.debug_pubnames)

.debug_info     0x00000000     0x2041
 *(.debug_info .gnu.linkonce.wi.*)
 .debug_info    0x00000000      0x15a .\CortexM0\ARM_GCC_493\Debug\main.o
 .debug_info    0x0000015a       0xfe .\CortexM0\ARM_GCC_493\Debug\cymetadata.o
 .debug_info    0x00000258      0x302 .\CortexM0\ARM_GCC_493\Debug\Cm0Start.o
 .debug_info    0x0000055a      0x24a .\CortexM0\ARM_GCC_493\Debug\SCB_I2cCommMaster01.a(cyfitter_cfg.o)
 .debug_info    0x000007a4      0x1f6 .\CortexM0\ARM_GCC_493\Debug\SCB_I2cCommMaster01.a(I2CM.o)
 .debug_info    0x0000099a      0x11c .\CortexM0\ARM_GCC_493\Debug\SCB_I2cCommMaster01.a(I2CM_I2C.o)
 .debug_info    0x00000ab6      0x469 .\CortexM0\ARM_GCC_493\Debug\SCB_I2cCommMaster01.a(I2CM_I2C_MASTER.o)
 .debug_info    0x00000f1f      0x19a .\CortexM0\ARM_GCC_493\Debug\SCB_I2cCommMaster01.a(LED_RED.o)
 .debug_info    0x000010b9      0x19a .\CortexM0\ARM_GCC_493\Debug\SCB_I2cCommMaster01.a(LED_GREEN.o)
 .debug_info    0x00001253      0x19a .\CortexM0\ARM_GCC_493\Debug\SCB_I2cCommMaster01.a(I2CM_sda.o)
 .debug_info    0x000013ed      0x19a .\CortexM0\ARM_GCC_493\Debug\SCB_I2cCommMaster01.a(I2CM_scl.o)
 .debug_info    0x00001587      0x8ac .\CortexM0\ARM_GCC_493\Debug\SCB_I2cCommMaster01.a(CyLib.o)
 .debug_info    0x00001e33      0x18b .\CortexM0\ARM_GCC_493\Debug\SCB_I2cCommMaster01.a(I2CM_I2C_INT.o)
 .debug_info    0x00001fbe       0x83 .\CortexM0\ARM_GCC_493\Debug\SCB_I2cCommMaster01.a(CyBootAsmGnu.o)

.debug_abbrev   0x00000000      0xb88
 *(.debug_abbrev)
 .debug_abbrev  0x00000000       0xb7 .\CortexM0\ARM_GCC_493\Debug\main.o
 .debug_abbrev  0x000000b7       0x5d .\CortexM0\ARM_GCC_493\Debug\cymetadata.o
 .debug_abbrev  0x00000114      0x17c .\CortexM0\ARM_GCC_493\Debug\Cm0Start.o
 .debug_abbrev  0x00000290      0x136 .\CortexM0\ARM_GCC_493\Debug\SCB_I2cCommMaster01.a(cyfitter_cfg.o)
 .debug_abbrev  0x000003c6       0xf3 .\CortexM0\ARM_GCC_493\Debug\SCB_I2cCommMaster01.a(I2CM.o)
 .debug_abbrev  0x000004b9       0x90 .\CortexM0\ARM_GCC_493\Debug\SCB_I2cCommMaster01.a(I2CM_I2C.o)
 .debug_abbrev  0x00000549      0x154 .\CortexM0\ARM_GCC_493\Debug\SCB_I2cCommMaster01.a(I2CM_I2C_MASTER.o)
 .debug_abbrev  0x0000069d       0xaa .\CortexM0\ARM_GCC_493\Debug\SCB_I2cCommMaster01.a(LED_RED.o)
 .debug_abbrev  0x00000747       0xaa .\CortexM0\ARM_GCC_493\Debug\SCB_I2cCommMaster01.a(LED_GREEN.o)
 .debug_abbrev  0x000007f1       0xaa .\CortexM0\ARM_GCC_493\Debug\SCB_I2cCommMaster01.a(I2CM_sda.o)
 .debug_abbrev  0x0000089b       0xaa .\CortexM0\ARM_GCC_493\Debug\SCB_I2cCommMaster01.a(I2CM_scl.o)
 .debug_abbrev  0x00000945      0x1a7 .\CortexM0\ARM_GCC_493\Debug\SCB_I2cCommMaster01.a(CyLib.o)
 .debug_abbrev  0x00000aec       0x88 .\CortexM0\ARM_GCC_493\Debug\SCB_I2cCommMaster01.a(I2CM_I2C_INT.o)
 .debug_abbrev  0x00000b74       0x14 .\CortexM0\ARM_GCC_493\Debug\SCB_I2cCommMaster01.a(CyBootAsmGnu.o)

.debug_line     0x00000000     0x1284
 *(.debug_line)
 .debug_line    0x00000000       0xbd .\CortexM0\ARM_GCC_493\Debug\main.o
 .debug_line    0x000000bd       0x53 .\CortexM0\ARM_GCC_493\Debug\cymetadata.o
 .debug_line    0x00000110      0x1c9 .\CortexM0\ARM_GCC_493\Debug\Cm0Start.o
 .debug_line    0x000002d9      0x166 .\CortexM0\ARM_GCC_493\Debug\SCB_I2cCommMaster01.a(cyfitter_cfg.o)
 .debug_line    0x0000043f      0x155 .\CortexM0\ARM_GCC_493\Debug\SCB_I2cCommMaster01.a(I2CM.o)
 .debug_line    0x00000594       0xb4 .\CortexM0\ARM_GCC_493\Debug\SCB_I2cCommMaster01.a(I2CM_I2C.o)
 .debug_line    0x00000648      0x2bd .\CortexM0\ARM_GCC_493\Debug\SCB_I2cCommMaster01.a(I2CM_I2C_MASTER.o)
 .debug_line    0x00000905       0xc1 .\CortexM0\ARM_GCC_493\Debug\SCB_I2cCommMaster01.a(LED_RED.o)
 .debug_line    0x000009c6       0xc3 .\CortexM0\ARM_GCC_493\Debug\SCB_I2cCommMaster01.a(LED_GREEN.o)
 .debug_line    0x00000a89       0xc2 .\CortexM0\ARM_GCC_493\Debug\SCB_I2cCommMaster01.a(I2CM_sda.o)
 .debug_line    0x00000b4b       0xc2 .\CortexM0\ARM_GCC_493\Debug\SCB_I2cCommMaster01.a(I2CM_scl.o)
 .debug_line    0x00000c0d      0x461 .\CortexM0\ARM_GCC_493\Debug\SCB_I2cCommMaster01.a(CyLib.o)
 .debug_line    0x0000106e      0x1ad .\CortexM0\ARM_GCC_493\Debug\SCB_I2cCommMaster01.a(I2CM_I2C_INT.o)
 .debug_line    0x0000121b       0x69 .\CortexM0\ARM_GCC_493\Debug\SCB_I2cCommMaster01.a(CyBootAsmGnu.o)

.debug_frame    0x00000000      0xeec
 *(.debug_frame)
 .debug_frame   0x00000000       0x70 .\CortexM0\ARM_GCC_493\Debug\main.o
 .debug_frame   0x00000070       0xc8 .\CortexM0\ARM_GCC_493\Debug\Cm0Start.o
 .debug_frame   0x00000138       0xc8 .\CortexM0\ARM_GCC_493\Debug\SCB_I2cCommMaster01.a(cyfitter_cfg.o)
 .debug_frame   0x00000200      0x150 .\CortexM0\ARM_GCC_493\Debug\SCB_I2cCommMaster01.a(I2CM.o)
 .debug_frame   0x00000350       0x48 .\CortexM0\ARM_GCC_493\Debug\SCB_I2cCommMaster01.a(I2CM_I2C.o)
 .debug_frame   0x00000398      0x1c0 .\CortexM0\ARM_GCC_493\Debug\SCB_I2cCommMaster01.a(I2CM_I2C_MASTER.o)
 .debug_frame   0x00000558       0xc8 .\CortexM0\ARM_GCC_493\Debug\SCB_I2cCommMaster01.a(LED_RED.o)
 .debug_frame   0x00000620       0xc8 .\CortexM0\ARM_GCC_493\Debug\SCB_I2cCommMaster01.a(LED_GREEN.o)
 .debug_frame   0x000006e8       0xc8 .\CortexM0\ARM_GCC_493\Debug\SCB_I2cCommMaster01.a(I2CM_sda.o)
 .debug_frame   0x000007b0       0xc8 .\CortexM0\ARM_GCC_493\Debug\SCB_I2cCommMaster01.a(I2CM_scl.o)
 .debug_frame   0x00000878      0x568 .\CortexM0\ARM_GCC_493\Debug\SCB_I2cCommMaster01.a(CyLib.o)
 .debug_frame   0x00000de0       0x30 .\CortexM0\ARM_GCC_493\Debug\SCB_I2cCommMaster01.a(I2CM_I2C_INT.o)
 .debug_frame   0x00000e10       0x20 c:/program files (x86)/cypress/psoc creator/3.3/psoc creator/import/gnu/arm/4.9.3/bin/../lib/gcc/arm-none-eabi/4.9.3/armv6-m\libgcc.a(_udivsi3.o)
 .debug_frame   0x00000e30       0x20 c:/program files (x86)/cypress/psoc creator/3.3/psoc creator/import/gnu/arm/4.9.3/bin/../lib/gcc/arm-none-eabi/4.9.3/../../../../arm-none-eabi/lib/armv6-m\libg_nano.a(lib_a-errno.o)
 .debug_frame   0x00000e50       0x28 c:/program files (x86)/cypress/psoc creator/3.3/psoc creator/import/gnu/arm/4.9.3/bin/../lib/gcc/arm-none-eabi/4.9.3/../../../../arm-none-eabi/lib/armv6-m\libg_nano.a(lib_a-exit.o)
 .debug_frame   0x00000e78       0x2c c:/program files (x86)/cypress/psoc creator/3.3/psoc creator/import/gnu/arm/4.9.3/bin/../lib/gcc/arm-none-eabi/4.9.3/../../../../arm-none-eabi/lib/armv6-m\libg_nano.a(lib_a-init.o)
 .debug_frame   0x00000ea4       0x28 c:/program files (x86)/cypress/psoc creator/3.3/psoc creator/import/gnu/arm/4.9.3/bin/../lib/gcc/arm-none-eabi/4.9.3/../../../../arm-none-eabi/lib/armv6-m\libg_nano.a(lib_a-memcpy.o)
 .debug_frame   0x00000ecc       0x20 c:/program files (x86)/cypress/psoc creator/3.3/psoc creator/import/gnu/arm/4.9.3/bin/../lib/gcc/arm-none-eabi/4.9.3/../../../../arm-none-eabi/lib/armv6-m\libg_nano.a(lib_a-memset.o)

.debug_str      0x00000000      0xf33
 *(.debug_str)
 .debug_str     0x00000000      0x183 .\CortexM0\ARM_GCC_493\Debug\main.o
                                0x1bc (size before relaxing)
 .debug_str     0x00000183       0x5b .\CortexM0\ARM_GCC_493\Debug\cymetadata.o
                                0x1c1 (size before relaxing)
 .debug_str     0x000001de      0x12e .\CortexM0\ARM_GCC_493\Debug\Cm0Start.o
                                0x2b5 (size before relaxing)
 .debug_str     0x0000030c       0x9e .\CortexM0\ARM_GCC_493\Debug\SCB_I2cCommMaster01.a(cyfitter_cfg.o)
                                0x22c (size before relaxing)
 .debug_str     0x000003aa      0x12e .\CortexM0\ARM_GCC_493\Debug\SCB_I2cCommMaster01.a(I2CM.o)
                                0x2a1 (size before relaxing)
 .debug_str     0x000004d8       0x81 .\CortexM0\ARM_GCC_493\Debug\SCB_I2cCommMaster01.a(I2CM_I2C.o)
                                0x1fb (size before relaxing)
 .debug_str     0x00000559      0x246 .\CortexM0\ARM_GCC_493\Debug\SCB_I2cCommMaster01.a(I2CM_I2C_MASTER.o)
                                0x40a (size before relaxing)
 .debug_str     0x0000079f       0xc1 .\CortexM0\ARM_GCC_493\Debug\SCB_I2cCommMaster01.a(LED_RED.o)
                                0x237 (size before relaxing)
 .debug_str     0x00000860       0xa5 .\CortexM0\ARM_GCC_493\Debug\SCB_I2cCommMaster01.a(LED_GREEN.o)
                                0x245 (size before relaxing)
 .debug_str     0x00000905       0x9e .\CortexM0\ARM_GCC_493\Debug\SCB_I2cCommMaster01.a(I2CM_sda.o)
                                0x23e (size before relaxing)
 .debug_str     0x000009a3       0x9e .\CortexM0\ARM_GCC_493\Debug\SCB_I2cCommMaster01.a(I2CM_scl.o)
                                0x23e (size before relaxing)
 .debug_str     0x00000a41      0x4a7 .\CortexM0\ARM_GCC_493\Debug\SCB_I2cCommMaster01.a(CyLib.o)
                                0x641 (size before relaxing)
 .debug_str     0x00000ee8       0x4b .\CortexM0\ARM_GCC_493\Debug\SCB_I2cCommMaster01.a(I2CM_I2C_INT.o)
                                0x29e (size before relaxing)

.debug_loc
 *(.debug_loc)

.debug_macinfo
 *(.debug_macinfo)

.debug_ranges   0x00000000      0x3d8
 *(.debug_ranges)
 .debug_ranges  0x00000000       0x20 .\CortexM0\ARM_GCC_493\Debug\main.o
 .debug_ranges  0x00000020       0x38 .\CortexM0\ARM_GCC_493\Debug\Cm0Start.o
 .debug_ranges  0x00000058       0x38 .\CortexM0\ARM_GCC_493\Debug\SCB_I2cCommMaster01.a(cyfitter_cfg.o)
 .debug_ranges  0x00000090       0x60 .\CortexM0\ARM_GCC_493\Debug\SCB_I2cCommMaster01.a(I2CM.o)
 .debug_ranges  0x000000f0       0x18 .\CortexM0\ARM_GCC_493\Debug\SCB_I2cCommMaster01.a(I2CM_I2C.o)
 .debug_ranges  0x00000108       0x78 .\CortexM0\ARM_GCC_493\Debug\SCB_I2cCommMaster01.a(I2CM_I2C_MASTER.o)
 .debug_ranges  0x00000180       0x38 .\CortexM0\ARM_GCC_493\Debug\SCB_I2cCommMaster01.a(LED_RED.o)
 .debug_ranges  0x000001b8       0x38 .\CortexM0\ARM_GCC_493\Debug\SCB_I2cCommMaster01.a(LED_GREEN.o)
 .debug_ranges  0x000001f0       0x38 .\CortexM0\ARM_GCC_493\Debug\SCB_I2cCommMaster01.a(I2CM_sda.o)
 .debug_ranges  0x00000228       0x38 .\CortexM0\ARM_GCC_493\Debug\SCB_I2cCommMaster01.a(I2CM_scl.o)
 .debug_ranges  0x00000260      0x168 .\CortexM0\ARM_GCC_493\Debug\SCB_I2cCommMaster01.a(CyLib.o)
 .debug_ranges  0x000003c8       0x10 .\CortexM0\ARM_GCC_493\Debug\SCB_I2cCommMaster01.a(I2CM_I2C_INT.o)

.comment        0x00000000       0x70
 .comment       0x00000000       0x70 .\CortexM0\ARM_GCC_493\Debug\main.o
                                 0x71 (size before relaxing)
 .comment       0x00000000       0x71 .\CortexM0\ARM_GCC_493\Debug\cymetadata.o
 .comment       0x00000000       0x71 .\CortexM0\ARM_GCC_493\Debug\Cm0Start.o
 .comment       0x00000000       0x71 .\CortexM0\ARM_GCC_493\Debug\SCB_I2cCommMaster01.a(cyfitter_cfg.o)
 .comment       0x00000000       0x71 .\CortexM0\ARM_GCC_493\Debug\SCB_I2cCommMaster01.a(I2CM.o)
 .comment       0x00000000       0x71 .\CortexM0\ARM_GCC_493\Debug\SCB_I2cCommMaster01.a(I2CM_I2C.o)
 .comment       0x00000000       0x71 .\CortexM0\ARM_GCC_493\Debug\SCB_I2cCommMaster01.a(I2CM_I2C_MASTER.o)
 .comment       0x00000000       0x71 .\CortexM0\ARM_GCC_493\Debug\SCB_I2cCommMaster01.a(LED_RED.o)
 .comment       0x00000000       0x71 .\CortexM0\ARM_GCC_493\Debug\SCB_I2cCommMaster01.a(LED_GREEN.o)
 .comment       0x00000000       0x71 .\CortexM0\ARM_GCC_493\Debug\SCB_I2cCommMaster01.a(I2CM_sda.o)
 .comment       0x00000000       0x71 .\CortexM0\ARM_GCC_493\Debug\SCB_I2cCommMaster01.a(I2CM_scl.o)
 .comment       0x00000000       0x71 .\CortexM0\ARM_GCC_493\Debug\SCB_I2cCommMaster01.a(CyLib.o)
 .comment       0x00000000       0x71 .\CortexM0\ARM_GCC_493\Debug\SCB_I2cCommMaster01.a(I2CM_I2C_INT.o)

.debug_weaknames
 *(.debug_weaknames)

.debug_funcnames
 *(.debug_funcnames)

.debug_typenames
 *(.debug_typenames)

.debug_varnames
 *(.debug_varnames)

.note.gnu.arm.ident
 *(.note.gnu.arm.ident)

.ARM.attributes
                0x00000000       0x28
 *(.ARM.attributes)
 .ARM.attributes
                0x00000000       0x1e c:/program files (x86)/cypress/psoc creator/3.3/psoc creator/import/gnu/arm/4.9.3/bin/../lib/gcc/arm-none-eabi/4.9.3/armv6-m/crti.o
 .ARM.attributes
                0x0000001e       0x2c c:/program files (x86)/cypress/psoc creator/3.3/psoc creator/import/gnu/arm/4.9.3/bin/../lib/gcc/arm-none-eabi/4.9.3/armv6-m/crtbegin.o
 .ARM.attributes
                0x0000004a       0x1b c:/program files (x86)/cypress/psoc creator/3.3/psoc creator/import/gnu/arm/4.9.3/bin/../lib/gcc/arm-none-eabi/4.9.3/../../../../arm-none-eabi/lib/armv6-m/crt0.o
 .ARM.attributes
                0x00000065       0x31 .\CortexM0\ARM_GCC_493\Debug\main.o
 .ARM.attributes
                0x00000096       0x31 .\CortexM0\ARM_GCC_493\Debug\cymetadata.o
 .ARM.attributes
                0x000000c7       0x31 .\CortexM0\ARM_GCC_493\Debug\Cm0Start.o
 .ARM.attributes
                0x000000f8       0x31 .\CortexM0\ARM_GCC_493\Debug\SCB_I2cCommMaster01.a(cyfitter_cfg.o)
 .ARM.attributes
                0x00000129       0x31 .\CortexM0\ARM_GCC_493\Debug\SCB_I2cCommMaster01.a(I2CM.o)
 .ARM.attributes
                0x0000015a       0x31 .\CortexM0\ARM_GCC_493\Debug\SCB_I2cCommMaster01.a(I2CM_I2C.o)
 .ARM.attributes
                0x0000018b       0x31 .\CortexM0\ARM_GCC_493\Debug\SCB_I2cCommMaster01.a(I2CM_I2C_MASTER.o)
 .ARM.attributes
                0x000001bc       0x31 .\CortexM0\ARM_GCC_493\Debug\SCB_I2cCommMaster01.a(LED_RED.o)
 .ARM.attributes
                0x000001ed       0x31 .\CortexM0\ARM_GCC_493\Debug\SCB_I2cCommMaster01.a(LED_GREEN.o)
 .ARM.attributes
                0x0000021e       0x31 .\CortexM0\ARM_GCC_493\Debug\SCB_I2cCommMaster01.a(I2CM_sda.o)
 .ARM.attributes
                0x0000024f       0x31 .\CortexM0\ARM_GCC_493\Debug\SCB_I2cCommMaster01.a(I2CM_scl.o)
 .ARM.attributes
                0x00000280       0x31 .\CortexM0\ARM_GCC_493\Debug\SCB_I2cCommMaster01.a(CyLib.o)
 .ARM.attributes
                0x000002b1       0x31 .\CortexM0\ARM_GCC_493\Debug\SCB_I2cCommMaster01.a(I2CM_I2C_INT.o)
 .ARM.attributes
                0x000002e2       0x21 .\CortexM0\ARM_GCC_493\Debug\SCB_I2cCommMaster01.a(CyBootAsmGnu.o)
 .ARM.attributes
                0x00000303       0x1e c:/program files (x86)/cypress/psoc creator/3.3/psoc creator/import/gnu/arm/4.9.3/bin/../lib/gcc/arm-none-eabi/4.9.3/armv6-m\libgcc.a(_udivsi3.o)
 .ARM.attributes
                0x00000321       0x1e c:/program files (x86)/cypress/psoc creator/3.3/psoc creator/import/gnu/arm/4.9.3/bin/../lib/gcc/arm-none-eabi/4.9.3/armv6-m\libgcc.a(_dvmd_tls.o)
 .ARM.attributes
                0x0000033f       0x2c c:/program files (x86)/cypress/psoc creator/3.3/psoc creator/import/gnu/arm/4.9.3/bin/../lib/gcc/arm-none-eabi/4.9.3/../../../../arm-none-eabi/lib/armv6-m\libg_nano.a(lib_a-errno.o)
 .ARM.attributes
                0x0000036b       0x2c c:/program files (x86)/cypress/psoc creator/3.3/psoc creator/import/gnu/arm/4.9.3/bin/../lib/gcc/arm-none-eabi/4.9.3/../../../../arm-none-eabi/lib/armv6-m\libg_nano.a(lib_a-exit.o)
 .ARM.attributes
                0x00000397       0x2c c:/program files (x86)/cypress/psoc creator/3.3/psoc creator/import/gnu/arm/4.9.3/bin/../lib/gcc/arm-none-eabi/4.9.3/../../../../arm-none-eabi/lib/armv6-m\libg_nano.a(lib_a-impure.o)
 .ARM.attributes
                0x000003c3       0x2c c:/program files (x86)/cypress/psoc creator/3.3/psoc creator/import/gnu/arm/4.9.3/bin/../lib/gcc/arm-none-eabi/4.9.3/../../../../arm-none-eabi/lib/armv6-m\libg_nano.a(lib_a-init.o)
 .ARM.attributes
                0x000003ef       0x2c c:/program files (x86)/cypress/psoc creator/3.3/psoc creator/import/gnu/arm/4.9.3/bin/../lib/gcc/arm-none-eabi/4.9.3/../../../../arm-none-eabi/lib/armv6-m\libg_nano.a(lib_a-memcpy.o)
 .ARM.attributes
                0x0000041b       0x2c c:/program files (x86)/cypress/psoc creator/3.3/psoc creator/import/gnu/arm/4.9.3/bin/../lib/gcc/arm-none-eabi/4.9.3/../../../../arm-none-eabi/lib/armv6-m\libg_nano.a(lib_a-memset.o)
 .ARM.attributes
                0x00000447       0x2c c:/program files (x86)/cypress/psoc creator/3.3/psoc creator/import/gnu/arm/4.9.3/bin/../lib/gcc/arm-none-eabi/4.9.3/armv6-m/crtend.o
 .ARM.attributes
                0x00000473       0x1e c:/program files (x86)/cypress/psoc creator/3.3/psoc creator/import/gnu/arm/4.9.3/bin/../lib/gcc/arm-none-eabi/4.9.3/armv6-m/crtn.o

/DISCARD/
 *(.note.GNU-stack)
OUTPUT(.\CortexM0\ARM_GCC_493\Debug\SCB_I2cCommMaster01.elf elf32-littlearm)
