ARM GAS  C:\Users\HERMIN~1\AppData\Local\Temp\ccxvqui9.s 			page 1


   1              		.cpu cortex-m0
   2              		.fpu softvfp
   3              		.eabi_attribute 20, 1
   4              		.eabi_attribute 21, 1
   5              		.eabi_attribute 23, 3
   6              		.eabi_attribute 24, 1
   7              		.eabi_attribute 25, 1
   8              		.eabi_attribute 26, 1
   9              		.eabi_attribute 30, 6
  10              		.eabi_attribute 34, 0
  11              		.eabi_attribute 18, 4
  12              		.code	16
  13              		.file	"main.c"
  14              		.text
  15              	.Ltext0:
  16              		.cfi_sections	.debug_frame
  17              		.global	i2cReadBuffer
  18              		.data
  19              		.align	2
  20              		.type	i2cReadBuffer, %object
  21              		.size	i2cReadBuffer, 3
  22              	i2cReadBuffer:
  23 0000 01       		.byte	1
  24 0001 FF       		.byte	-1
  25 0002 17       		.byte	23
  26              		.comm	i2cWriteBuffer,4,4
  27 0003 00       		.section	.text.main,"ax",%progbits
  28              		.align	2
  29              		.global	main
  30              		.code	16
  31              		.thumb_func
  32              		.type	main, %function
  33              	main:
  34              	.LFB34:
  35              		.file 1 ".\\main.c"
   1:.\main.c      **** /*******************************************************************************
   2:.\main.c      **** * File Name: main.c
   3:.\main.c      **** *
   4:.\main.c      **** * Version: 1.20
   5:.\main.c      **** *
   6:.\main.c      **** * Description:
   7:.\main.c      **** *  This example project demonstrates the basic operation of the I2C slave
   8:.\main.c      **** *  (SCB mode) component. The I2C slave accepts a packet with a command from
   9:.\main.c      **** *  the I2C master to control the RGB LED color. The I2C slave updates its
  10:.\main.c      **** *  buffer with a status packet in response to the accepted command.
  11:.\main.c      **** *  For more information refer to the example project datasheet.
  12:.\main.c      **** *
  13:.\main.c      **** ********************************************************************************
  14:.\main.c      **** * Copyright 2014-2015, Cypress Semiconductor Corporation. All rights reserved.
  15:.\main.c      **** * This software is owned by Cypress Semiconductor Corporation and is protected
  16:.\main.c      **** * by and subject to worldwide patent and copyright laws and treaties.
  17:.\main.c      **** * Therefore, you may use this software only as provided in the license agreement
  18:.\main.c      **** * accompanying the software package from which you obtained this software.
  19:.\main.c      **** * CYPRESS AND ITS SUPPLIERS MAKE NO WARRANTY OF ANY KIND, EXPRESS OR IMPLIED,
  20:.\main.c      **** * WITH REGARD TO THIS SOFTWARE, INCLUDING, BUT NOT LIMITED TO, NONINFRINGEMENT,
  21:.\main.c      **** * IMPLIED WARRANTIES OF MERCHANTABILITY AND FITNESS FOR A PARTICULAR PURPOSE.
  22:.\main.c      **** *******************************************************************************/
ARM GAS  C:\Users\HERMIN~1\AppData\Local\Temp\ccxvqui9.s 			page 2


  23:.\main.c      **** 
  24:.\main.c      **** #include <main.h>
  25:.\main.c      **** 
  26:.\main.c      **** /* I2C slave read and write buffers */
  27:.\main.c      **** uint8 i2cReadBuffer [READ_BUFFER_SIZE] = {PACKET_SOP, STS_CMD_FAIL, PACKET_EOP};
  28:.\main.c      **** uint8 i2cWriteBuffer[WRITE_BUFFER_SIZE];
  29:.\main.c      **** 
  30:.\main.c      **** 
  31:.\main.c      **** /*******************************************************************************
  32:.\main.c      **** * Function Name: main
  33:.\main.c      **** ********************************************************************************
  34:.\main.c      **** * Summary:
  35:.\main.c      **** *  Main function performs following actions:
  36:.\main.c      **** *   1. Turns off status RGB LED
  37:.\main.c      **** *   2. Sets up I2C slave write and read buffers.
  38:.\main.c      **** *   3. Starts I2C slave (SCB mode) component.
  39:.\main.c      **** *   4. Enables global interrupts.
  40:.\main.c      **** *   5. Waits for command from the I2C master to control the RGB LED.
  41:.\main.c      **** *
  42:.\main.c      **** * Parameters:
  43:.\main.c      **** *  None
  44:.\main.c      **** *
  45:.\main.c      **** * Return:
  46:.\main.c      **** *  None
  47:.\main.c      **** *
  48:.\main.c      **** *******************************************************************************/
  49:.\main.c      **** int main()
  50:.\main.c      **** {
  36              		.loc 1 50 0
  37              		.cfi_startproc
  38 0000 90B5     		push	{r4, r7, lr}
  39              		.cfi_def_cfa_offset 12
  40              		.cfi_offset 4, -12
  41              		.cfi_offset 7, -8
  42              		.cfi_offset 14, -4
  43 0002 83B0     		sub	sp, sp, #12
  44              		.cfi_def_cfa_offset 24
  45 0004 00AF     		add	r7, sp, #0
  46              		.cfi_def_cfa_register 7
  51:.\main.c      ****     uint8 status = STS_CMD_FAIL;
  47              		.loc 1 51 0
  48 0006 FB1D     		add	r3, r7, #7
  49 0008 FF22     		mov	r2, #255
  50 000a 1A70     		strb	r2, [r3]
  52:.\main.c      **** 
  53:.\main.c      ****     RGB_LED_OFF;
  51              		.loc 1 53 0
  52 000c 0120     		mov	r0, #1
  53 000e FFF7FEFF 		bl	LED_RED_Write
  54 0012 0120     		mov	r0, #1
  55 0014 FFF7FEFF 		bl	LED_GREEN_Write
  56 0018 0120     		mov	r0, #1
  57 001a FFF7FEFF 		bl	LED_BLUE_Write
  54:.\main.c      **** 
  55:.\main.c      ****     /* Start I2C slave (SCB mode) */
  56:.\main.c      ****     I2CS_I2CSlaveInitReadBuf (i2cReadBuffer,  READ_BUFFER_SIZE);
  58              		.loc 1 56 0
ARM GAS  C:\Users\HERMIN~1\AppData\Local\Temp\ccxvqui9.s 			page 3


  59 001e 214B     		ldr	r3, .L6
  60 0020 181C     		mov	r0, r3
  61 0022 0321     		mov	r1, #3
  62 0024 FFF7FEFF 		bl	I2CS_I2CSlaveInitReadBuf
  57:.\main.c      ****     I2CS_I2CSlaveInitWriteBuf(i2cWriteBuffer, WRITE_BUFFER_SIZE);
  63              		.loc 1 57 0
  64 0028 1F4B     		ldr	r3, .L6+4
  65 002a 181C     		mov	r0, r3
  66 002c 0421     		mov	r1, #4
  67 002e FFF7FEFF 		bl	I2CS_I2CSlaveInitWriteBuf
  58:.\main.c      ****     I2CS_Start();
  68              		.loc 1 58 0
  69 0032 FFF7FEFF 		bl	I2CS_Start
  59:.\main.c      **** 
  60:.\main.c      ****     CyGlobalIntEnable;
  70              		.loc 1 60 0
  71              	@ 60 ".\main.c" 1
  72 0036 62B6     		CPSIE   i
  73              	@ 0 "" 2
  74              		.code	16
  75              	.L5:
  61:.\main.c      **** 
  62:.\main.c      ****     /***************************************************************************
  63:.\main.c      ****     * Main polling loop
  64:.\main.c      ****     ***************************************************************************/
  65:.\main.c      ****     for (;;)
  66:.\main.c      ****     {
  67:.\main.c      ****         /* Write complete: parse command packet */
  68:.\main.c      ****         if (0u != (I2CS_I2CSlaveStatus() & I2CS_I2C_SSTAT_WR_CMPLT))
  76              		.loc 1 68 0
  77 0038 FFF7FEFF 		bl	I2CS_I2CSlaveStatus
  78 003c 021C     		mov	r2, r0
  79 003e 1023     		mov	r3, #16
  80 0040 1340     		and	r3, r2
  81 0042 23D0     		beq	.L2
  69:.\main.c      ****         {
  70:.\main.c      ****             /* Check packet length */
  71:.\main.c      ****             if (WRITE_PACKET_SIZE == I2CS_I2CSlaveGetWriteBufSize())
  82              		.loc 1 71 0
  83 0044 FFF7FEFF 		bl	I2CS_I2CSlaveGetWriteBufSize
  84 0048 031E     		sub	r3, r0, #0
  85 004a 042B     		cmp	r3, #4
  86 004c 13D1     		bne	.L3
  72:.\main.c      ****             {
  73:.\main.c      ****                 /* Check start and end of packet markers */
  74:.\main.c      ****                 if ((i2cWriteBuffer[PACKET_SOP_POS] == PACKET_SOP) &&
  87              		.loc 1 74 0
  88 004e 164B     		ldr	r3, .L6+4
  89 0050 1B78     		ldrb	r3, [r3]
  90 0052 012B     		cmp	r3, #1
  91 0054 0FD1     		bne	.L3
  75:.\main.c      ****                     (i2cWriteBuffer[PACKET_EOP_POS] == PACKET_EOP))
  92              		.loc 1 75 0 discriminator 1
  93 0056 144B     		ldr	r3, .L6+4
  94 0058 DB78     		ldrb	r3, [r3, #3]
  74:.\main.c      ****                     (i2cWriteBuffer[PACKET_EOP_POS] == PACKET_EOP))
  95              		.loc 1 74 0 discriminator 1
ARM GAS  C:\Users\HERMIN~1\AppData\Local\Temp\ccxvqui9.s 			page 4


  96 005a 172B     		cmp	r3, #23
  97 005c 0BD1     		bne	.L3
  76:.\main.c      ****                 {
  77:.\main.c      ****                     status = ExecuteCommand(i2cWriteBuffer[PACKET_CMD_POS],i2cWriteBuffer[PACKET_VA
  98              		.loc 1 77 0
  99 005e 124B     		ldr	r3, .L6+4
 100 0060 5B78     		ldrb	r3, [r3, #1]
 101 0062 1A1C     		mov	r2, r3
 102 0064 104B     		ldr	r3, .L6+4
 103 0066 9B78     		ldrb	r3, [r3, #2]
 104 0068 FC1D     		add	r4, r7, #7
 105 006a 101C     		mov	r0, r2
 106 006c 191C     		mov	r1, r3
 107 006e FFF7FEFF 		bl	ExecuteCommand
 108 0072 031C     		mov	r3, r0
 109 0074 2370     		strb	r3, [r4]
 110              	.L3:
  78:.\main.c      ****                 }
  79:.\main.c      ****             }
  80:.\main.c      ****             
  81:.\main.c      ****             /* Clear slave write buffer and status */
  82:.\main.c      ****             I2CS_I2CSlaveClearWriteBuf();
 111              		.loc 1 82 0
 112 0076 FFF7FEFF 		bl	I2CS_I2CSlaveClearWriteBuf
  83:.\main.c      ****             (void) I2CS_I2CSlaveClearWriteStatus();
 113              		.loc 1 83 0
 114 007a FFF7FEFF 		bl	I2CS_I2CSlaveClearWriteStatus
  84:.\main.c      ****             
  85:.\main.c      ****             /* Update read buffer */
  86:.\main.c      ****             i2cReadBuffer[PACKET_STS_POS] = status; // Set the cmd status to the cmd
 115              		.loc 1 86 0
 116 007e 094B     		ldr	r3, .L6
 117 0080 FA1D     		add	r2, r7, #7
 118 0082 1278     		ldrb	r2, [r2]
 119 0084 5A70     		strb	r2, [r3, #1]
  87:.\main.c      ****             status = STS_CMD_FAIL;
 120              		.loc 1 87 0
 121 0086 FB1D     		add	r3, r7, #7
 122 0088 FF22     		mov	r2, #255
 123 008a 1A70     		strb	r2, [r3]
 124              	.L2:
  88:.\main.c      **** 
  89:.\main.c      ****         }
  90:.\main.c      **** 
  91:.\main.c      ****         /* Read complete: expose buffer to master */
  92:.\main.c      ****         if (0u != (I2CS_I2CSlaveStatus() & I2CS_I2C_SSTAT_RD_CMPLT))
 125              		.loc 1 92 0
 126 008c FFF7FEFF 		bl	I2CS_I2CSlaveStatus
 127 0090 021C     		mov	r2, r0
 128 0092 0123     		mov	r3, #1
 129 0094 1340     		and	r3, r2
 130 0096 03D0     		beq	.L4
  93:.\main.c      ****         {
  94:.\main.c      ****             /* Clear slave read buffer and status */
  95:.\main.c      ****             I2CS_I2CSlaveClearReadBuf();
 131              		.loc 1 95 0
 132 0098 FFF7FEFF 		bl	I2CS_I2CSlaveClearReadBuf
ARM GAS  C:\Users\HERMIN~1\AppData\Local\Temp\ccxvqui9.s 			page 5


  96:.\main.c      ****             (void) I2CS_I2CSlaveClearReadStatus();
 133              		.loc 1 96 0
 134 009c FFF7FEFF 		bl	I2CS_I2CSlaveClearReadStatus
 135              	.L4:
  97:.\main.c      ****         }
  98:.\main.c      ****     }
 136              		.loc 1 98 0
 137 00a0 CAE7     		b	.L5
 138              	.L7:
 139 00a2 C046     		.align	2
 140              	.L6:
 141 00a4 00000000 		.word	i2cReadBuffer
 142 00a8 00000000 		.word	i2cWriteBuffer
 143              		.cfi_endproc
 144              	.LFE34:
 145              		.size	main, .-main
 146              		.section	.text.ExecuteCommand,"ax",%progbits
 147              		.align	2
 148              		.global	ExecuteCommand
 149              		.code	16
 150              		.thumb_func
 151              		.type	ExecuteCommand, %function
 152              	ExecuteCommand:
 153              	.LFB35:
  99:.\main.c      **** }
 100:.\main.c      **** 
 101:.\main.c      **** 
 102:.\main.c      **** /*******************************************************************************
 103:.\main.c      **** * Function Name: ExecuteCommand
 104:.\main.c      **** ********************************************************************************
 105:.\main.c      **** * Summary:
 106:.\main.c      **** *  Executes received command to control the LED color and returns status.
 107:.\main.c      **** *  If the command is unknown, the LED color is not changed.
 108:.\main.c      **** *
 109:.\main.c      **** * Parameters:
 110:.\main.c      **** *  cmd: command to execute. Available commands:
 111:.\main.c      **** *   - CMD_SET_RED:   set red color of the LED.
 112:.\main.c      **** *   - CMD_SET_GREEN: set green color of the LED.
 113:.\main.c      **** *   - CMD_SET_BLUE:  set blue color of the LED.
 114:.\main.c      **** *   - CMD_SET_OFF:   turn off the LED.
 115:.\main.c      **** *
 116:.\main.c      **** * Return:
 117:.\main.c      **** *  Returns status of command execution. There are two statuses
 118:.\main.c      **** *  - STS_CMD_DONE: command is executed successfully.
 119:.\main.c      **** *  - STS_CMD_FAIL: unknown command
 120:.\main.c      **** *
 121:.\main.c      **** *******************************************************************************/
 122:.\main.c      **** uint8 ExecuteCommand(uint32 cmd, uint32 var)
 123:.\main.c      **** {
 154              		.loc 1 123 0
 155              		.cfi_startproc
 156 0000 80B5     		push	{r7, lr}
 157              		.cfi_def_cfa_offset 8
 158              		.cfi_offset 7, -8
 159              		.cfi_offset 14, -4
 160 0002 84B0     		sub	sp, sp, #16
 161              		.cfi_def_cfa_offset 24
ARM GAS  C:\Users\HERMIN~1\AppData\Local\Temp\ccxvqui9.s 			page 6


 162 0004 00AF     		add	r7, sp, #0
 163              		.cfi_def_cfa_register 7
 164 0006 7860     		str	r0, [r7, #4]
 165 0008 3960     		str	r1, [r7]
 124:.\main.c      ****     uint8 status;
 125:.\main.c      **** 
 126:.\main.c      ****     status = STS_CMD_DONE; 
 166              		.loc 1 126 0
 167 000a 0F23     		mov	r3, #15
 168 000c FB18     		add	r3, r7, r3
 169 000e 0022     		mov	r2, #0
 170 0010 1A70     		strb	r2, [r3]
 127:.\main.c      **** 
 128:.\main.c      ****     /* Execute received command */
 129:.\main.c      ****     switch (cmd)
 171              		.loc 1 129 0
 172 0012 7B68     		ldr	r3, [r7, #4]
 173 0014 012B     		cmp	r3, #1
 174 0016 05D0     		beq	.L10
 175 0018 22D3     		bcc	.L11
 176 001a 022B     		cmp	r3, #2
 177 001c 0CD0     		beq	.L12
 178 001e 032B     		cmp	r3, #3
 179 0020 14D0     		beq	.L13
 180 0022 27E0     		b	.L16
 181              	.L10:
 130:.\main.c      ****     {
 131:.\main.c      ****         case CMD_SET_RED:
 132:.\main.c      ****             RGB_LED_ON_RED;
 182              		.loc 1 132 0
 183 0024 0020     		mov	r0, #0
 184 0026 FFF7FEFF 		bl	LED_RED_Write
 185 002a 0120     		mov	r0, #1
 186 002c FFF7FEFF 		bl	LED_GREEN_Write
 187 0030 0120     		mov	r0, #1
 188 0032 FFF7FEFF 		bl	LED_BLUE_Write
 133:.\main.c      ****             break;
 189              		.loc 1 133 0
 190 0036 22E0     		b	.L14
 191              	.L12:
 134:.\main.c      **** 
 135:.\main.c      ****         case CMD_SET_GREEN:
 136:.\main.c      ****             RGB_LED_ON_GREEN;
 192              		.loc 1 136 0
 193 0038 0120     		mov	r0, #1
 194 003a FFF7FEFF 		bl	LED_RED_Write
 195 003e 0020     		mov	r0, #0
 196 0040 FFF7FEFF 		bl	LED_GREEN_Write
 197 0044 0120     		mov	r0, #1
 198 0046 FFF7FEFF 		bl	LED_BLUE_Write
 137:.\main.c      ****             break;
 199              		.loc 1 137 0
 200 004a 18E0     		b	.L14
 201              	.L13:
 138:.\main.c      **** 
 139:.\main.c      ****         case CMD_SET_BLUE:
 140:.\main.c      ****             RGB_LED_ON_BLUE;
ARM GAS  C:\Users\HERMIN~1\AppData\Local\Temp\ccxvqui9.s 			page 7


 202              		.loc 1 140 0
 203 004c 0120     		mov	r0, #1
 204 004e FFF7FEFF 		bl	LED_RED_Write
 205 0052 0120     		mov	r0, #1
 206 0054 FFF7FEFF 		bl	LED_GREEN_Write
 207 0058 0020     		mov	r0, #0
 208 005a FFF7FEFF 		bl	LED_BLUE_Write
 141:.\main.c      ****             break;
 209              		.loc 1 141 0
 210 005e 0EE0     		b	.L14
 211              	.L11:
 142:.\main.c      **** 
 143:.\main.c      ****         case CMD_SET_OFF:
 144:.\main.c      ****             RGB_LED_OFF;
 212              		.loc 1 144 0
 213 0060 0120     		mov	r0, #1
 214 0062 FFF7FEFF 		bl	LED_RED_Write
 215 0066 0120     		mov	r0, #1
 216 0068 FFF7FEFF 		bl	LED_GREEN_Write
 217 006c 0120     		mov	r0, #1
 218 006e FFF7FEFF 		bl	LED_BLUE_Write
 145:.\main.c      ****             break;
 219              		.loc 1 145 0
 220 0072 04E0     		b	.L14
 221              	.L16:
 146:.\main.c      **** 
 147:.\main.c      ****         default:
 148:.\main.c      ****             status = STS_CMD_FAIL; 
 222              		.loc 1 148 0
 223 0074 0F23     		mov	r3, #15
 224 0076 FB18     		add	r3, r7, r3
 225 0078 FF22     		mov	r2, #255
 226 007a 1A70     		strb	r2, [r3]
 149:.\main.c      ****             break;
 227              		.loc 1 149 0
 228 007c C046     		mov	r8, r8
 229              	.L14:
 150:.\main.c      ****     }
 151:.\main.c      **** 
 152:.\main.c      ****     return (var);
 230              		.loc 1 152 0
 231 007e 3B68     		ldr	r3, [r7]
 232 0080 DBB2     		uxtb	r3, r3
 153:.\main.c      **** }
 233              		.loc 1 153 0
 234 0082 181C     		mov	r0, r3
 235 0084 BD46     		mov	sp, r7
 236 0086 04B0     		add	sp, sp, #16
 237              		@ sp needed
 238 0088 80BD     		pop	{r7, pc}
 239              		.cfi_endproc
 240              	.LFE35:
 241              		.size	ExecuteCommand, .-ExecuteCommand
 242 008a C046     		.text
 243              	.Letext0:
 244              		.file 2 "Generated_Source\\PSoC4/cytypes.h"
 245              		.section	.debug_info,"",%progbits
ARM GAS  C:\Users\HERMIN~1\AppData\Local\Temp\ccxvqui9.s 			page 8


 246              	.Ldebug_info0:
 247 0000 4A010000 		.4byte	0x14a
 248 0004 0400     		.2byte	0x4
 249 0006 00000000 		.4byte	.Ldebug_abbrev0
 250 000a 04       		.byte	0x4
 251 000b 01       		.uleb128 0x1
 252 000c 99000000 		.4byte	.LASF18
 253 0010 01       		.byte	0x1
 254 0011 8D010000 		.4byte	.LASF19
 255 0015 22000000 		.4byte	.LASF20
 256 0019 00000000 		.4byte	.Ldebug_ranges0+0
 257 001d 00000000 		.4byte	0
 258 0021 00000000 		.4byte	.Ldebug_line0
 259 0025 02       		.uleb128 0x2
 260 0026 01       		.byte	0x1
 261 0027 06       		.byte	0x6
 262 0028 76010000 		.4byte	.LASF0
 263 002c 02       		.uleb128 0x2
 264 002d 01       		.byte	0x1
 265 002e 08       		.byte	0x8
 266 002f 27010000 		.4byte	.LASF1
 267 0033 02       		.uleb128 0x2
 268 0034 02       		.byte	0x2
 269 0035 05       		.byte	0x5
 270 0036 52010000 		.4byte	.LASF2
 271 003a 02       		.uleb128 0x2
 272 003b 02       		.byte	0x2
 273 003c 07       		.byte	0x7
 274 003d 63010000 		.4byte	.LASF3
 275 0041 02       		.uleb128 0x2
 276 0042 04       		.byte	0x4
 277 0043 05       		.byte	0x5
 278 0044 49010000 		.4byte	.LASF4
 279 0048 02       		.uleb128 0x2
 280 0049 04       		.byte	0x4
 281 004a 07       		.byte	0x7
 282 004b 61000000 		.4byte	.LASF5
 283 004f 02       		.uleb128 0x2
 284 0050 08       		.byte	0x8
 285 0051 05       		.byte	0x5
 286 0052 00000000 		.4byte	.LASF6
 287 0056 02       		.uleb128 0x2
 288 0057 08       		.byte	0x8
 289 0058 07       		.byte	0x7
 290 0059 73000000 		.4byte	.LASF7
 291 005d 03       		.uleb128 0x3
 292 005e 04       		.byte	0x4
 293 005f 05       		.byte	0x5
 294 0060 696E7400 		.ascii	"int\000"
 295 0064 02       		.uleb128 0x2
 296 0065 04       		.byte	0x4
 297 0066 07       		.byte	0x7
 298 0067 15000000 		.4byte	.LASF8
 299 006b 04       		.uleb128 0x4
 300 006c 5B000000 		.4byte	.LASF9
 301 0070 02       		.byte	0x2
 302 0071 3801     		.2byte	0x138
ARM GAS  C:\Users\HERMIN~1\AppData\Local\Temp\ccxvqui9.s 			page 9


 303 0073 2C000000 		.4byte	0x2c
 304 0077 04       		.uleb128 0x4
 305 0078 0E000000 		.4byte	.LASF10
 306 007c 02       		.byte	0x2
 307 007d 3A01     		.2byte	0x13a
 308 007f 48000000 		.4byte	0x48
 309 0083 02       		.uleb128 0x2
 310 0084 04       		.byte	0x4
 311 0085 04       		.byte	0x4
 312 0086 87010000 		.4byte	.LASF11
 313 008a 02       		.uleb128 0x2
 314 008b 08       		.byte	0x8
 315 008c 04       		.byte	0x4
 316 008d 5C010000 		.4byte	.LASF12
 317 0091 02       		.uleb128 0x2
 318 0092 01       		.byte	0x1
 319 0093 08       		.byte	0x8
 320 0094 35010000 		.4byte	.LASF13
 321 0098 02       		.uleb128 0x2
 322 0099 04       		.byte	0x4
 323 009a 07       		.byte	0x7
 324 009b A4010000 		.4byte	.LASF14
 325 009f 05       		.uleb128 0x5
 326 00a0 82010000 		.4byte	.LASF21
 327 00a4 01       		.byte	0x1
 328 00a5 31       		.byte	0x31
 329 00a6 5D000000 		.4byte	0x5d
 330 00aa 00000000 		.4byte	.LFB34
 331 00ae AC000000 		.4byte	.LFE34-.LFB34
 332 00b2 01       		.uleb128 0x1
 333 00b3 9C       		.byte	0x9c
 334 00b4 C7000000 		.4byte	0xc7
 335 00b8 06       		.uleb128 0x6
 336 00b9 54000000 		.4byte	.LASF15
 337 00bd 01       		.byte	0x1
 338 00be 33       		.byte	0x33
 339 00bf 6B000000 		.4byte	0x6b
 340 00c3 02       		.uleb128 0x2
 341 00c4 91       		.byte	0x91
 342 00c5 6F       		.sleb128 -17
 343 00c6 00       		.byte	0
 344 00c7 07       		.uleb128 0x7
 345 00c8 3A010000 		.4byte	.LASF22
 346 00cc 01       		.byte	0x1
 347 00cd 7A       		.byte	0x7a
 348 00ce 6B000000 		.4byte	0x6b
 349 00d2 00000000 		.4byte	.LFB35
 350 00d6 8A000000 		.4byte	.LFE35-.LFB35
 351 00da 01       		.uleb128 0x1
 352 00db 9C       		.byte	0x9c
 353 00dc 0B010000 		.4byte	0x10b
 354 00e0 08       		.uleb128 0x8
 355 00e1 636D6400 		.ascii	"cmd\000"
 356 00e5 01       		.byte	0x1
 357 00e6 7A       		.byte	0x7a
 358 00e7 77000000 		.4byte	0x77
 359 00eb 02       		.uleb128 0x2
ARM GAS  C:\Users\HERMIN~1\AppData\Local\Temp\ccxvqui9.s 			page 10


 360 00ec 91       		.byte	0x91
 361 00ed 6C       		.sleb128 -20
 362 00ee 08       		.uleb128 0x8
 363 00ef 76617200 		.ascii	"var\000"
 364 00f3 01       		.byte	0x1
 365 00f4 7A       		.byte	0x7a
 366 00f5 77000000 		.4byte	0x77
 367 00f9 02       		.uleb128 0x2
 368 00fa 91       		.byte	0x91
 369 00fb 68       		.sleb128 -24
 370 00fc 06       		.uleb128 0x6
 371 00fd 54000000 		.4byte	.LASF15
 372 0101 01       		.byte	0x1
 373 0102 7C       		.byte	0x7c
 374 0103 6B000000 		.4byte	0x6b
 375 0107 02       		.uleb128 0x2
 376 0108 91       		.byte	0x91
 377 0109 77       		.sleb128 -9
 378 010a 00       		.byte	0
 379 010b 09       		.uleb128 0x9
 380 010c 6B000000 		.4byte	0x6b
 381 0110 1B010000 		.4byte	0x11b
 382 0114 0A       		.uleb128 0xa
 383 0115 98000000 		.4byte	0x98
 384 0119 02       		.byte	0x2
 385 011a 00       		.byte	0
 386 011b 0B       		.uleb128 0xb
 387 011c 96010000 		.4byte	.LASF16
 388 0120 01       		.byte	0x1
 389 0121 1B       		.byte	0x1b
 390 0122 0B010000 		.4byte	0x10b
 391 0126 05       		.uleb128 0x5
 392 0127 03       		.byte	0x3
 393 0128 00000000 		.4byte	i2cReadBuffer
 394 012c 09       		.uleb128 0x9
 395 012d 6B000000 		.4byte	0x6b
 396 0131 3C010000 		.4byte	0x13c
 397 0135 0A       		.uleb128 0xa
 398 0136 98000000 		.4byte	0x98
 399 013a 03       		.byte	0x3
 400 013b 00       		.byte	0
 401 013c 0B       		.uleb128 0xb
 402 013d 8A000000 		.4byte	.LASF17
 403 0141 01       		.byte	0x1
 404 0142 1C       		.byte	0x1c
 405 0143 2C010000 		.4byte	0x12c
 406 0147 05       		.uleb128 0x5
 407 0148 03       		.byte	0x3
 408 0149 00000000 		.4byte	i2cWriteBuffer
 409 014d 00       		.byte	0
 410              		.section	.debug_abbrev,"",%progbits
 411              	.Ldebug_abbrev0:
 412 0000 01       		.uleb128 0x1
 413 0001 11       		.uleb128 0x11
 414 0002 01       		.byte	0x1
 415 0003 25       		.uleb128 0x25
 416 0004 0E       		.uleb128 0xe
ARM GAS  C:\Users\HERMIN~1\AppData\Local\Temp\ccxvqui9.s 			page 11


 417 0005 13       		.uleb128 0x13
 418 0006 0B       		.uleb128 0xb
 419 0007 03       		.uleb128 0x3
 420 0008 0E       		.uleb128 0xe
 421 0009 1B       		.uleb128 0x1b
 422 000a 0E       		.uleb128 0xe
 423 000b 55       		.uleb128 0x55
 424 000c 17       		.uleb128 0x17
 425 000d 11       		.uleb128 0x11
 426 000e 01       		.uleb128 0x1
 427 000f 10       		.uleb128 0x10
 428 0010 17       		.uleb128 0x17
 429 0011 00       		.byte	0
 430 0012 00       		.byte	0
 431 0013 02       		.uleb128 0x2
 432 0014 24       		.uleb128 0x24
 433 0015 00       		.byte	0
 434 0016 0B       		.uleb128 0xb
 435 0017 0B       		.uleb128 0xb
 436 0018 3E       		.uleb128 0x3e
 437 0019 0B       		.uleb128 0xb
 438 001a 03       		.uleb128 0x3
 439 001b 0E       		.uleb128 0xe
 440 001c 00       		.byte	0
 441 001d 00       		.byte	0
 442 001e 03       		.uleb128 0x3
 443 001f 24       		.uleb128 0x24
 444 0020 00       		.byte	0
 445 0021 0B       		.uleb128 0xb
 446 0022 0B       		.uleb128 0xb
 447 0023 3E       		.uleb128 0x3e
 448 0024 0B       		.uleb128 0xb
 449 0025 03       		.uleb128 0x3
 450 0026 08       		.uleb128 0x8
 451 0027 00       		.byte	0
 452 0028 00       		.byte	0
 453 0029 04       		.uleb128 0x4
 454 002a 16       		.uleb128 0x16
 455 002b 00       		.byte	0
 456 002c 03       		.uleb128 0x3
 457 002d 0E       		.uleb128 0xe
 458 002e 3A       		.uleb128 0x3a
 459 002f 0B       		.uleb128 0xb
 460 0030 3B       		.uleb128 0x3b
 461 0031 05       		.uleb128 0x5
 462 0032 49       		.uleb128 0x49
 463 0033 13       		.uleb128 0x13
 464 0034 00       		.byte	0
 465 0035 00       		.byte	0
 466 0036 05       		.uleb128 0x5
 467 0037 2E       		.uleb128 0x2e
 468 0038 01       		.byte	0x1
 469 0039 3F       		.uleb128 0x3f
 470 003a 19       		.uleb128 0x19
 471 003b 03       		.uleb128 0x3
 472 003c 0E       		.uleb128 0xe
 473 003d 3A       		.uleb128 0x3a
ARM GAS  C:\Users\HERMIN~1\AppData\Local\Temp\ccxvqui9.s 			page 12


 474 003e 0B       		.uleb128 0xb
 475 003f 3B       		.uleb128 0x3b
 476 0040 0B       		.uleb128 0xb
 477 0041 49       		.uleb128 0x49
 478 0042 13       		.uleb128 0x13
 479 0043 11       		.uleb128 0x11
 480 0044 01       		.uleb128 0x1
 481 0045 12       		.uleb128 0x12
 482 0046 06       		.uleb128 0x6
 483 0047 40       		.uleb128 0x40
 484 0048 18       		.uleb128 0x18
 485 0049 9642     		.uleb128 0x2116
 486 004b 19       		.uleb128 0x19
 487 004c 01       		.uleb128 0x1
 488 004d 13       		.uleb128 0x13
 489 004e 00       		.byte	0
 490 004f 00       		.byte	0
 491 0050 06       		.uleb128 0x6
 492 0051 34       		.uleb128 0x34
 493 0052 00       		.byte	0
 494 0053 03       		.uleb128 0x3
 495 0054 0E       		.uleb128 0xe
 496 0055 3A       		.uleb128 0x3a
 497 0056 0B       		.uleb128 0xb
 498 0057 3B       		.uleb128 0x3b
 499 0058 0B       		.uleb128 0xb
 500 0059 49       		.uleb128 0x49
 501 005a 13       		.uleb128 0x13
 502 005b 02       		.uleb128 0x2
 503 005c 18       		.uleb128 0x18
 504 005d 00       		.byte	0
 505 005e 00       		.byte	0
 506 005f 07       		.uleb128 0x7
 507 0060 2E       		.uleb128 0x2e
 508 0061 01       		.byte	0x1
 509 0062 3F       		.uleb128 0x3f
 510 0063 19       		.uleb128 0x19
 511 0064 03       		.uleb128 0x3
 512 0065 0E       		.uleb128 0xe
 513 0066 3A       		.uleb128 0x3a
 514 0067 0B       		.uleb128 0xb
 515 0068 3B       		.uleb128 0x3b
 516 0069 0B       		.uleb128 0xb
 517 006a 27       		.uleb128 0x27
 518 006b 19       		.uleb128 0x19
 519 006c 49       		.uleb128 0x49
 520 006d 13       		.uleb128 0x13
 521 006e 11       		.uleb128 0x11
 522 006f 01       		.uleb128 0x1
 523 0070 12       		.uleb128 0x12
 524 0071 06       		.uleb128 0x6
 525 0072 40       		.uleb128 0x40
 526 0073 18       		.uleb128 0x18
 527 0074 9642     		.uleb128 0x2116
 528 0076 19       		.uleb128 0x19
 529 0077 01       		.uleb128 0x1
 530 0078 13       		.uleb128 0x13
ARM GAS  C:\Users\HERMIN~1\AppData\Local\Temp\ccxvqui9.s 			page 13


 531 0079 00       		.byte	0
 532 007a 00       		.byte	0
 533 007b 08       		.uleb128 0x8
 534 007c 05       		.uleb128 0x5
 535 007d 00       		.byte	0
 536 007e 03       		.uleb128 0x3
 537 007f 08       		.uleb128 0x8
 538 0080 3A       		.uleb128 0x3a
 539 0081 0B       		.uleb128 0xb
 540 0082 3B       		.uleb128 0x3b
 541 0083 0B       		.uleb128 0xb
 542 0084 49       		.uleb128 0x49
 543 0085 13       		.uleb128 0x13
 544 0086 02       		.uleb128 0x2
 545 0087 18       		.uleb128 0x18
 546 0088 00       		.byte	0
 547 0089 00       		.byte	0
 548 008a 09       		.uleb128 0x9
 549 008b 01       		.uleb128 0x1
 550 008c 01       		.byte	0x1
 551 008d 49       		.uleb128 0x49
 552 008e 13       		.uleb128 0x13
 553 008f 01       		.uleb128 0x1
 554 0090 13       		.uleb128 0x13
 555 0091 00       		.byte	0
 556 0092 00       		.byte	0
 557 0093 0A       		.uleb128 0xa
 558 0094 21       		.uleb128 0x21
 559 0095 00       		.byte	0
 560 0096 49       		.uleb128 0x49
 561 0097 13       		.uleb128 0x13
 562 0098 2F       		.uleb128 0x2f
 563 0099 0B       		.uleb128 0xb
 564 009a 00       		.byte	0
 565 009b 00       		.byte	0
 566 009c 0B       		.uleb128 0xb
 567 009d 34       		.uleb128 0x34
 568 009e 00       		.byte	0
 569 009f 03       		.uleb128 0x3
 570 00a0 0E       		.uleb128 0xe
 571 00a1 3A       		.uleb128 0x3a
 572 00a2 0B       		.uleb128 0xb
 573 00a3 3B       		.uleb128 0x3b
 574 00a4 0B       		.uleb128 0xb
 575 00a5 49       		.uleb128 0x49
 576 00a6 13       		.uleb128 0x13
 577 00a7 3F       		.uleb128 0x3f
 578 00a8 19       		.uleb128 0x19
 579 00a9 02       		.uleb128 0x2
 580 00aa 18       		.uleb128 0x18
 581 00ab 00       		.byte	0
 582 00ac 00       		.byte	0
 583 00ad 00       		.byte	0
 584              		.section	.debug_aranges,"",%progbits
 585 0000 24000000 		.4byte	0x24
 586 0004 0200     		.2byte	0x2
 587 0006 00000000 		.4byte	.Ldebug_info0
ARM GAS  C:\Users\HERMIN~1\AppData\Local\Temp\ccxvqui9.s 			page 14


 588 000a 04       		.byte	0x4
 589 000b 00       		.byte	0
 590 000c 0000     		.2byte	0
 591 000e 0000     		.2byte	0
 592 0010 00000000 		.4byte	.LFB34
 593 0014 AC000000 		.4byte	.LFE34-.LFB34
 594 0018 00000000 		.4byte	.LFB35
 595 001c 8A000000 		.4byte	.LFE35-.LFB35
 596 0020 00000000 		.4byte	0
 597 0024 00000000 		.4byte	0
 598              		.section	.debug_ranges,"",%progbits
 599              	.Ldebug_ranges0:
 600 0000 00000000 		.4byte	.LFB34
 601 0004 AC000000 		.4byte	.LFE34
 602 0008 00000000 		.4byte	.LFB35
 603 000c 8A000000 		.4byte	.LFE35
 604 0010 00000000 		.4byte	0
 605 0014 00000000 		.4byte	0
 606              		.section	.debug_line,"",%progbits
 607              	.Ldebug_line0:
 608 0000 92000000 		.section	.debug_str,"MS",%progbits,1
 608      02004300 
 608      00000201 
 608      FB0E0D00 
 608      01010101 
 609              	.LASF6:
 610 0000 6C6F6E67 		.ascii	"long long int\000"
 610      206C6F6E 
 610      6720696E 
 610      7400
 611              	.LASF10:
 612 000e 75696E74 		.ascii	"uint32\000"
 612      333200
 613              	.LASF8:
 614 0015 756E7369 		.ascii	"unsigned int\000"
 614      676E6564 
 614      20696E74 
 614      00
 615              	.LASF20:
 616 0022 433A5C70 		.ascii	"C:\\projekts\\Gunshow_PSoC\\SCB_I2cCommSlave01.cyds"
 616      726F6A65 
 616      6B74735C 
 616      47756E73 
 616      686F775F 
 617 0052 6E00     		.ascii	"n\000"
 618              	.LASF15:
 619 0054 73746174 		.ascii	"status\000"
 619      757300
 620              	.LASF9:
 621 005b 75696E74 		.ascii	"uint8\000"
 621      3800
 622              	.LASF5:
 623 0061 6C6F6E67 		.ascii	"long unsigned int\000"
 623      20756E73 
 623      69676E65 
 623      6420696E 
 623      7400
ARM GAS  C:\Users\HERMIN~1\AppData\Local\Temp\ccxvqui9.s 			page 15


 624              	.LASF7:
 625 0073 6C6F6E67 		.ascii	"long long unsigned int\000"
 625      206C6F6E 
 625      6720756E 
 625      7369676E 
 625      65642069 
 626              	.LASF17:
 627 008a 69326357 		.ascii	"i2cWriteBuffer\000"
 627      72697465 
 627      42756666 
 627      657200
 628              	.LASF18:
 629 0099 474E5520 		.ascii	"GNU C 4.9.3 20150303 (release) [ARM/embedded-4_9-br"
 629      4320342E 
 629      392E3320 
 629      32303135 
 629      30333033 
 630 00cc 616E6368 		.ascii	"anch revision 221220] -mcpu=cortex-m0 -mthumb -g -O"
 630      20726576 
 630      6973696F 
 630      6E203232 
 630      31323230 
 631 00ff 30202D66 		.ascii	"0 -ffunction-sections -ffat-lto-objects\000"
 631      66756E63 
 631      74696F6E 
 631      2D736563 
 631      74696F6E 
 632              	.LASF1:
 633 0127 756E7369 		.ascii	"unsigned char\000"
 633      676E6564 
 633      20636861 
 633      7200
 634              	.LASF13:
 635 0135 63686172 		.ascii	"char\000"
 635      00
 636              	.LASF22:
 637 013a 45786563 		.ascii	"ExecuteCommand\000"
 637      75746543 
 637      6F6D6D61 
 637      6E6400
 638              	.LASF4:
 639 0149 6C6F6E67 		.ascii	"long int\000"
 639      20696E74 
 639      00
 640              	.LASF2:
 641 0152 73686F72 		.ascii	"short int\000"
 641      7420696E 
 641      7400
 642              	.LASF12:
 643 015c 646F7562 		.ascii	"double\000"
 643      6C6500
 644              	.LASF3:
 645 0163 73686F72 		.ascii	"short unsigned int\000"
 645      7420756E 
 645      7369676E 
 645      65642069 
 645      6E7400
ARM GAS  C:\Users\HERMIN~1\AppData\Local\Temp\ccxvqui9.s 			page 16


 646              	.LASF0:
 647 0176 7369676E 		.ascii	"signed char\000"
 647      65642063 
 647      68617200 
 648              	.LASF21:
 649 0182 6D61696E 		.ascii	"main\000"
 649      00
 650              	.LASF11:
 651 0187 666C6F61 		.ascii	"float\000"
 651      7400
 652              	.LASF19:
 653 018d 2E5C6D61 		.ascii	".\\main.c\000"
 653      696E2E63 
 653      00
 654              	.LASF16:
 655 0196 69326352 		.ascii	"i2cReadBuffer\000"
 655      65616442 
 655      75666665 
 655      7200
 656              	.LASF14:
 657 01a4 73697A65 		.ascii	"sizetype\000"
 657      74797065 
 657      00
 658              		.ident	"GCC: (GNU Tools for ARM Embedded Processors) 4.9.3 20150303 (release) [ARM/embedded-4_9-br
