Archive member included because of file (symbol)

.\CortexM0\ARM_GCC_493\Debug\SCB_I2cCommSlave01.a(cyfitter_cfg.o)
                              .\CortexM0\ARM_GCC_493\Debug\Cm0Start.o (cyfitter_cfg)
.\CortexM0\ARM_GCC_493\Debug\SCB_I2cCommSlave01.a(LED_RED.o)
                              .\CortexM0\ARM_GCC_493\Debug\main.o (LED_RED_Write)
.\CortexM0\ARM_GCC_493\Debug\SCB_I2cCommSlave01.a(LED_GREEN.o)
                              .\CortexM0\ARM_GCC_493\Debug\main.o (LED_GREEN_Write)
.\CortexM0\ARM_GCC_493\Debug\SCB_I2cCommSlave01.a(LED_BLUE.o)
                              .\CortexM0\ARM_GCC_493\Debug\main.o (LED_BLUE_Write)
.\CortexM0\ARM_GCC_493\Debug\SCB_I2cCommSlave01.a(I2CS.o)
                              .\CortexM0\ARM_GCC_493\Debug\main.o (I2CS_Start)
.\CortexM0\ARM_GCC_493\Debug\SCB_I2cCommSlave01.a(I2CS_I2C.o)
                              .\CortexM0\ARM_GCC_493\Debug\SCB_I2cCommSlave01.a(I2CS.o) (I2CS_I2CInit)
.\CortexM0\ARM_GCC_493\Debug\SCB_I2cCommSlave01.a(I2CS_I2C_SLAVE.o)
                              .\CortexM0\ARM_GCC_493\Debug\SCB_I2cCommSlave01.a(I2CS_I2C.o) (I2CS_slStatus)
.\CortexM0\ARM_GCC_493\Debug\SCB_I2cCommSlave01.a(CyLib.o)
                              .\CortexM0\ARM_GCC_493\Debug\SCB_I2cCommSlave01.a(cyfitter_cfg.o) (CySysClkWriteImoFreq)
.\CortexM0\ARM_GCC_493\Debug\SCB_I2cCommSlave01.a(I2CS_I2C_INT.o)
                              .\CortexM0\ARM_GCC_493\Debug\SCB_I2cCommSlave01.a(I2CS_I2C.o) (I2CS_I2C_ISR)
.\CortexM0\ARM_GCC_493\Debug\SCB_I2cCommSlave01.a(CyBootAsmGnu.o)
                              .\CortexM0\ARM_GCC_493\Debug\SCB_I2cCommSlave01.a(CyLib.o) (CyDelayCycles)
c:/program files (x86)/cypress/psoc creator/3.3/psoc creator/import/gnu/arm/4.9.3/bin/../lib/gcc/arm-none-eabi/4.9.3/armv6-m\libgcc.a(_udivsi3.o)
                              .\CortexM0\ARM_GCC_493\Debug\SCB_I2cCommSlave01.a(CyLib.o) (__aeabi_uidiv)
c:/program files (x86)/cypress/psoc creator/3.3/psoc creator/import/gnu/arm/4.9.3/bin/../lib/gcc/arm-none-eabi/4.9.3/armv6-m\libgcc.a(_dvmd_tls.o)
                              c:/program files (x86)/cypress/psoc creator/3.3/psoc creator/import/gnu/arm/4.9.3/bin/../lib/gcc/arm-none-eabi/4.9.3/armv6-m\libgcc.a(_udivsi3.o) (__aeabi_idiv0)
c:/program files (x86)/cypress/psoc creator/3.3/psoc creator/import/gnu/arm/4.9.3/bin/../lib/gcc/arm-none-eabi/4.9.3/../../../../arm-none-eabi/lib/armv6-m\libg_nano.a(lib_a-errno.o)
                              .\CortexM0\ARM_GCC_493\Debug\Cm0Start.o (__errno)
c:/program files (x86)/cypress/psoc creator/3.3/psoc creator/import/gnu/arm/4.9.3/bin/../lib/gcc/arm-none-eabi/4.9.3/../../../../arm-none-eabi/lib/armv6-m\libg_nano.a(lib_a-exit.o)
                              c:/program files (x86)/cypress/psoc creator/3.3/psoc creator/import/gnu/arm/4.9.3/bin/../lib/gcc/arm-none-eabi/4.9.3/../../../../arm-none-eabi/lib/armv6-m/crt0.o (exit)
c:/program files (x86)/cypress/psoc creator/3.3/psoc creator/import/gnu/arm/4.9.3/bin/../lib/gcc/arm-none-eabi/4.9.3/../../../../arm-none-eabi/lib/armv6-m\libg_nano.a(lib_a-impure.o)
                              c:/program files (x86)/cypress/psoc creator/3.3/psoc creator/import/gnu/arm/4.9.3/bin/../lib/gcc/arm-none-eabi/4.9.3/../../../../arm-none-eabi/lib/armv6-m\libg_nano.a(lib_a-exit.o) (_global_impure_ptr)
c:/program files (x86)/cypress/psoc creator/3.3/psoc creator/import/gnu/arm/4.9.3/bin/../lib/gcc/arm-none-eabi/4.9.3/../../../../arm-none-eabi/lib/armv6-m\libg_nano.a(lib_a-init.o)
                              c:/program files (x86)/cypress/psoc creator/3.3/psoc creator/import/gnu/arm/4.9.3/bin/../lib/gcc/arm-none-eabi/4.9.3/../../../../arm-none-eabi/lib/armv6-m/crt0.o (__libc_init_array)
c:/program files (x86)/cypress/psoc creator/3.3/psoc creator/import/gnu/arm/4.9.3/bin/../lib/gcc/arm-none-eabi/4.9.3/../../../../arm-none-eabi/lib/armv6-m\libg_nano.a(lib_a-memcpy.o)
                              .\CortexM0\ARM_GCC_493\Debug\SCB_I2cCommSlave01.a(cyfitter_cfg.o) (memcpy)
c:/program files (x86)/cypress/psoc creator/3.3/psoc creator/import/gnu/arm/4.9.3/bin/../lib/gcc/arm-none-eabi/4.9.3/../../../../arm-none-eabi/lib/armv6-m\libg_nano.a(lib_a-memset.o)
                              c:/program files (x86)/cypress/psoc creator/3.3/psoc creator/import/gnu/arm/4.9.3/bin/../lib/gcc/arm-none-eabi/4.9.3/../../../../arm-none-eabi/lib/armv6-m/crt0.o (memset)

Allocating common symbols
Common symbol       size              file

I2CS_state          0x1               .\CortexM0\ARM_GCC_493\Debug\SCB_I2cCommSlave01.a(I2CS_I2C.o)
I2CS_slRdBufIndex   0x4               .\CortexM0\ARM_GCC_493\Debug\SCB_I2cCommSlave01.a(I2CS_I2C_SLAVE.o)
i2cWriteBuffer      0x4               .\CortexM0\ARM_GCC_493\Debug\main.o
I2CS_slWrBufIndex   0x4               .\CortexM0\ARM_GCC_493\Debug\SCB_I2cCommSlave01.a(I2CS_I2C_SLAVE.o)
I2CS_slWrBufSize    0x4               .\CortexM0\ARM_GCC_493\Debug\SCB_I2cCommSlave01.a(I2CS_I2C_SLAVE.o)
I2CS_slRdBufSize    0x4               .\CortexM0\ARM_GCC_493\Debug\SCB_I2cCommSlave01.a(I2CS_I2C_SLAVE.o)
I2CS_slRdBufPtr     0x4               .\CortexM0\ARM_GCC_493\Debug\SCB_I2cCommSlave01.a(I2CS_I2C_SLAVE.o)
I2CS_slStatus       0x1               .\CortexM0\ARM_GCC_493\Debug\SCB_I2cCommSlave01.a(I2CS_I2C_SLAVE.o)
I2CS_slRdBufIndexTmp
                    0x4               .\CortexM0\ARM_GCC_493\Debug\SCB_I2cCommSlave01.a(I2CS_I2C_SLAVE.o)
I2CS_slWrBufPtr     0x4               .\CortexM0\ARM_GCC_493\Debug\SCB_I2cCommSlave01.a(I2CS_I2C_SLAVE.o)
I2CS_slOverFlowCount
                    0x1               .\CortexM0\ARM_GCC_493\Debug\SCB_I2cCommSlave01.a(I2CS_I2C_SLAVE.o)

Discarded input sections

 .text          0x00000000        0x0 c:/program files (x86)/cypress/psoc creator/3.3/psoc creator/import/gnu/arm/4.9.3/bin/../lib/gcc/arm-none-eabi/4.9.3/armv6-m/crti.o
 .data          0x00000000        0x0 c:/program files (x86)/cypress/psoc creator/3.3/psoc creator/import/gnu/arm/4.9.3/bin/../lib/gcc/arm-none-eabi/4.9.3/armv6-m/crti.o
 .bss           0x00000000        0x0 c:/program files (x86)/cypress/psoc creator/3.3/psoc creator/import/gnu/arm/4.9.3/bin/../lib/gcc/arm-none-eabi/4.9.3/armv6-m/crti.o
 .data          0x00000000        0x4 c:/program files (x86)/cypress/psoc creator/3.3/psoc creator/import/gnu/arm/4.9.3/bin/../lib/gcc/arm-none-eabi/4.9.3/armv6-m/crtbegin.o
 .text          0x00000000       0x78 c:/program files (x86)/cypress/psoc creator/3.3/psoc creator/import/gnu/arm/4.9.3/bin/../lib/gcc/arm-none-eabi/4.9.3/../../../../arm-none-eabi/lib/armv6-m/crt0.o
 .data          0x00000000        0x0 c:/program files (x86)/cypress/psoc creator/3.3/psoc creator/import/gnu/arm/4.9.3/bin/../lib/gcc/arm-none-eabi/4.9.3/../../../../arm-none-eabi/lib/armv6-m/crt0.o
 .bss           0x00000000        0x0 c:/program files (x86)/cypress/psoc creator/3.3/psoc creator/import/gnu/arm/4.9.3/bin/../lib/gcc/arm-none-eabi/4.9.3/../../../../arm-none-eabi/lib/armv6-m/crt0.o
 .ARM.extab     0x00000000        0x0 c:/program files (x86)/cypress/psoc creator/3.3/psoc creator/import/gnu/arm/4.9.3/bin/../lib/gcc/arm-none-eabi/4.9.3/../../../../arm-none-eabi/lib/armv6-m/crt0.o
 .ARM.exidx     0x00000000        0x8 c:/program files (x86)/cypress/psoc creator/3.3/psoc creator/import/gnu/arm/4.9.3/bin/../lib/gcc/arm-none-eabi/4.9.3/../../../../arm-none-eabi/lib/armv6-m/crt0.o
 .text          0x00000000        0x0 .\CortexM0\ARM_GCC_493\Debug\main.o
 .bss           0x00000000        0x0 .\CortexM0\ARM_GCC_493\Debug\main.o
 .text          0x00000000        0x0 .\CortexM0\ARM_GCC_493\Debug\cymetadata.o
 .data          0x00000000        0x0 .\CortexM0\ARM_GCC_493\Debug\cymetadata.o
 .bss           0x00000000        0x0 .\CortexM0\ARM_GCC_493\Debug\cymetadata.o
 .text          0x00000000        0x0 .\CortexM0\ARM_GCC_493\Debug\Cm0Start.o
 .data          0x00000000        0x4 .\CortexM0\ARM_GCC_493\Debug\Cm0Start.o
 .bss           0x00000000        0x0 .\CortexM0\ARM_GCC_493\Debug\Cm0Start.o
 .text._exit    0x00000000       0x14 .\CortexM0\ARM_GCC_493\Debug\Cm0Start.o
 .text._sbrk    0x00000000       0x54 .\CortexM0\ARM_GCC_493\Debug\Cm0Start.o
 .text          0x00000000        0x0 .\CortexM0\ARM_GCC_493\Debug\SCB_I2cCommSlave01.a(cyfitter_cfg.o)
 .data          0x00000000        0x0 .\CortexM0\ARM_GCC_493\Debug\SCB_I2cCommSlave01.a(cyfitter_cfg.o)
 .bss           0x00000000        0x0 .\CortexM0\ARM_GCC_493\Debug\SCB_I2cCommSlave01.a(cyfitter_cfg.o)
 .text.CYCONFIGCPY
                0x00000000       0x24 .\CortexM0\ARM_GCC_493\Debug\SCB_I2cCommSlave01.a(cyfitter_cfg.o)
 .text.CYCONFIGCPYCODE
                0x00000000       0x24 .\CortexM0\ARM_GCC_493\Debug\SCB_I2cCommSlave01.a(cyfitter_cfg.o)
 .text          0x00000000        0x0 .\CortexM0\ARM_GCC_493\Debug\SCB_I2cCommSlave01.a(LED_RED.o)
 .data          0x00000000        0x0 .\CortexM0\ARM_GCC_493\Debug\SCB_I2cCommSlave01.a(LED_RED.o)
 .bss           0x00000000        0x0 .\CortexM0\ARM_GCC_493\Debug\SCB_I2cCommSlave01.a(LED_RED.o)
 .text.LED_RED_SetDriveMode
                0x00000000       0x30 .\CortexM0\ARM_GCC_493\Debug\SCB_I2cCommSlave01.a(LED_RED.o)
 .text.LED_RED_Read
                0x00000000       0x1c .\CortexM0\ARM_GCC_493\Debug\SCB_I2cCommSlave01.a(LED_RED.o)
 .text.LED_RED_ReadDataReg
                0x00000000       0x1c .\CortexM0\ARM_GCC_493\Debug\SCB_I2cCommSlave01.a(LED_RED.o)
 .text.LED_RED_SetInterruptMode
                0x00000000       0x40 .\CortexM0\ARM_GCC_493\Debug\SCB_I2cCommSlave01.a(LED_RED.o)
 .text.LED_RED_ClearInterrupt
                0x00000000       0x30 .\CortexM0\ARM_GCC_493\Debug\SCB_I2cCommSlave01.a(LED_RED.o)
 .text          0x00000000        0x0 .\CortexM0\ARM_GCC_493\Debug\SCB_I2cCommSlave01.a(LED_GREEN.o)
 .data          0x00000000        0x0 .\CortexM0\ARM_GCC_493\Debug\SCB_I2cCommSlave01.a(LED_GREEN.o)
 .bss           0x00000000        0x0 .\CortexM0\ARM_GCC_493\Debug\SCB_I2cCommSlave01.a(LED_GREEN.o)
 .text.LED_GREEN_SetDriveMode
                0x00000000       0x30 .\CortexM0\ARM_GCC_493\Debug\SCB_I2cCommSlave01.a(LED_GREEN.o)
 .text.LED_GREEN_Read
                0x00000000       0x1c .\CortexM0\ARM_GCC_493\Debug\SCB_I2cCommSlave01.a(LED_GREEN.o)
 .text.LED_GREEN_ReadDataReg
                0x00000000       0x1c .\CortexM0\ARM_GCC_493\Debug\SCB_I2cCommSlave01.a(LED_GREEN.o)
 .text.LED_GREEN_SetInterruptMode
                0x00000000       0x40 .\CortexM0\ARM_GCC_493\Debug\SCB_I2cCommSlave01.a(LED_GREEN.o)
 .text.LED_GREEN_ClearInterrupt
                0x00000000       0x30 .\CortexM0\ARM_GCC_493\Debug\SCB_I2cCommSlave01.a(LED_GREEN.o)
 .text          0x00000000        0x0 .\CortexM0\ARM_GCC_493\Debug\SCB_I2cCommSlave01.a(LED_BLUE.o)
 .data          0x00000000        0x0 .\CortexM0\ARM_GCC_493\Debug\SCB_I2cCommSlave01.a(LED_BLUE.o)
 .bss           0x00000000        0x0 .\CortexM0\ARM_GCC_493\Debug\SCB_I2cCommSlave01.a(LED_BLUE.o)
 .text.LED_BLUE_SetDriveMode
                0x00000000       0x30 .\CortexM0\ARM_GCC_493\Debug\SCB_I2cCommSlave01.a(LED_BLUE.o)
 .text.LED_BLUE_Read
                0x00000000       0x1c .\CortexM0\ARM_GCC_493\Debug\SCB_I2cCommSlave01.a(LED_BLUE.o)
 .text.LED_BLUE_ReadDataReg
                0x00000000       0x1c .\CortexM0\ARM_GCC_493\Debug\SCB_I2cCommSlave01.a(LED_BLUE.o)
 .text.LED_BLUE_SetInterruptMode
                0x00000000       0x40 .\CortexM0\ARM_GCC_493\Debug\SCB_I2cCommSlave01.a(LED_BLUE.o)
 .text.LED_BLUE_ClearInterrupt
                0x00000000       0x30 .\CortexM0\ARM_GCC_493\Debug\SCB_I2cCommSlave01.a(LED_BLUE.o)
 .text          0x00000000        0x0 .\CortexM0\ARM_GCC_493\Debug\SCB_I2cCommSlave01.a(I2CS.o)
 .data          0x00000000        0x0 .\CortexM0\ARM_GCC_493\Debug\SCB_I2cCommSlave01.a(I2CS.o)
 .text.I2CS_Stop
                0x00000000       0x34 .\CortexM0\ARM_GCC_493\Debug\SCB_I2cCommSlave01.a(I2CS.o)
 .text.I2CS_SetRxFifoLevel
                0x00000000       0x34 .\CortexM0\ARM_GCC_493\Debug\SCB_I2cCommSlave01.a(I2CS.o)
 .text.I2CS_SetTxFifoLevel
                0x00000000       0x34 .\CortexM0\ARM_GCC_493\Debug\SCB_I2cCommSlave01.a(I2CS.o)
 .text.I2CS_SetCustomInterruptHandler
                0x00000000       0x18 .\CortexM0\ARM_GCC_493\Debug\SCB_I2cCommSlave01.a(I2CS.o)
 .text.I2CS_ScbModeStop
                0x00000000        0xc .\CortexM0\ARM_GCC_493\Debug\SCB_I2cCommSlave01.a(I2CS.o)
 .text          0x00000000        0x0 .\CortexM0\ARM_GCC_493\Debug\SCB_I2cCommSlave01.a(I2CS_I2C.o)
 .data          0x00000000        0x0 .\CortexM0\ARM_GCC_493\Debug\SCB_I2cCommSlave01.a(I2CS_I2C.o)
 .bss           0x00000000        0x0 .\CortexM0\ARM_GCC_493\Debug\SCB_I2cCommSlave01.a(I2CS_I2C.o)
 .text.I2CS_I2CStop
                0x00000000       0x14 .\CortexM0\ARM_GCC_493\Debug\SCB_I2cCommSlave01.a(I2CS_I2C.o)
 .text          0x00000000        0x0 .\CortexM0\ARM_GCC_493\Debug\SCB_I2cCommSlave01.a(I2CS_I2C_SLAVE.o)
 .data          0x00000000        0x0 .\CortexM0\ARM_GCC_493\Debug\SCB_I2cCommSlave01.a(I2CS_I2C_SLAVE.o)
 .bss           0x00000000        0x0 .\CortexM0\ARM_GCC_493\Debug\SCB_I2cCommSlave01.a(I2CS_I2C_SLAVE.o)
 .text.I2CS_I2CSlaveSetAddress
                0x00000000       0x34 .\CortexM0\ARM_GCC_493\Debug\SCB_I2cCommSlave01.a(I2CS_I2C_SLAVE.o)
 .text.I2CS_I2CSlaveSetAddressMask
                0x00000000       0x34 .\CortexM0\ARM_GCC_493\Debug\SCB_I2cCommSlave01.a(I2CS_I2C_SLAVE.o)
 .text.I2CS_I2CSlaveGetReadBufSize
                0x00000000       0x14 .\CortexM0\ARM_GCC_493\Debug\SCB_I2cCommSlave01.a(I2CS_I2C_SLAVE.o)
 .text          0x00000000        0x0 .\CortexM0\ARM_GCC_493\Debug\SCB_I2cCommSlave01.a(CyLib.o)
 .bss           0x00000000       0x18 .\CortexM0\ARM_GCC_493\Debug\SCB_I2cCommSlave01.a(CyLib.o)
 .text.CySysClkImoStart
                0x00000000       0x1c .\CortexM0\ARM_GCC_493\Debug\SCB_I2cCommSlave01.a(CyLib.o)
 .text.CySysClkImoStop
                0x00000000       0x18 .\CortexM0\ARM_GCC_493\Debug\SCB_I2cCommSlave01.a(CyLib.o)
 .text.CySysClkWriteHfclkDirect
                0x00000000       0x48 .\CortexM0\ARM_GCC_493\Debug\SCB_I2cCommSlave01.a(CyLib.o)
 .text.CySysClkGetSysclkSource
                0x00000000       0x34 .\CortexM0\ARM_GCC_493\Debug\SCB_I2cCommSlave01.a(CyLib.o)
 .text.CySysClkWriteSysclkDiv
                0x00000000       0x44 .\CortexM0\ARM_GCC_493\Debug\SCB_I2cCommSlave01.a(CyLib.o)
 .text.CySysLvdEnable
                0x00000000       0x60 .\CortexM0\ARM_GCC_493\Debug\SCB_I2cCommSlave01.a(CyLib.o)
 .text.CySysLvdDisable
                0x00000000       0x28 .\CortexM0\ARM_GCC_493\Debug\SCB_I2cCommSlave01.a(CyLib.o)
 .text.CySysLvdGetInterruptSource
                0x00000000       0x18 .\CortexM0\ARM_GCC_493\Debug\SCB_I2cCommSlave01.a(CyLib.o)
 .text.CySysLvdClearInterrupt
                0x00000000       0x14 .\CortexM0\ARM_GCC_493\Debug\SCB_I2cCommSlave01.a(CyLib.o)
 .text.CySysGetResetReason
                0x00000000       0x30 .\CortexM0\ARM_GCC_493\Debug\SCB_I2cCommSlave01.a(CyLib.o)
 .text.CyDisableInts
                0x00000000       0x24 .\CortexM0\ARM_GCC_493\Debug\SCB_I2cCommSlave01.a(CyLib.o)
 .text.CyEnableInts
                0x00000000       0x18 .\CortexM0\ARM_GCC_493\Debug\SCB_I2cCommSlave01.a(CyLib.o)
 .text.CyIntSetSysVector
                0x00000000       0x48 .\CortexM0\ARM_GCC_493\Debug\SCB_I2cCommSlave01.a(CyLib.o)
 .text.CyIntGetSysVector
                0x00000000       0x34 .\CortexM0\ARM_GCC_493\Debug\SCB_I2cCommSlave01.a(CyLib.o)
 .text.CyIntGetVector
                0x00000000       0x38 .\CortexM0\ARM_GCC_493\Debug\SCB_I2cCommSlave01.a(CyLib.o)
 .text.CyIntGetPriority
                0x00000000       0x5c .\CortexM0\ARM_GCC_493\Debug\SCB_I2cCommSlave01.a(CyLib.o)
 .text.CyIntGetState
                0x00000000       0x30 .\CortexM0\ARM_GCC_493\Debug\SCB_I2cCommSlave01.a(CyLib.o)
 .text.CyIntSetPending
                0x00000000       0x28 .\CortexM0\ARM_GCC_493\Debug\SCB_I2cCommSlave01.a(CyLib.o)
 .text.CyIntClearPending
                0x00000000       0x28 .\CortexM0\ARM_GCC_493\Debug\SCB_I2cCommSlave01.a(CyLib.o)
 .text.CySoftwareReset
                0x00000000       0x20 .\CortexM0\ARM_GCC_493\Debug\SCB_I2cCommSlave01.a(CyLib.o)
 .text.CyDelay  0x00000000       0x48 .\CortexM0\ARM_GCC_493\Debug\SCB_I2cCommSlave01.a(CyLib.o)
 .text.CyDelayFreq
                0x00000000       0x84 .\CortexM0\ARM_GCC_493\Debug\SCB_I2cCommSlave01.a(CyLib.o)
 .text.CySysTickStart
                0x00000000       0x24 .\CortexM0\ARM_GCC_493\Debug\SCB_I2cCommSlave01.a(CyLib.o)
 .text.CySysTickInit
                0x00000000       0x60 .\CortexM0\ARM_GCC_493\Debug\SCB_I2cCommSlave01.a(CyLib.o)
 .text.CySysTickEnable
                0x00000000       0x1c .\CortexM0\ARM_GCC_493\Debug\SCB_I2cCommSlave01.a(CyLib.o)
 .text.CySysTickStop
                0x00000000       0x18 .\CortexM0\ARM_GCC_493\Debug\SCB_I2cCommSlave01.a(CyLib.o)
 .text.CySysTickEnableInterrupt
                0x00000000       0x18 .\CortexM0\ARM_GCC_493\Debug\SCB_I2cCommSlave01.a(CyLib.o)
 .text.CySysTickDisableInterrupt
                0x00000000       0x18 .\CortexM0\ARM_GCC_493\Debug\SCB_I2cCommSlave01.a(CyLib.o)
 .text.CySysTickSetReload
                0x00000000       0x1c .\CortexM0\ARM_GCC_493\Debug\SCB_I2cCommSlave01.a(CyLib.o)
 .text.CySysTickGetReload
                0x00000000       0x18 .\CortexM0\ARM_GCC_493\Debug\SCB_I2cCommSlave01.a(CyLib.o)
 .text.CySysTickGetValue
                0x00000000       0x18 .\CortexM0\ARM_GCC_493\Debug\SCB_I2cCommSlave01.a(CyLib.o)
 .text.CySysTickGetCountFlag
                0x00000000       0x18 .\CortexM0\ARM_GCC_493\Debug\SCB_I2cCommSlave01.a(CyLib.o)
 .text.CySysTickClear
                0x00000000       0x14 .\CortexM0\ARM_GCC_493\Debug\SCB_I2cCommSlave01.a(CyLib.o)
 .text.CySysTickSetCallback
                0x00000000       0x2c .\CortexM0\ARM_GCC_493\Debug\SCB_I2cCommSlave01.a(CyLib.o)
 .text.CySysTickGetCallback
                0x00000000       0x1c .\CortexM0\ARM_GCC_493\Debug\SCB_I2cCommSlave01.a(CyLib.o)
 .text.CySysTickServiceCallbacks
                0x00000000       0x44 .\CortexM0\ARM_GCC_493\Debug\SCB_I2cCommSlave01.a(CyLib.o)
 .text.CyGetUniqueId
                0x00000000       0xc0 .\CortexM0\ARM_GCC_493\Debug\SCB_I2cCommSlave01.a(CyLib.o)
 .text          0x00000000        0x0 .\CortexM0\ARM_GCC_493\Debug\SCB_I2cCommSlave01.a(I2CS_I2C_INT.o)
 .data          0x00000000        0x0 .\CortexM0\ARM_GCC_493\Debug\SCB_I2cCommSlave01.a(I2CS_I2C_INT.o)
 .bss           0x00000000        0x0 .\CortexM0\ARM_GCC_493\Debug\SCB_I2cCommSlave01.a(I2CS_I2C_INT.o)
 .data          0x00000000        0x0 .\CortexM0\ARM_GCC_493\Debug\SCB_I2cCommSlave01.a(CyBootAsmGnu.o)
 .bss           0x00000000        0x0 .\CortexM0\ARM_GCC_493\Debug\SCB_I2cCommSlave01.a(CyBootAsmGnu.o)
 .text          0x00000000      0x120 c:/program files (x86)/cypress/psoc creator/3.3/psoc creator/import/gnu/arm/4.9.3/bin/../lib/gcc/arm-none-eabi/4.9.3/armv6-m\libgcc.a(_udivsi3.o)
 .data          0x00000000        0x0 c:/program files (x86)/cypress/psoc creator/3.3/psoc creator/import/gnu/arm/4.9.3/bin/../lib/gcc/arm-none-eabi/4.9.3/armv6-m\libgcc.a(_udivsi3.o)
 .bss           0x00000000        0x0 c:/program files (x86)/cypress/psoc creator/3.3/psoc creator/import/gnu/arm/4.9.3/bin/../lib/gcc/arm-none-eabi/4.9.3/armv6-m\libgcc.a(_udivsi3.o)
 .text          0x00000000        0x4 c:/program files (x86)/cypress/psoc creator/3.3/psoc creator/import/gnu/arm/4.9.3/bin/../lib/gcc/arm-none-eabi/4.9.3/armv6-m\libgcc.a(_dvmd_tls.o)
 .data          0x00000000        0x0 c:/program files (x86)/cypress/psoc creator/3.3/psoc creator/import/gnu/arm/4.9.3/bin/../lib/gcc/arm-none-eabi/4.9.3/armv6-m\libgcc.a(_dvmd_tls.o)
 .bss           0x00000000        0x0 c:/program files (x86)/cypress/psoc creator/3.3/psoc creator/import/gnu/arm/4.9.3/bin/../lib/gcc/arm-none-eabi/4.9.3/armv6-m\libgcc.a(_dvmd_tls.o)
 .text          0x00000000        0x0 c:/program files (x86)/cypress/psoc creator/3.3/psoc creator/import/gnu/arm/4.9.3/bin/../lib/gcc/arm-none-eabi/4.9.3/../../../../arm-none-eabi/lib/armv6-m\libg_nano.a(lib_a-errno.o)
 .data          0x00000000        0x0 c:/program files (x86)/cypress/psoc creator/3.3/psoc creator/import/gnu/arm/4.9.3/bin/../lib/gcc/arm-none-eabi/4.9.3/../../../../arm-none-eabi/lib/armv6-m\libg_nano.a(lib_a-errno.o)
 .bss           0x00000000        0x0 c:/program files (x86)/cypress/psoc creator/3.3/psoc creator/import/gnu/arm/4.9.3/bin/../lib/gcc/arm-none-eabi/4.9.3/../../../../arm-none-eabi/lib/armv6-m\libg_nano.a(lib_a-errno.o)
 .text.__errno  0x00000000        0xc c:/program files (x86)/cypress/psoc creator/3.3/psoc creator/import/gnu/arm/4.9.3/bin/../lib/gcc/arm-none-eabi/4.9.3/../../../../arm-none-eabi/lib/armv6-m\libg_nano.a(lib_a-errno.o)
 .text          0x00000000        0x0 c:/program files (x86)/cypress/psoc creator/3.3/psoc creator/import/gnu/arm/4.9.3/bin/../lib/gcc/arm-none-eabi/4.9.3/../../../../arm-none-eabi/lib/armv6-m\libg_nano.a(lib_a-exit.o)
 .data          0x00000000        0x0 c:/program files (x86)/cypress/psoc creator/3.3/psoc creator/import/gnu/arm/4.9.3/bin/../lib/gcc/arm-none-eabi/4.9.3/../../../../arm-none-eabi/lib/armv6-m\libg_nano.a(lib_a-exit.o)
 .bss           0x00000000        0x0 c:/program files (x86)/cypress/psoc creator/3.3/psoc creator/import/gnu/arm/4.9.3/bin/../lib/gcc/arm-none-eabi/4.9.3/../../../../arm-none-eabi/lib/armv6-m\libg_nano.a(lib_a-exit.o)
 .text.exit     0x00000000       0x2c c:/program files (x86)/cypress/psoc creator/3.3/psoc creator/import/gnu/arm/4.9.3/bin/../lib/gcc/arm-none-eabi/4.9.3/../../../../arm-none-eabi/lib/armv6-m\libg_nano.a(lib_a-exit.o)
 .text          0x00000000        0x0 c:/program files (x86)/cypress/psoc creator/3.3/psoc creator/import/gnu/arm/4.9.3/bin/../lib/gcc/arm-none-eabi/4.9.3/../../../../arm-none-eabi/lib/armv6-m\libg_nano.a(lib_a-impure.o)
 .data          0x00000000        0x0 c:/program files (x86)/cypress/psoc creator/3.3/psoc creator/import/gnu/arm/4.9.3/bin/../lib/gcc/arm-none-eabi/4.9.3/../../../../arm-none-eabi/lib/armv6-m\libg_nano.a(lib_a-impure.o)
 .bss           0x00000000        0x0 c:/program files (x86)/cypress/psoc creator/3.3/psoc creator/import/gnu/arm/4.9.3/bin/../lib/gcc/arm-none-eabi/4.9.3/../../../../arm-none-eabi/lib/armv6-m\libg_nano.a(lib_a-impure.o)
 .data.impure_data
                0x00000000       0x60 c:/program files (x86)/cypress/psoc creator/3.3/psoc creator/import/gnu/arm/4.9.3/bin/../lib/gcc/arm-none-eabi/4.9.3/../../../../arm-none-eabi/lib/armv6-m\libg_nano.a(lib_a-impure.o)
 .data._impure_ptr
                0x00000000        0x4 c:/program files (x86)/cypress/psoc creator/3.3/psoc creator/import/gnu/arm/4.9.3/bin/../lib/gcc/arm-none-eabi/4.9.3/../../../../arm-none-eabi/lib/armv6-m\libg_nano.a(lib_a-impure.o)
 .rodata.str1.1
                0x00000000        0x2 c:/program files (x86)/cypress/psoc creator/3.3/psoc creator/import/gnu/arm/4.9.3/bin/../lib/gcc/arm-none-eabi/4.9.3/../../../../arm-none-eabi/lib/armv6-m\libg_nano.a(lib_a-impure.o)
 .rodata._global_impure_ptr
                0x00000000        0x4 c:/program files (x86)/cypress/psoc creator/3.3/psoc creator/import/gnu/arm/4.9.3/bin/../lib/gcc/arm-none-eabi/4.9.3/../../../../arm-none-eabi/lib/armv6-m\libg_nano.a(lib_a-impure.o)
 .text          0x00000000        0x0 c:/program files (x86)/cypress/psoc creator/3.3/psoc creator/import/gnu/arm/4.9.3/bin/../lib/gcc/arm-none-eabi/4.9.3/../../../../arm-none-eabi/lib/armv6-m\libg_nano.a(lib_a-init.o)
 .data          0x00000000        0x0 c:/program files (x86)/cypress/psoc creator/3.3/psoc creator/import/gnu/arm/4.9.3/bin/../lib/gcc/arm-none-eabi/4.9.3/../../../../arm-none-eabi/lib/armv6-m\libg_nano.a(lib_a-init.o)
 .bss           0x00000000        0x0 c:/program files (x86)/cypress/psoc creator/3.3/psoc creator/import/gnu/arm/4.9.3/bin/../lib/gcc/arm-none-eabi/4.9.3/../../../../arm-none-eabi/lib/armv6-m\libg_nano.a(lib_a-init.o)
 .text          0x00000000        0x0 c:/program files (x86)/cypress/psoc creator/3.3/psoc creator/import/gnu/arm/4.9.3/bin/../lib/gcc/arm-none-eabi/4.9.3/../../../../arm-none-eabi/lib/armv6-m\libg_nano.a(lib_a-memcpy.o)
 .data          0x00000000        0x0 c:/program files (x86)/cypress/psoc creator/3.3/psoc creator/import/gnu/arm/4.9.3/bin/../lib/gcc/arm-none-eabi/4.9.3/../../../../arm-none-eabi/lib/armv6-m\libg_nano.a(lib_a-memcpy.o)
 .bss           0x00000000        0x0 c:/program files (x86)/cypress/psoc creator/3.3/psoc creator/import/gnu/arm/4.9.3/bin/../lib/gcc/arm-none-eabi/4.9.3/../../../../arm-none-eabi/lib/armv6-m\libg_nano.a(lib_a-memcpy.o)
 .text.memcpy   0x00000000       0x12 c:/program files (x86)/cypress/psoc creator/3.3/psoc creator/import/gnu/arm/4.9.3/bin/../lib/gcc/arm-none-eabi/4.9.3/../../../../arm-none-eabi/lib/armv6-m\libg_nano.a(lib_a-memcpy.o)
 .text          0x00000000        0x0 c:/program files (x86)/cypress/psoc creator/3.3/psoc creator/import/gnu/arm/4.9.3/bin/../lib/gcc/arm-none-eabi/4.9.3/../../../../arm-none-eabi/lib/armv6-m\libg_nano.a(lib_a-memset.o)
 .data          0x00000000        0x0 c:/program files (x86)/cypress/psoc creator/3.3/psoc creator/import/gnu/arm/4.9.3/bin/../lib/gcc/arm-none-eabi/4.9.3/../../../../arm-none-eabi/lib/armv6-m\libg_nano.a(lib_a-memset.o)
 .bss           0x00000000        0x0 c:/program files (x86)/cypress/psoc creator/3.3/psoc creator/import/gnu/arm/4.9.3/bin/../lib/gcc/arm-none-eabi/4.9.3/../../../../arm-none-eabi/lib/armv6-m\libg_nano.a(lib_a-memset.o)
 .text          0x00000000        0x0 c:/program files (x86)/cypress/psoc creator/3.3/psoc creator/import/gnu/arm/4.9.3/bin/../lib/gcc/arm-none-eabi/4.9.3/armv6-m/crtend.o
 .data          0x00000000        0x0 c:/program files (x86)/cypress/psoc creator/3.3/psoc creator/import/gnu/arm/4.9.3/bin/../lib/gcc/arm-none-eabi/4.9.3/armv6-m/crtend.o
 .bss           0x00000000        0x0 c:/program files (x86)/cypress/psoc creator/3.3/psoc creator/import/gnu/arm/4.9.3/bin/../lib/gcc/arm-none-eabi/4.9.3/armv6-m/crtend.o
 .text          0x00000000        0x0 c:/program files (x86)/cypress/psoc creator/3.3/psoc creator/import/gnu/arm/4.9.3/bin/../lib/gcc/arm-none-eabi/4.9.3/armv6-m/crtn.o
 .data          0x00000000        0x0 c:/program files (x86)/cypress/psoc creator/3.3/psoc creator/import/gnu/arm/4.9.3/bin/../lib/gcc/arm-none-eabi/4.9.3/armv6-m/crtn.o
 .bss           0x00000000        0x0 c:/program files (x86)/cypress/psoc creator/3.3/psoc creator/import/gnu/arm/4.9.3/bin/../lib/gcc/arm-none-eabi/4.9.3/armv6-m/crtn.o

Memory Configuration

Name             Origin             Length             Attributes
rom              0x00000000         0x00008000         xr
ram              0x20000000         0x00001000         xrw
*default*        0x00000000         0xffffffff

Linker script and memory map

LOAD c:/program files (x86)/cypress/psoc creator/3.3/psoc creator/import/gnu/arm/4.9.3/bin/../lib/gcc/arm-none-eabi/4.9.3/armv6-m/crti.o
LOAD c:/program files (x86)/cypress/psoc creator/3.3/psoc creator/import/gnu/arm/4.9.3/bin/../lib/gcc/arm-none-eabi/4.9.3/armv6-m/crtbegin.o
LOAD c:/program files (x86)/cypress/psoc creator/3.3/psoc creator/import/gnu/arm/4.9.3/bin/../lib/gcc/arm-none-eabi/4.9.3/../../../../arm-none-eabi/lib/armv6-m/crt0.o
START GROUP
LOAD .\CortexM0\ARM_GCC_493\Debug\main.o
LOAD .\CortexM0\ARM_GCC_493\Debug\cymetadata.o
LOAD .\CortexM0\ARM_GCC_493\Debug\Cm0Start.o
LOAD .\CortexM0\ARM_GCC_493\Debug\SCB_I2cCommSlave01.a
LOAD C:\Program Files (x86)\Cypress\PSoC Creator\3.3\PSoC Creator\psoc\content\cycomponentlibrary\CyComponentLibrary.cylib\CortexM0\ARM_GCC_493\Debug\CyComponentLibrary.a
END GROUP
START GROUP
LOAD c:/program files (x86)/cypress/psoc creator/3.3/psoc creator/import/gnu/arm/4.9.3/bin/../lib/gcc/arm-none-eabi/4.9.3/armv6-m\libgcc.a
LOAD c:/program files (x86)/cypress/psoc creator/3.3/psoc creator/import/gnu/arm/4.9.3/bin/../lib/gcc/arm-none-eabi/4.9.3/../../../../arm-none-eabi/lib/armv6-m\libg_nano.a
LOAD c:/program files (x86)/cypress/psoc creator/3.3/psoc creator/import/gnu/arm/4.9.3/bin/../lib/gcc/arm-none-eabi/4.9.3/../../../../arm-none-eabi/lib/armv6-m\libc_nano.a
END GROUP
START GROUP
LOAD c:/program files (x86)/cypress/psoc creator/3.3/psoc creator/import/gnu/arm/4.9.3/bin/../lib/gcc/arm-none-eabi/4.9.3/armv6-m\libgcc.a
LOAD c:/program files (x86)/cypress/psoc creator/3.3/psoc creator/import/gnu/arm/4.9.3/bin/../lib/gcc/arm-none-eabi/4.9.3/../../../../arm-none-eabi/lib/armv6-m\libc_nano.a
END GROUP
LOAD c:/program files (x86)/cypress/psoc creator/3.3/psoc creator/import/gnu/arm/4.9.3/bin/../lib/gcc/arm-none-eabi/4.9.3/armv6-m/crtend.o
LOAD c:/program files (x86)/cypress/psoc creator/3.3/psoc creator/import/gnu/arm/4.9.3/bin/../lib/gcc/arm-none-eabi/4.9.3/armv6-m/crtn.o
START GROUP
LOAD c:/program files (x86)/cypress/psoc creator/3.3/psoc creator/import/gnu/arm/4.9.3/bin/../lib/gcc/arm-none-eabi/4.9.3/armv6-m\libgcc.a
LOAD c:/program files (x86)/cypress/psoc creator/3.3/psoc creator/import/gnu/arm/4.9.3/bin/../lib/gcc/arm-none-eabi/4.9.3/../../../../arm-none-eabi/lib/armv6-m\libc.a
LOAD c:/program files (x86)/cypress/psoc creator/3.3/psoc creator/import/gnu/arm/4.9.3/bin/../lib/gcc/arm-none-eabi/4.9.3/../../../../arm-none-eabi/lib/armv6-m\libnosys.a
END GROUP
                0x00000000                CY_APPL_ORIGIN = 0x0
                0x00000080                CY_FLASH_ROW_SIZE = 0x80
                0x00000001                CY_APPL_NUM = 0x1
                0x00000001                CY_APPL_MAX = 0x1
                0x00000040                CY_METADATA_SIZE = 0x40
                0x00000000                CY_APPL_LOADABLE = 0x0
                0x00000000                CY_CHECKSUM_EXCLUDE_SIZE = ALIGN (0x0, CY_FLASH_ROW_SIZE)
                0x00000000                CY_APP_FOR_STACK_AND_COPIER = 0x0
                0x20000130                PROVIDE (__cy_heap_start, _end)
                0x00000001                PROVIDE (__cy_region_num, ((__cy_regions_end - __cy_regions) / 0x10))
                0x20001000                PROVIDE (__cy_stack, (ORIGIN (ram) + 0x1000))
                0x20000c00                PROVIDE (__cy_heap_end, (__cy_stack - 0x400))

.cybootloader   0x00000000        0x0
 *(.cybootloader)
                0x00000000                appl1_start = CY_APPL_ORIGIN?CY_APPL_ORIGIN:ALIGN (CY_FLASH_ROW_SIZE)
                0x00003f80                appl2_start = (appl1_start + ALIGN ((((0x8000 - appl1_start) - (0x2 * CY_FLASH_ROW_SIZE)) / 0x2), CY_FLASH_ROW_SIZE))
                0x00000000                appl_start = (CY_APPL_NUM == 0x1)?appl1_start:appl2_start
                0x00000001                cy_project_type_bootloader = (appl_start == 0x0)?0x1:0x0
                0x00000000                cy_project_type_app_for_stack_and_copier = (CY_APP_FOR_STACK_AND_COPIER == 0x1)?0x1:0x0

.text           0x00000000     0x118c
 CREATE_OBJECT_SYMBOLS
                0x00000000                PROVIDE (__cy_interrupt_vector, RomVectors)
 *(.romvectors)
 .romvectors    0x00000000       0x10 .\CortexM0\ARM_GCC_493\Debug\Cm0Start.o
                0x00000000                RomVectors
                0x00000001                ASSERT ((. != __cy_interrupt_vector), No interrupt vector)
                0x00000001                ASSERT (CY_APPL_ORIGIN?(SIZEOF (.cybootloader) <= CY_APPL_ORIGIN):0x1, Wrong image location)
                0x00000010                PROVIDE (__cy_reset, Reset)
 *(.text.Reset)
 .text.Reset    0x00000010        0x8 .\CortexM0\ARM_GCC_493\Debug\Cm0Start.o
                0x00000010                Reset
                0x00000001                ASSERT ((. != __cy_reset), No reset code)
 *(.psocinit)
 .psocinit      0x00000018      0x19c .\CortexM0\ARM_GCC_493\Debug\SCB_I2cCommSlave01.a(cyfitter_cfg.o)
                0x0000008c                cyfitter_cfg
                0x000001b4                . = MAX (., 0x100)
 *(.text .text.* .gnu.linkonce.t.*)
 .text          0x000001b4       0x60 c:/program files (x86)/cypress/psoc creator/3.3/psoc creator/import/gnu/arm/4.9.3/bin/../lib/gcc/arm-none-eabi/4.9.3/armv6-m/crtbegin.o
 .text.main     0x00000214       0xac .\CortexM0\ARM_GCC_493\Debug\main.o
                0x00000214                main
 .text.ExecuteCommand
                0x000002c0       0x8c .\CortexM0\ARM_GCC_493\Debug\main.o
                0x000002c0                ExecuteCommand
 .text.IntDefaultHandler
                0x0000034c        0x8 .\CortexM0\ARM_GCC_493\Debug\Cm0Start.o
                0x0000034c                IntDefaultHandler
 .text.Start_c  0x00000354       0x98 .\CortexM0\ARM_GCC_493\Debug\Cm0Start.o
                0x00000354                Start_c
 .text.initialize_psoc
                0x000003ec       0x64 .\CortexM0\ARM_GCC_493\Debug\Cm0Start.o
                0x000003ec                initialize_psoc
 .text.CYMEMZERO
                0x00000450       0x20 .\CortexM0\ARM_GCC_493\Debug\SCB_I2cCommSlave01.a(cyfitter_cfg.o)
 .text.AnalogSetDefault
                0x00000470        0x8 .\CortexM0\ARM_GCC_493\Debug\SCB_I2cCommSlave01.a(cyfitter_cfg.o)
 .text.LED_RED_Write
                0x00000478       0x4c .\CortexM0\ARM_GCC_493\Debug\SCB_I2cCommSlave01.a(LED_RED.o)
                0x00000478                LED_RED_Write
 .text.LED_GREEN_Write
                0x000004c4       0x4c .\CortexM0\ARM_GCC_493\Debug\SCB_I2cCommSlave01.a(LED_GREEN.o)
                0x000004c4                LED_GREEN_Write
 .text.LED_BLUE_Write
                0x00000510       0x4c .\CortexM0\ARM_GCC_493\Debug\SCB_I2cCommSlave01.a(LED_BLUE.o)
                0x00000510                LED_BLUE_Write
 .text.I2CS_Init
                0x0000055c        0xc .\CortexM0\ARM_GCC_493\Debug\SCB_I2cCommSlave01.a(I2CS.o)
                0x0000055c                I2CS_Init
 .text.I2CS_Enable
                0x00000568       0x24 .\CortexM0\ARM_GCC_493\Debug\SCB_I2cCommSlave01.a(I2CS.o)
                0x00000568                I2CS_Enable
 .text.I2CS_Start
                0x0000058c       0x24 .\CortexM0\ARM_GCC_493\Debug\SCB_I2cCommSlave01.a(I2CS.o)
                0x0000058c                I2CS_Start
 .text.I2CS_ScbEnableIntr
                0x000005b0       0x10 .\CortexM0\ARM_GCC_493\Debug\SCB_I2cCommSlave01.a(I2CS.o)
 .text.I2CS_ScbModePostEnable
                0x000005c0        0x8 .\CortexM0\ARM_GCC_493\Debug\SCB_I2cCommSlave01.a(I2CS.o)
 .text.I2CS_I2CSlaveNackGeneration
                0x000005c8       0x50 .\CortexM0\ARM_GCC_493\Debug\SCB_I2cCommSlave01.a(I2CS.o)
                0x000005c8                I2CS_I2CSlaveNackGeneration
 .text.I2CS_I2CInit
                0x00000618       0xf8 .\CortexM0\ARM_GCC_493\Debug\SCB_I2cCommSlave01.a(I2CS_I2C.o)
                0x00000618                I2CS_I2CInit
 .text.I2CS_I2CSlaveStatus
                0x00000710       0x14 .\CortexM0\ARM_GCC_493\Debug\SCB_I2cCommSlave01.a(I2CS_I2C_SLAVE.o)
                0x00000710                I2CS_I2CSlaveStatus
 .text.I2CS_I2CSlaveClearReadStatus
                0x00000724       0x40 .\CortexM0\ARM_GCC_493\Debug\SCB_I2cCommSlave01.a(I2CS_I2C_SLAVE.o)
                0x00000724                I2CS_I2CSlaveClearReadStatus
 .text.I2CS_I2CSlaveClearWriteStatus
                0x00000764       0x40 .\CortexM0\ARM_GCC_493\Debug\SCB_I2cCommSlave01.a(I2CS_I2C_SLAVE.o)
                0x00000764                I2CS_I2CSlaveClearWriteStatus
 .text.I2CS_I2CSlaveInitReadBuf
                0x000007a4       0x4c .\CortexM0\ARM_GCC_493\Debug\SCB_I2cCommSlave01.a(I2CS_I2C_SLAVE.o)
                0x000007a4                I2CS_I2CSlaveInitReadBuf
 .text.I2CS_I2CSlaveInitWriteBuf
                0x000007f0       0x40 .\CortexM0\ARM_GCC_493\Debug\SCB_I2cCommSlave01.a(I2CS_I2C_SLAVE.o)
                0x000007f0                I2CS_I2CSlaveInitWriteBuf
 .text.I2CS_I2CSlaveGetWriteBufSize
                0x00000830       0x14 .\CortexM0\ARM_GCC_493\Debug\SCB_I2cCommSlave01.a(I2CS_I2C_SLAVE.o)
                0x00000830                I2CS_I2CSlaveGetWriteBufSize
 .text.I2CS_I2CSlaveClearReadBuf
                0x00000844       0x14 .\CortexM0\ARM_GCC_493\Debug\SCB_I2cCommSlave01.a(I2CS_I2C_SLAVE.o)
                0x00000844                I2CS_I2CSlaveClearReadBuf
 .text.I2CS_I2CSlaveClearWriteBuf
                0x00000858       0x14 .\CortexM0\ARM_GCC_493\Debug\SCB_I2cCommSlave01.a(I2CS_I2C_SLAVE.o)
                0x00000858                I2CS_I2CSlaveClearWriteBuf
 .text.CySysClkWriteImoFreq
                0x0000086c      0x1ec .\CortexM0\ARM_GCC_493\Debug\SCB_I2cCommSlave01.a(CyLib.o)
                0x0000086c                CySysClkWriteImoFreq
 .text.CyIntSetVector
                0x00000a58       0x4c .\CortexM0\ARM_GCC_493\Debug\SCB_I2cCommSlave01.a(CyLib.o)
                0x00000a58                CyIntSetVector
 .text.CyIntSetPriority
                0x00000aa4       0xa8 .\CortexM0\ARM_GCC_493\Debug\SCB_I2cCommSlave01.a(CyLib.o)
                0x00000aa4                CyIntSetPriority
 .text.CyIntEnable
                0x00000b4c       0x28 .\CortexM0\ARM_GCC_493\Debug\SCB_I2cCommSlave01.a(CyLib.o)
                0x00000b4c                CyIntEnable
 .text.CyIntDisable
                0x00000b74       0x28 .\CortexM0\ARM_GCC_493\Debug\SCB_I2cCommSlave01.a(CyLib.o)
                0x00000b74                CyIntDisable
 .text.CyHalt   0x00000b9c       0x14 .\CortexM0\ARM_GCC_493\Debug\SCB_I2cCommSlave01.a(CyLib.o)
                0x00000b9c                CyHalt
 .text.CyDelayUs
                0x00000bb0       0x28 .\CortexM0\ARM_GCC_493\Debug\SCB_I2cCommSlave01.a(CyLib.o)
                0x00000bb0                CyDelayUs
 .text.I2CS_I2C_ISR
                0x00000bd8      0x530 .\CortexM0\ARM_GCC_493\Debug\SCB_I2cCommSlave01.a(I2CS_I2C_INT.o)
                0x00000bd8                I2CS_I2C_ISR
 .text          0x00001108       0x28 .\CortexM0\ARM_GCC_493\Debug\SCB_I2cCommSlave01.a(CyBootAsmGnu.o)
                0x00001108                CyDelayCycles
                0x0000111c                CyEnterCriticalSection
                0x00001124                CyExitCriticalSection
 .text.__libc_init_array
                0x00001130       0x4c c:/program files (x86)/cypress/psoc creator/3.3/psoc creator/import/gnu/arm/4.9.3/bin/../lib/gcc/arm-none-eabi/4.9.3/../../../../arm-none-eabi/lib/armv6-m\libg_nano.a(lib_a-init.o)
                0x00001130                __libc_init_array
 .text.memset   0x0000117c       0x10 c:/program files (x86)/cypress/psoc creator/3.3/psoc creator/import/gnu/arm/4.9.3/bin/../lib/gcc/arm-none-eabi/4.9.3/../../../../arm-none-eabi/lib/armv6-m\libg_nano.a(lib_a-memset.o)
                0x0000117c                memset
 *(.plt)
 *(.gnu.warning)
 *(.glue_7t)
 .glue_7t       0x00000000        0x0 linker stubs
 *(.glue_7)
 .glue_7        0x00000000        0x0 linker stubs
 *(.vfp11_veneer)
 .vfp11_veneer  0x00000000        0x0 linker stubs
 *(.bootloader)
 *(.ARM.extab* .gnu.linkonce.armextab.*)
 *(.gcc_except_table)

.v4_bx          0x0000118c        0x0
 .v4_bx         0x00000000        0x0 linker stubs

.iplt           0x0000118c        0x0
 .iplt          0x00000000        0x0 c:/program files (x86)/cypress/psoc creator/3.3/psoc creator/import/gnu/arm/4.9.3/bin/../lib/gcc/arm-none-eabi/4.9.3/armv6-m/crtbegin.o

.eh_frame_hdr
 *(.eh_frame_hdr)

.eh_frame       0x0000118c        0x4
 *(.eh_frame)
 .eh_frame      0x0000118c        0x0 c:/program files (x86)/cypress/psoc creator/3.3/psoc creator/import/gnu/arm/4.9.3/bin/../lib/gcc/arm-none-eabi/4.9.3/armv6-m/crtbegin.o
 .eh_frame      0x0000118c        0x4 c:/program files (x86)/cypress/psoc creator/3.3/psoc creator/import/gnu/arm/4.9.3/bin/../lib/gcc/arm-none-eabi/4.9.3/armv6-m/crtend.o
                0x00001190                PROVIDE (__exidx_start, .)

.ARM.exidx
 *(.ARM.exidx* .gnu.linkonce.armexidx.*)
                0x00001190                __exidx_end = .

.rodata         0x00001190       0x70
 *(.rodata .rodata.* .gnu.linkonce.r.*)
 .rodata        0x00001190        0xc .\CortexM0\ARM_GCC_493\Debug\SCB_I2cCommSlave01.a(cyfitter_cfg.o)
 .rodata        0x0000119c       0x30 .\CortexM0\ARM_GCC_493\Debug\SCB_I2cCommSlave01.a(CyLib.o)
                0x0000119c                cyImoFreqMhz2Reg
                0x000011cc                . = ALIGN (0x4)
 *(.init)
 .init          0x000011cc        0x4 c:/program files (x86)/cypress/psoc creator/3.3/psoc creator/import/gnu/arm/4.9.3/bin/../lib/gcc/arm-none-eabi/4.9.3/armv6-m/crti.o
                0x000011cc                _init
 .init          0x000011d0        0x8 c:/program files (x86)/cypress/psoc creator/3.3/psoc creator/import/gnu/arm/4.9.3/bin/../lib/gcc/arm-none-eabi/4.9.3/armv6-m/crtn.o
                0x000011d8                . = ALIGN (0x4)
                0x000011d8                __preinit_array_start = .
 *(.preinit_array)
                0x000011d8                __preinit_array_end = .
                0x000011d8                . = ALIGN (0x4)
                0x000011d8                __init_array_start = .
 *(SORT(.init_array.*))
 *(.init_array)
 .init_array    0x000011d8        0x4 c:/program files (x86)/cypress/psoc creator/3.3/psoc creator/import/gnu/arm/4.9.3/bin/../lib/gcc/arm-none-eabi/4.9.3/armv6-m/crtbegin.o
 .init_array    0x000011dc        0x4 .\CortexM0\ARM_GCC_493\Debug\Cm0Start.o
                0x000011e0                __init_array_end = .
                0x000011e0                . = ALIGN (0x4)
 *(.fini)
 .fini          0x000011e0        0x4 c:/program files (x86)/cypress/psoc creator/3.3/psoc creator/import/gnu/arm/4.9.3/bin/../lib/gcc/arm-none-eabi/4.9.3/armv6-m/crti.o
                0x000011e0                _fini
 .fini          0x000011e4        0x8 c:/program files (x86)/cypress/psoc creator/3.3/psoc creator/import/gnu/arm/4.9.3/bin/../lib/gcc/arm-none-eabi/4.9.3/armv6-m/crtn.o
                0x000011ec                . = ALIGN (0x4)
                0x000011ec                __fini_array_start = .
 *(.fini_array)
 .fini_array    0x000011ec        0x4 c:/program files (x86)/cypress/psoc creator/3.3/psoc creator/import/gnu/arm/4.9.3/bin/../lib/gcc/arm-none-eabi/4.9.3/armv6-m/crtbegin.o
 *(SORT(.fini_array.*))
                0x000011f0                __fini_array_end = .
                0x000011f0                . = ALIGN (0x4)
 *crtbegin.o(.ctors)
 *(EXCLUDE_FILE(*crtend.o) .ctors)
 *(SORT(.ctors.*))
 *crtend.o(.ctors)
                0x000011f0                . = ALIGN (0x4)
 *crtbegin.o(.dtors)
 *(EXCLUDE_FILE(*crtend.o) .dtors)
 *(SORT(.dtors.*))
 *crtend.o(.dtors)
                0x000011f0                . = ALIGN (0x4)
                0x000011f0                __cy_regions = .
                0x000011f0        0x4 LONG 0x1200 __cy_region_init_ram
                0x000011f4        0x4 LONG 0x200000c8 __cy_region_start_data
                0x000011f8        0x4 LONG 0x18 __cy_region_init_size_ram
                0x000011fc        0x4 LONG 0x50 __cy_region_zero_size_ram
                0x00001200                __cy_regions_end = .
                0x00001200                . = ALIGN (0x8)
                0x00001200                _etext = .

.cy_checksum_exclude
                0x00001200        0x0
 *(.cy_checksum_exclude)

.ramvectors     0x20000000       0xc0
                0x20000000                __cy_region_start_ram = .
 *(.ramvectors)
 .ramvectors    0x20000000       0xc0 .\CortexM0\ARM_GCC_493\Debug\Cm0Start.o
                0x20000000                CyRamVectors

.noinit         0x200000c0        0x4
 *(.noinit)
 .noinit        0x200000c0        0x4 .\CortexM0\ARM_GCC_493\Debug\Cm0Start.o

.data           0x200000c8       0x18 load address 0x00001200
                0x200000c8                __cy_region_start_data = .
 *(.jcr)
 .jcr           0x200000c8        0x0 c:/program files (x86)/cypress/psoc creator/3.3/psoc creator/import/gnu/arm/4.9.3/bin/../lib/gcc/arm-none-eabi/4.9.3/armv6-m/crtbegin.o
 .jcr           0x200000c8        0x4 c:/program files (x86)/cypress/psoc creator/3.3/psoc creator/import/gnu/arm/4.9.3/bin/../lib/gcc/arm-none-eabi/4.9.3/armv6-m/crtend.o
 *(.got.plt)
 *(.got)
 *(.shdata)
 *(.data .data.* .gnu.linkonce.d.*)
 .data          0x200000cc        0x4 .\CortexM0\ARM_GCC_493\Debug\main.o
                0x200000cc                i2cReadBuffer
 .data          0x200000d0       0x10 .\CortexM0\ARM_GCC_493\Debug\SCB_I2cCommSlave01.a(CyLib.o)
                0x200000d0                cydelayFreqHz
                0x200000d4                cydelayFreqKhz
                0x200000d8                cydelayFreqMhz
                0x200000dc                cydelay32kMs
                0x200000e0                . = ALIGN (0x8)
 *(.ram)
                0x200000e0                _edata = .

.igot.plt       0x200000e0        0x0 load address 0x00001218
 .igot.plt      0x00000000        0x0 c:/program files (x86)/cypress/psoc creator/3.3/psoc creator/import/gnu/arm/4.9.3/bin/../lib/gcc/arm-none-eabi/4.9.3/armv6-m/crtbegin.o

.bss            0x200000e0       0x50 load address 0x00001218
                0x200000e0                PROVIDE (__bss_start__, .)
 *(.shbss)
 *(.bss .bss.* .gnu.linkonce.b.*)
 .bss           0x200000e0       0x1c c:/program files (x86)/cypress/psoc creator/3.3/psoc creator/import/gnu/arm/4.9.3/bin/../lib/gcc/arm-none-eabi/4.9.3/armv6-m/crtbegin.o
 .bss           0x200000fc        0x8 .\CortexM0\ARM_GCC_493\Debug\SCB_I2cCommSlave01.a(I2CS.o)
                0x200000fc                I2CS_initVar
                0x20000100                I2CS_customIntrHandler
 *(COMMON)
 COMMON         0x20000104        0x4 .\CortexM0\ARM_GCC_493\Debug\main.o
                0x20000104                i2cWriteBuffer
 COMMON         0x20000108        0x1 .\CortexM0\ARM_GCC_493\Debug\SCB_I2cCommSlave01.a(I2CS_I2C.o)
                0x20000108                I2CS_state
 *fill*         0x20000109        0x3 
 COMMON         0x2000010c       0x21 .\CortexM0\ARM_GCC_493\Debug\SCB_I2cCommSlave01.a(I2CS_I2C_SLAVE.o)
                0x2000010c                I2CS_slRdBufIndex
                0x20000110                I2CS_slWrBufIndex
                0x20000114                I2CS_slWrBufSize
                0x20000118                I2CS_slRdBufSize
                0x2000011c                I2CS_slRdBufPtr
                0x20000120                I2CS_slStatus
                0x20000124                I2CS_slRdBufIndexTmp
                0x20000128                I2CS_slWrBufPtr
                0x2000012c                I2CS_slOverFlowCount
                0x20000130                . = ALIGN (0x8)
 *fill*         0x2000012d        0x3 
 *(.ram.b)
                0x20000130                _end = .
                0x20000130                __end = .
                0x20000130                PROVIDE (end, .)
                0x20000130                PROVIDE (__bss_end__, .)
                0x00001200                __cy_region_init_ram = LOADADDR (.data)
                0x00000018                __cy_region_init_size_ram = (_edata - ADDR (.data))
                0x00000050                __cy_region_zero_size_ram = (_end - _edata)

.heap           0x20000130      0x100 load address 0x00001218
                0x20000130                . = _end
                0x20000230                . = (. + 0x100)
 *fill*         0x20000130      0x100 
                0x20000230                __cy_heap_limit = .

.stack          0x20000c00      0x400
                0x20000c00                __cy_stack_limit = .
                0x20001000                . = (. + 0x400)
 *fill*         0x20000c00      0x400 
                0x00000001                ASSERT ((__cy_stack_limit >= __cy_heap_limit), region RAM overflowed with stack)
                0x00000000                cy_checksum_exclude_size = (CY_APPL_LOADABLE == 0x1)?SIZEOF (.cy_checksum_exclude):0x0
                0x00000001                ASSERT ((cy_checksum_exclude_size <= CY_CHECKSUM_EXCLUDE_SIZE), CY_BOOT: Section .cy_checksum_exclude size exceedes specified limit.)
                0x00007fc0                cyloadermeta_start = (cy_project_type_bootloader || cy_project_type_app_for_stack_and_copier)?(0x8000 - CY_METADATA_SIZE):0xf0000000

.cyloadermeta
 *(.cyloadermeta)
                0x00007fc0                cyloadablemeta_start = cy_project_type_app_for_stack_and_copier?((0x8000 - CY_FLASH_ROW_SIZE) - CY_METADATA_SIZE):((0x8000 - (CY_FLASH_ROW_SIZE * (CY_APPL_NUM - 0x1))) - CY_METADATA_SIZE)

.cyloadablemeta
 *(.cyloadablemeta)

.cyflashprotect
                0x90400000       0x20
 *(.cyflashprotect)
 .cyflashprotect
                0x90400000       0x20 .\CortexM0\ARM_GCC_493\Debug\cymetadata.o
                0x90400000                cy_meta_flashprotect

.cymeta         0x90500000        0xc
 *(.cymeta)
 .cymeta        0x90500000        0xc .\CortexM0\ARM_GCC_493\Debug\cymetadata.o
                0x90500000                cy_metadata

.cychipprotect  0x90600000        0x4
 *(.cychipprotect)
 .cychipprotect
                0x90600000        0x4 .\CortexM0\ARM_GCC_493\Debug\cymetadata.o
                0x90600000                cy_meta_chipprotect

.rel.dyn        0x00001218        0x0 load address 0x90600004
 .rel.iplt      0x00000000        0x0 c:/program files (x86)/cypress/psoc creator/3.3/psoc creator/import/gnu/arm/4.9.3/bin/../lib/gcc/arm-none-eabi/4.9.3/armv6-m/crtbegin.o

.stab
 *(.stab)

.stabstr
 *(.stabstr)

.debug
 *(.debug)

.line
 *(.line)

.debug_srcinfo
 *(.debug_srcinfo)

.debug_sfnames
 *(.debug_sfnames)

.debug_aranges  0x00000000      0x468
 *(.debug_aranges)
 .debug_aranges
                0x00000000       0x28 .\CortexM0\ARM_GCC_493\Debug\main.o
 .debug_aranges
                0x00000028       0x18 .\CortexM0\ARM_GCC_493\Debug\cymetadata.o
 .debug_aranges
                0x00000040       0x48 .\CortexM0\ARM_GCC_493\Debug\Cm0Start.o
 .debug_aranges
                0x00000088       0x48 .\CortexM0\ARM_GCC_493\Debug\SCB_I2cCommSlave01.a(cyfitter_cfg.o)
 .debug_aranges
                0x000000d0       0x48 .\CortexM0\ARM_GCC_493\Debug\SCB_I2cCommSlave01.a(LED_RED.o)
 .debug_aranges
                0x00000118       0x48 .\CortexM0\ARM_GCC_493\Debug\SCB_I2cCommSlave01.a(LED_GREEN.o)
 .debug_aranges
                0x00000160       0x48 .\CortexM0\ARM_GCC_493\Debug\SCB_I2cCommSlave01.a(LED_BLUE.o)
 .debug_aranges
                0x000001a8       0x70 .\CortexM0\ARM_GCC_493\Debug\SCB_I2cCommSlave01.a(I2CS.o)
 .debug_aranges
                0x00000218       0x28 .\CortexM0\ARM_GCC_493\Debug\SCB_I2cCommSlave01.a(I2CS_I2C.o)
 .debug_aranges
                0x00000240       0x70 .\CortexM0\ARM_GCC_493\Debug\SCB_I2cCommSlave01.a(I2CS_I2C_SLAVE.o)
 .debug_aranges
                0x000002b0      0x178 .\CortexM0\ARM_GCC_493\Debug\SCB_I2cCommSlave01.a(CyLib.o)
 .debug_aranges
                0x00000428       0x20 .\CortexM0\ARM_GCC_493\Debug\SCB_I2cCommSlave01.a(I2CS_I2C_INT.o)
 .debug_aranges
                0x00000448       0x20 .\CortexM0\ARM_GCC_493\Debug\SCB_I2cCommSlave01.a(CyBootAsmGnu.o)

.debug_pubnames
 *(.debug_pubnames)

.debug_info     0x00000000     0x1cf5
 *(.debug_info .gnu.linkonce.wi.*)
 .debug_info    0x00000000      0x14e .\CortexM0\ARM_GCC_493\Debug\main.o
 .debug_info    0x0000014e       0xfe .\CortexM0\ARM_GCC_493\Debug\cymetadata.o
 .debug_info    0x0000024c      0x302 .\CortexM0\ARM_GCC_493\Debug\Cm0Start.o
 .debug_info    0x0000054e      0x24a .\CortexM0\ARM_GCC_493\Debug\SCB_I2cCommSlave01.a(cyfitter_cfg.o)
 .debug_info    0x00000798      0x19a .\CortexM0\ARM_GCC_493\Debug\SCB_I2cCommSlave01.a(LED_RED.o)
 .debug_info    0x00000932      0x19a .\CortexM0\ARM_GCC_493\Debug\SCB_I2cCommSlave01.a(LED_GREEN.o)
 .debug_info    0x00000acc      0x19a .\CortexM0\ARM_GCC_493\Debug\SCB_I2cCommSlave01.a(LED_BLUE.o)
 .debug_info    0x00000c66      0x1f6 .\CortexM0\ARM_GCC_493\Debug\SCB_I2cCommSlave01.a(I2CS.o)
 .debug_info    0x00000e5c      0x116 .\CortexM0\ARM_GCC_493\Debug\SCB_I2cCommSlave01.a(I2CS_I2C.o)
 .debug_info    0x00000f72      0x2db .\CortexM0\ARM_GCC_493\Debug\SCB_I2cCommSlave01.a(I2CS_I2C_SLAVE.o)
 .debug_info    0x0000124d      0x8ac .\CortexM0\ARM_GCC_493\Debug\SCB_I2cCommSlave01.a(CyLib.o)
 .debug_info    0x00001af9      0x17a .\CortexM0\ARM_GCC_493\Debug\SCB_I2cCommSlave01.a(I2CS_I2C_INT.o)
 .debug_info    0x00001c73       0x82 .\CortexM0\ARM_GCC_493\Debug\SCB_I2cCommSlave01.a(CyBootAsmGnu.o)

.debug_abbrev   0x00000000      0xabc
 *(.debug_abbrev)
 .debug_abbrev  0x00000000       0xae .\CortexM0\ARM_GCC_493\Debug\main.o
 .debug_abbrev  0x000000ae       0x5d .\CortexM0\ARM_GCC_493\Debug\cymetadata.o
 .debug_abbrev  0x0000010b      0x17c .\CortexM0\ARM_GCC_493\Debug\Cm0Start.o
 .debug_abbrev  0x00000287      0x136 .\CortexM0\ARM_GCC_493\Debug\SCB_I2cCommSlave01.a(cyfitter_cfg.o)
 .debug_abbrev  0x000003bd       0xaa .\CortexM0\ARM_GCC_493\Debug\SCB_I2cCommSlave01.a(LED_RED.o)
 .debug_abbrev  0x00000467       0xaa .\CortexM0\ARM_GCC_493\Debug\SCB_I2cCommSlave01.a(LED_GREEN.o)
 .debug_abbrev  0x00000511       0xaa .\CortexM0\ARM_GCC_493\Debug\SCB_I2cCommSlave01.a(LED_BLUE.o)
 .debug_abbrev  0x000005bb       0xf3 .\CortexM0\ARM_GCC_493\Debug\SCB_I2cCommSlave01.a(I2CS.o)
 .debug_abbrev  0x000006ae       0x90 .\CortexM0\ARM_GCC_493\Debug\SCB_I2cCommSlave01.a(I2CS_I2C.o)
 .debug_abbrev  0x0000073e      0x13b .\CortexM0\ARM_GCC_493\Debug\SCB_I2cCommSlave01.a(I2CS_I2C_SLAVE.o)
 .debug_abbrev  0x00000879      0x1a7 .\CortexM0\ARM_GCC_493\Debug\SCB_I2cCommSlave01.a(CyLib.o)
 .debug_abbrev  0x00000a20       0x88 .\CortexM0\ARM_GCC_493\Debug\SCB_I2cCommSlave01.a(I2CS_I2C_INT.o)
 .debug_abbrev  0x00000aa8       0x14 .\CortexM0\ARM_GCC_493\Debug\SCB_I2cCommSlave01.a(CyBootAsmGnu.o)

.debug_line     0x00000000      0xfd0
 *(.debug_line)
 .debug_line    0x00000000       0x96 .\CortexM0\ARM_GCC_493\Debug\main.o
 .debug_line    0x00000096       0x53 .\CortexM0\ARM_GCC_493\Debug\cymetadata.o
 .debug_line    0x000000e9      0x1c9 .\CortexM0\ARM_GCC_493\Debug\Cm0Start.o
 .debug_line    0x000002b2      0x166 .\CortexM0\ARM_GCC_493\Debug\SCB_I2cCommSlave01.a(cyfitter_cfg.o)
 .debug_line    0x00000418       0xc1 .\CortexM0\ARM_GCC_493\Debug\SCB_I2cCommSlave01.a(LED_RED.o)
 .debug_line    0x000004d9       0xc3 .\CortexM0\ARM_GCC_493\Debug\SCB_I2cCommSlave01.a(LED_GREEN.o)
 .debug_line    0x0000059c       0xc2 .\CortexM0\ARM_GCC_493\Debug\SCB_I2cCommSlave01.a(LED_BLUE.o)
 .debug_line    0x0000065e      0x155 .\CortexM0\ARM_GCC_493\Debug\SCB_I2cCommSlave01.a(I2CS.o)
 .debug_line    0x000007b3       0xb5 .\CortexM0\ARM_GCC_493\Debug\SCB_I2cCommSlave01.a(I2CS_I2C.o)
 .debug_line    0x00000868      0x14d .\CortexM0\ARM_GCC_493\Debug\SCB_I2cCommSlave01.a(I2CS_I2C_SLAVE.o)
 .debug_line    0x000009b5      0x461 .\CortexM0\ARM_GCC_493\Debug\SCB_I2cCommSlave01.a(CyLib.o)
 .debug_line    0x00000e16      0x151 .\CortexM0\ARM_GCC_493\Debug\SCB_I2cCommSlave01.a(I2CS_I2C_INT.o)
 .debug_line    0x00000f67       0x69 .\CortexM0\ARM_GCC_493\Debug\SCB_I2cCommSlave01.a(CyBootAsmGnu.o)

.debug_frame    0x00000000      0xda4
 *(.debug_frame)
 .debug_frame   0x00000000       0x54 .\CortexM0\ARM_GCC_493\Debug\main.o
 .debug_frame   0x00000054       0xc8 .\CortexM0\ARM_GCC_493\Debug\Cm0Start.o
 .debug_frame   0x0000011c       0xc8 .\CortexM0\ARM_GCC_493\Debug\SCB_I2cCommSlave01.a(cyfitter_cfg.o)
 .debug_frame   0x000001e4       0xc8 .\CortexM0\ARM_GCC_493\Debug\SCB_I2cCommSlave01.a(LED_RED.o)
 .debug_frame   0x000002ac       0xc8 .\CortexM0\ARM_GCC_493\Debug\SCB_I2cCommSlave01.a(LED_GREEN.o)
 .debug_frame   0x00000374       0xc8 .\CortexM0\ARM_GCC_493\Debug\SCB_I2cCommSlave01.a(LED_BLUE.o)
 .debug_frame   0x0000043c      0x150 .\CortexM0\ARM_GCC_493\Debug\SCB_I2cCommSlave01.a(I2CS.o)
 .debug_frame   0x0000058c       0x48 .\CortexM0\ARM_GCC_493\Debug\SCB_I2cCommSlave01.a(I2CS_I2C.o)
 .debug_frame   0x000005d4      0x15c .\CortexM0\ARM_GCC_493\Debug\SCB_I2cCommSlave01.a(I2CS_I2C_SLAVE.o)
 .debug_frame   0x00000730      0x568 .\CortexM0\ARM_GCC_493\Debug\SCB_I2cCommSlave01.a(CyLib.o)
 .debug_frame   0x00000c98       0x30 .\CortexM0\ARM_GCC_493\Debug\SCB_I2cCommSlave01.a(I2CS_I2C_INT.o)
 .debug_frame   0x00000cc8       0x20 c:/program files (x86)/cypress/psoc creator/3.3/psoc creator/import/gnu/arm/4.9.3/bin/../lib/gcc/arm-none-eabi/4.9.3/armv6-m\libgcc.a(_udivsi3.o)
 .debug_frame   0x00000ce8       0x20 c:/program files (x86)/cypress/psoc creator/3.3/psoc creator/import/gnu/arm/4.9.3/bin/../lib/gcc/arm-none-eabi/4.9.3/../../../../arm-none-eabi/lib/armv6-m\libg_nano.a(lib_a-errno.o)
 .debug_frame   0x00000d08       0x28 c:/program files (x86)/cypress/psoc creator/3.3/psoc creator/import/gnu/arm/4.9.3/bin/../lib/gcc/arm-none-eabi/4.9.3/../../../../arm-none-eabi/lib/armv6-m\libg_nano.a(lib_a-exit.o)
 .debug_frame   0x00000d30       0x2c c:/program files (x86)/cypress/psoc creator/3.3/psoc creator/import/gnu/arm/4.9.3/bin/../lib/gcc/arm-none-eabi/4.9.3/../../../../arm-none-eabi/lib/armv6-m\libg_nano.a(lib_a-init.o)
 .debug_frame   0x00000d5c       0x28 c:/program files (x86)/cypress/psoc creator/3.3/psoc creator/import/gnu/arm/4.9.3/bin/../lib/gcc/arm-none-eabi/4.9.3/../../../../arm-none-eabi/lib/armv6-m\libg_nano.a(lib_a-memcpy.o)
 .debug_frame   0x00000d84       0x20 c:/program files (x86)/cypress/psoc creator/3.3/psoc creator/import/gnu/arm/4.9.3/bin/../lib/gcc/arm-none-eabi/4.9.3/../../../../arm-none-eabi/lib/armv6-m\libg_nano.a(lib_a-memset.o)

.debug_str      0x00000000      0xe29
 *(.debug_str)
 .debug_str     0x00000000      0x174 .\CortexM0\ARM_GCC_493\Debug\main.o
                                0x1ad (size before relaxing)
 .debug_str     0x00000174       0x5b .\CortexM0\ARM_GCC_493\Debug\cymetadata.o
                                0x1c0 (size before relaxing)
 .debug_str     0x000001cf      0x12e .\CortexM0\ARM_GCC_493\Debug\Cm0Start.o
                                0x2b4 (size before relaxing)
 .debug_str     0x000002fd       0xa5 .\CortexM0\ARM_GCC_493\Debug\SCB_I2cCommSlave01.a(cyfitter_cfg.o)
                                0x22b (size before relaxing)
 .debug_str     0x000003a2       0xc6 .\CortexM0\ARM_GCC_493\Debug\SCB_I2cCommSlave01.a(LED_RED.o)
                                0x236 (size before relaxing)
 .debug_str     0x00000468       0xa5 .\CortexM0\ARM_GCC_493\Debug\SCB_I2cCommSlave01.a(LED_GREEN.o)
                                0x244 (size before relaxing)
 .debug_str     0x0000050d       0x9e .\CortexM0\ARM_GCC_493\Debug\SCB_I2cCommSlave01.a(LED_BLUE.o)
                                0x23d (size before relaxing)
 .debug_str     0x000005ab      0x12e .\CortexM0\ARM_GCC_493\Debug\SCB_I2cCommSlave01.a(I2CS.o)
                                0x2a0 (size before relaxing)
 .debug_str     0x000006d9       0x90 .\CortexM0\ARM_GCC_493\Debug\SCB_I2cCommSlave01.a(I2CS_I2C.o)
                                0x202 (size before relaxing)
 .debug_str     0x00000769      0x1ce .\CortexM0\ARM_GCC_493\Debug\SCB_I2cCommSlave01.a(I2CS_I2C_SLAVE.o)
                                0x396 (size before relaxing)
 .debug_str     0x00000937      0x4a7 .\CortexM0\ARM_GCC_493\Debug\SCB_I2cCommSlave01.a(CyLib.o)
                                0x640 (size before relaxing)
 .debug_str     0x00000dde       0x4b .\CortexM0\ARM_GCC_493\Debug\SCB_I2cCommSlave01.a(I2CS_I2C_INT.o)
                                0x28a (size before relaxing)

.debug_loc
 *(.debug_loc)

.debug_macinfo
 *(.debug_macinfo)

.debug_ranges   0x00000000      0x380
 *(.debug_ranges)
 .debug_ranges  0x00000000       0x18 .\CortexM0\ARM_GCC_493\Debug\main.o
 .debug_ranges  0x00000018       0x38 .\CortexM0\ARM_GCC_493\Debug\Cm0Start.o
 .debug_ranges  0x00000050       0x38 .\CortexM0\ARM_GCC_493\Debug\SCB_I2cCommSlave01.a(cyfitter_cfg.o)
 .debug_ranges  0x00000088       0x38 .\CortexM0\ARM_GCC_493\Debug\SCB_I2cCommSlave01.a(LED_RED.o)
 .debug_ranges  0x000000c0       0x38 .\CortexM0\ARM_GCC_493\Debug\SCB_I2cCommSlave01.a(LED_GREEN.o)
 .debug_ranges  0x000000f8       0x38 .\CortexM0\ARM_GCC_493\Debug\SCB_I2cCommSlave01.a(LED_BLUE.o)
 .debug_ranges  0x00000130       0x60 .\CortexM0\ARM_GCC_493\Debug\SCB_I2cCommSlave01.a(I2CS.o)
 .debug_ranges  0x00000190       0x18 .\CortexM0\ARM_GCC_493\Debug\SCB_I2cCommSlave01.a(I2CS_I2C.o)
 .debug_ranges  0x000001a8       0x60 .\CortexM0\ARM_GCC_493\Debug\SCB_I2cCommSlave01.a(I2CS_I2C_SLAVE.o)
 .debug_ranges  0x00000208      0x168 .\CortexM0\ARM_GCC_493\Debug\SCB_I2cCommSlave01.a(CyLib.o)
 .debug_ranges  0x00000370       0x10 .\CortexM0\ARM_GCC_493\Debug\SCB_I2cCommSlave01.a(I2CS_I2C_INT.o)

.comment        0x00000000       0x70
 .comment       0x00000000       0x70 .\CortexM0\ARM_GCC_493\Debug\main.o
                                 0x71 (size before relaxing)
 .comment       0x00000000       0x71 .\CortexM0\ARM_GCC_493\Debug\cymetadata.o
 .comment       0x00000000       0x71 .\CortexM0\ARM_GCC_493\Debug\Cm0Start.o
 .comment       0x00000000       0x71 .\CortexM0\ARM_GCC_493\Debug\SCB_I2cCommSlave01.a(cyfitter_cfg.o)
 .comment       0x00000000       0x71 .\CortexM0\ARM_GCC_493\Debug\SCB_I2cCommSlave01.a(LED_RED.o)
 .comment       0x00000000       0x71 .\CortexM0\ARM_GCC_493\Debug\SCB_I2cCommSlave01.a(LED_GREEN.o)
 .comment       0x00000000       0x71 .\CortexM0\ARM_GCC_493\Debug\SCB_I2cCommSlave01.a(LED_BLUE.o)
 .comment       0x00000000       0x71 .\CortexM0\ARM_GCC_493\Debug\SCB_I2cCommSlave01.a(I2CS.o)
 .comment       0x00000000       0x71 .\CortexM0\ARM_GCC_493\Debug\SCB_I2cCommSlave01.a(I2CS_I2C.o)
 .comment       0x00000000       0x71 .\CortexM0\ARM_GCC_493\Debug\SCB_I2cCommSlave01.a(I2CS_I2C_SLAVE.o)
 .comment       0x00000000       0x71 .\CortexM0\ARM_GCC_493\Debug\SCB_I2cCommSlave01.a(CyLib.o)
 .comment       0x00000000       0x71 .\CortexM0\ARM_GCC_493\Debug\SCB_I2cCommSlave01.a(I2CS_I2C_INT.o)

.debug_weaknames
 *(.debug_weaknames)

.debug_funcnames
 *(.debug_funcnames)

.debug_typenames
 *(.debug_typenames)

.debug_varnames
 *(.debug_varnames)

.note.gnu.arm.ident
 *(.note.gnu.arm.ident)

.ARM.attributes
                0x00000000       0x28
 *(.ARM.attributes)
 .ARM.attributes
                0x00000000       0x1e c:/program files (x86)/cypress/psoc creator/3.3/psoc creator/import/gnu/arm/4.9.3/bin/../lib/gcc/arm-none-eabi/4.9.3/armv6-m/crti.o
 .ARM.attributes
                0x0000001e       0x2c c:/program files (x86)/cypress/psoc creator/3.3/psoc creator/import/gnu/arm/4.9.3/bin/../lib/gcc/arm-none-eabi/4.9.3/armv6-m/crtbegin.o
 .ARM.attributes
                0x0000004a       0x1b c:/program files (x86)/cypress/psoc creator/3.3/psoc creator/import/gnu/arm/4.9.3/bin/../lib/gcc/arm-none-eabi/4.9.3/../../../../arm-none-eabi/lib/armv6-m/crt0.o
 .ARM.attributes
                0x00000065       0x31 .\CortexM0\ARM_GCC_493\Debug\main.o
 .ARM.attributes
                0x00000096       0x31 .\CortexM0\ARM_GCC_493\Debug\cymetadata.o
 .ARM.attributes
                0x000000c7       0x31 .\CortexM0\ARM_GCC_493\Debug\Cm0Start.o
 .ARM.attributes
                0x000000f8       0x31 .\CortexM0\ARM_GCC_493\Debug\SCB_I2cCommSlave01.a(cyfitter_cfg.o)
 .ARM.attributes
                0x00000129       0x31 .\CortexM0\ARM_GCC_493\Debug\SCB_I2cCommSlave01.a(LED_RED.o)
 .ARM.attributes
                0x0000015a       0x31 .\CortexM0\ARM_GCC_493\Debug\SCB_I2cCommSlave01.a(LED_GREEN.o)
 .ARM.attributes
                0x0000018b       0x31 .\CortexM0\ARM_GCC_493\Debug\SCB_I2cCommSlave01.a(LED_BLUE.o)
 .ARM.attributes
                0x000001bc       0x31 .\CortexM0\ARM_GCC_493\Debug\SCB_I2cCommSlave01.a(I2CS.o)
 .ARM.attributes
                0x000001ed       0x31 .\CortexM0\ARM_GCC_493\Debug\SCB_I2cCommSlave01.a(I2CS_I2C.o)
 .ARM.attributes
                0x0000021e       0x31 .\CortexM0\ARM_GCC_493\Debug\SCB_I2cCommSlave01.a(I2CS_I2C_SLAVE.o)
 .ARM.attributes
                0x0000024f       0x31 .\CortexM0\ARM_GCC_493\Debug\SCB_I2cCommSlave01.a(CyLib.o)
 .ARM.attributes
                0x00000280       0x31 .\CortexM0\ARM_GCC_493\Debug\SCB_I2cCommSlave01.a(I2CS_I2C_INT.o)
 .ARM.attributes
                0x000002b1       0x21 .\CortexM0\ARM_GCC_493\Debug\SCB_I2cCommSlave01.a(CyBootAsmGnu.o)
 .ARM.attributes
                0x000002d2       0x1e c:/program files (x86)/cypress/psoc creator/3.3/psoc creator/import/gnu/arm/4.9.3/bin/../lib/gcc/arm-none-eabi/4.9.3/armv6-m\libgcc.a(_udivsi3.o)
 .ARM.attributes
                0x000002f0       0x1e c:/program files (x86)/cypress/psoc creator/3.3/psoc creator/import/gnu/arm/4.9.3/bin/../lib/gcc/arm-none-eabi/4.9.3/armv6-m\libgcc.a(_dvmd_tls.o)
 .ARM.attributes
                0x0000030e       0x2c c:/program files (x86)/cypress/psoc creator/3.3/psoc creator/import/gnu/arm/4.9.3/bin/../lib/gcc/arm-none-eabi/4.9.3/../../../../arm-none-eabi/lib/armv6-m\libg_nano.a(lib_a-errno.o)
 .ARM.attributes
                0x0000033a       0x2c c:/program files (x86)/cypress/psoc creator/3.3/psoc creator/import/gnu/arm/4.9.3/bin/../lib/gcc/arm-none-eabi/4.9.3/../../../../arm-none-eabi/lib/armv6-m\libg_nano.a(lib_a-exit.o)
 .ARM.attributes
                0x00000366       0x2c c:/program files (x86)/cypress/psoc creator/3.3/psoc creator/import/gnu/arm/4.9.3/bin/../lib/gcc/arm-none-eabi/4.9.3/../../../../arm-none-eabi/lib/armv6-m\libg_nano.a(lib_a-impure.o)
 .ARM.attributes
                0x00000392       0x2c c:/program files (x86)/cypress/psoc creator/3.3/psoc creator/import/gnu/arm/4.9.3/bin/../lib/gcc/arm-none-eabi/4.9.3/../../../../arm-none-eabi/lib/armv6-m\libg_nano.a(lib_a-init.o)
 .ARM.attributes
                0x000003be       0x2c c:/program files (x86)/cypress/psoc creator/3.3/psoc creator/import/gnu/arm/4.9.3/bin/../lib/gcc/arm-none-eabi/4.9.3/../../../../arm-none-eabi/lib/armv6-m\libg_nano.a(lib_a-memcpy.o)
 .ARM.attributes
                0x000003ea       0x2c c:/program files (x86)/cypress/psoc creator/3.3/psoc creator/import/gnu/arm/4.9.3/bin/../lib/gcc/arm-none-eabi/4.9.3/../../../../arm-none-eabi/lib/armv6-m\libg_nano.a(lib_a-memset.o)
 .ARM.attributes
                0x00000416       0x2c c:/program files (x86)/cypress/psoc creator/3.3/psoc creator/import/gnu/arm/4.9.3/bin/../lib/gcc/arm-none-eabi/4.9.3/armv6-m/crtend.o
 .ARM.attributes
                0x00000442       0x1e c:/program files (x86)/cypress/psoc creator/3.3/psoc creator/import/gnu/arm/4.9.3/bin/../lib/gcc/arm-none-eabi/4.9.3/armv6-m/crtn.o

/DISCARD/
 *(.note.GNU-stack)
OUTPUT(.\CortexM0\ARM_GCC_493\Debug\SCB_I2cCommSlave01.elf elf32-littlearm)
